BUILD START manny
BUILD DONE 1632
BOUNDS DONE manny
PAIR TABLE DONE 171189
ASSOCIATED manny neutral/000 0 queries 2459
ASSOCIATED manny neutral/001 0 queries 3422
ASSOCIATED manny neutral/002 0 queries 4416
ASSOCIATED manny neutral/003 0 queries 5493
ASSOCIATED manny neutral/004 0 queries 6637
ASSOCIATED manny neutral/005 0 queries 7784
ASSOCIATED manny neutral/006 0 queries 8971
ASSOCIATED manny neutral/007 0 queries 10153
ASSOCIATED manny arms_forward/000 0 queries 10153
ASSOCIATED manny arms_forward/001 0 queries 11041
ASSOCIATED manny arms_forward/002 0 queries 11705
ASSOCIATED manny arms_forward/003 0 queries 12790
ASSOCIATED manny arms_forward/004 0 queries 13617
ASSOCIATED manny arms_forward/005 0 queries 14819
ASSOCIATED manny arms_forward/006 0 queries 15671
ASSOCIATED manny arms_forward/007 0 queries 16893
ASSOCIATED manny arms_forward/008 0 queries 17746
ASSOCIATED manny arms_forward/009 0 queries 18969
ASSOCIATED manny arms_forward/010 0 queries 19776
ASSOCIATED manny arms_forward/011 0 queries 20978
ASSOCIATED manny arms_forward/012 0 queries 21773
ASSOCIATED manny arms_forward/013 0 queries 22977
ASSOCIATED manny arms_forward/014 0 queries 23774
ASSOCIATED manny arms_overhead/000 0 queries 23774
ASSOCIATED manny arms_overhead/001 0 queries 24837
ASSOCIATED manny arms_overhead/002 0 queries 26037
ASSOCIATED manny arms_overhead/003 0 queries 27360
ASSOCIATED manny arms_overhead/004 0 queries 28768
ASSOCIATED manny arms_overhead/005 0 queries 30290
ASSOCIATED manny arms_overhead/006 0 queries 31888
ASSOCIATED manny arms_overhead/007 0 queries 33543
ASSOCIATED manny arms_overhead/008 0 queries 35206
ASSOCIATED manny arms_overhead/009 0 queries 36868
ASSOCIATED manny arms_overhead/010 0 queries 38518
ASSOCIATED manny arms_overhead/011 0 queries 40157
ASSOCIATED manny arms_overhead/012 0 queries 41769
ASSOCIATED manny arms_overhead/013 0 queries 43368
ASSOCIATED manny arms_overhead/014 0 queries 44961
ASSOCIATED manny arms_overhead/015 0 queries 46548
ASSOCIATED manny arms_overhead/016 0 queries 48116
ASSOCIATED manny arms_overhead/017 0 queries 49683
ASSOCIATED manny arms_overhead/018 0 queries 51260
ASSOCIATED manny arms_overhead/019 0 queries 52845
ASSOCIATED manny arms_overhead/020 0 queries 54441
ASSOCIATED manny arms_overhead/021 0 queries 56048
ASSOCIATED manny arms_overhead/022 0 queries 57662
ASSOCIATED manny arms_overhead/023 0 queries 59322
ASSOCIATED manny arms_overhead/024 0 queries 60977
ASSOCIATED manny arms_overhead/025 0 queries 62652
ASSOCIATED manny arms_overhead/026 0 queries 64341
ASSOCIATED manny arms_overhead/027 0 queries 66045
ASSOCIATED manny arms_overhead/028 0 queries 67739
ASSOCIATED manny arms_overhead/029 0 queries 69425
ASSOCIATED manny arms_overhead/030 0 queries 71115
ASSOCIATED manny arms_overhead/031 0 queries 72796
ASSOCIATED manny arms_overhead/032 0 queries 74485
ASSOCIATED manny arms_overhead/033 0 queries 76177
ASSOCIATED manny arms_overhead/034 0 queries 77870
ASSOCIATED manny arms_overhead/035 0 queries 79544
ASSOCIATED manny arms_overhead/036 0 queries 81185
ASSOCIATED manny arms_overhead/037 0 queries 82387
ASSOCIATED manny arms_side/000 0 queries 82387
ASSOCIATED manny arms_side/001 0 queries 82899
ASSOCIATED manny arms_side/002 0 queries 83469
ASSOCIATED manny arms_side/003 0 queries 84101
ASSOCIATED manny arms_side/004 0 queries 84795
ASSOCIATED manny arms_side/005 0 queries 85546
ASSOCIATED manny arms_side/006 0 queries 86331
ASSOCIATED manny arms_side/007 0 queries 87137
ASSOCIATED manny arms_side/008 0 queries 87951
ASSOCIATED manny arms_side/009 0 queries 88795
ASSOCIATED manny arms_side/010 0 queries 89621
ASSOCIATED manny arms_side/011 0 queries 90440
ASSOCIATED manny arms_side/012 0 queries 91248
ASSOCIATED manny arms_side/013 0 queries 92053
ASSOCIATED manny arms_side/014 0 queries 92842
ASSOCIATED manny hands_on_hips/000 0 queries 92842
ASSOCIATED manny hands_on_hips/001 0 queries 93774
ASSOCIATED manny hands_on_hips/002 0 queries 94735
ASSOCIATED manny hands_on_hips/003 0 queries 95707
ASSOCIATED manny hands_on_hips/004 0 queries 96701
ASSOCIATED manny hands_on_hips/005 0 queries 97725
ASSOCIATED manny hands_on_hips/006 0 queries 98779
ASSOCIATED manny hands_on_hips/007 0 queries 99862
ASSOCIATED manny hands_on_hips/008 0 queries 100972
ASSOCIATED manny hands_on_hips/009 0 queries 102106
ASSOCIATED manny hands_on_hips/010 0 queries 103255
ASSOCIATED manny hands_on_hips/011 0 queries 104032
ASSOCIATED manny hands_on_hips/012 0 queries 105197
ASSOCIATED manny hands_on_hips/013 0 queries 106375
ASSOCIATED manny hands_on_hips/014 0 queries 107553
ASSOCIATED manny hands_on_hips/015 0 queries 108734
ASSOCIATED manny hands_on_hips/016 0 queries 109925
ASSOCIATED manny hands_on_hips/017 0 queries 111136
ASSOCIATED manny hands_on_hips/018 0 queries 112364
ASSOCIATED manny hands_on_hips/019 0 queries 113633
ASSOCIATED manny hands_on_hips/020 0 queries 114924
ASSOCIATED manny hands_on_hips/021 0 queries 116260
ASSOCIATED manny hands_on_hips/022 0 queries 117236
ASSOCIATED manny arms_crossed/000 0 queries 117236
ASSOCIATED manny arms_crossed/001 0 queries 118237
ASSOCIATED manny arms_crossed/002 0 queries 119315
ASSOCIATED manny arms_crossed/003 0 queries 120466
ASSOCIATED manny arms_crossed/004 0 queries 121674
ASSOCIATED manny arms_crossed/005 0 queries 122951
ASSOCIATED manny arms_crossed/006 0 queries 124289
ASSOCIATED manny arms_crossed/007 0 queries 125686
ASSOCIATED manny arms_crossed/008 0 queries 127110
ASSOCIATED manny arms_crossed/009 0 queries 128532
ASSOCIATED manny arms_crossed/010 0 queries 129985
ASSOCIATED manny arms_crossed/011 0 queries 131446
ASSOCIATED manny arms_crossed/012 0 queries 132946
ASSOCIATED manny arms_crossed/013 0 queries 134455
ASSOCIATED manny arms_crossed/014 0 queries 135986
ASSOCIATED manny arms_crossed/015 0 queries 137537
ASSOCIATED manny arms_crossed/016 0 queries 139106
ASSOCIATED manny arms_crossed/017 0 queries 140700
ASSOCIATED manny arms_crossed/018 0 queries 142313
ASSOCIATED manny arms_crossed/019 0 queries 143943
ASSOCIATED manny arms_crossed/020 0 queries 145600
ASSOCIATED manny arms_crossed/021 0 queries 147272
ASSOCIATED manny arms_crossed/022 0 queries 148943
ASSOCIATED manny arms_crossed/023 0 queries 150545
ASSOCIATED manny forehead/000 0 queries 150545
ASSOCIATED manny forehead/001 0 queries 151538
ASSOCIATED manny forehead/002 0 queries 152602
ASSOCIATED manny forehead/003 0 queries 153748
ASSOCIATED manny forehead/004 0 queries 154966
ASSOCIATED manny forehead/005 0 queries 156232
ASSOCIATED manny forehead/006 0 queries 157555
ASSOCIATED manny forehead/007 0 queries 158930
ASSOCIATED manny forehead/008 0 queries 160344
ASSOCIATED manny forehead/009 0 queries 161772
ASSOCIATED manny forehead/010 0 queries 163202
ASSOCIATED manny forehead/011 0 queries 164632
ASSOCIATED manny forehead/012 0 queries 166066
ASSOCIATED manny forehead/013 0 queries 167478
ASSOCIATED manny forehead/014 0 queries 168899
ASSOCIATED manny forehead/015 0 queries 170340
ASSOCIATED manny forehead/016 0 queries 171793
ASSOCIATED manny forehead/017 0 queries 173251
ASSOCIATED manny forehead/018 0 queries 174725
ASSOCIATED manny forehead/019 0 queries 175822
ASSOCIATED manny forehead/020 0 queries 177323
ASSOCIATED manny forehead/021 0 queries 178842
ASSOCIATED manny forehead/022 0 queries 180369
ASSOCIATED manny forehead/023 0 queries 181897
ASSOCIATED manny forehead/024 0 queries 183421
ASSOCIATED manny forehead/025 0 queries 184925
ASSOCIATED manny forehead/026 0 queries 186412
ASSOCIATED manny forehead/027 0 queries 187900
ASSOCIATED manny forehead/028 0 queries 189384
ASSOCIATED manny forehead/029 0 queries 190876
ASSOCIATED manny forehead/030 0 queries 192376
ASSOCIATED manny forehead/031 0 queries 193881
ASSOCIATED manny forehead/032 0 queries 195395
ASSOCIATED manny forehead/033 0 queries 196942
ASSOCIATED manny forehead/034 0 queries 198509
ASSOCIATED manny forehead/035 0 queries 200100
ASSOCIATED manny forehead/036 0 queries 201697
ASSOCIATED manny forehead/037 0 queries 203283
ASSOCIATED manny forehead/038 0 queries 203924
ASSOCIATED manny sitting/000 0 queries 203924
ASSOCIATED manny sitting/001 0 queries 205056
ASSOCIATED manny sitting/002 0 queries 206421
ASSOCIATED manny sitting/003 0 queries 207927
ASSOCIATED manny sitting/004 0 queries 209587
ASSOCIATED manny sitting/005 0 queries 211333
ASSOCIATED manny sitting/006 0 queries 213140
ASSOCIATED manny sitting/007 0 queries 215027
ASSOCIATED manny sitting/008 0 queries 216969
ASSOCIATED manny sitting/009 0 queries 218616
ASSOCIATED manny sitting/010 0 queries 220569
ASSOCIATED manny sitting/011 0 queries 222520
ASSOCIATED manny sitting/012 0 queries 224438
ASSOCIATED manny sitting/013 0 queries 226365
ASSOCIATED manny sitting/014 0 queries 228274
ASSOCIATED manny sitting/015 0 queries 230123
ASSOCIATED manny sitting/016 0 queries 231944
ASSOCIATED manny sitting/017 0 queries 233736
ASSOCIATED manny sitting/018 0 queries 234791
ASSOCIATED manny crouch/000 0 queries 234791
ASSOCIATED manny crouch/001 0 queries 235896
ASSOCIATED manny crouch/002 0 queries 237182
ASSOCIATED manny crouch/003 0 queries 238111
ASSOCIATED manny crouch/004 0 queries 239653
ASSOCIATED manny crouch/005 0 queries 241328
ASSOCIATED manny crouch/006 0 queries 242300
ASSOCIATED manny crouch/007 0 queries 244131
ASSOCIATED manny crouch/008 0 queries 245976
ASSOCIATED manny crouch/009 0 queries 247314
ASSOCIATED manny crouch/010 0 queries 249260
ASSOCIATED manny crouch/011 0 queries 251211
ASSOCIATED manny crouch/012 0 queries 252254
ASSOCIATED manny crouch/013 0 queries 254185
ASSOCIATED manny crouch/014 0 queries 256112
ASSOCIATED manny crouch/015 0 queries 257420
ASSOCIATED manny crouch/016 0 queries 259394
ASSOCIATED manny crouch/017 0 queries 261337
ASSOCIATED manny crouch/018 0 queries 262377
ASSOCIATED manny crouch/019 0 queries 264447
ASSOCIATED manny crouch/020 0 queries 266582
ASSOCIATED manny crouch/021 0 queries 268137
ASSOCIATED manny crouch/022 0 queries 270443
ASSOCIATED manny crouch/023 0 queries 272786
ASSOCIATED manny crouch/024 0 queries 274485
ASSOCIATED manny crouch/025 0 queries 276862
ASSOCIATED manny crouch/026 0 queries 279218
ASSOCIATED manny crouch/027 0 queries 280877
ASSOCIATED manny head_tilt/000 0 queries 280877
ASSOCIATED manny head_tilt/001 0 queries 281814
ASSOCIATED manny head_tilt/002 0 queries 282831
ASSOCIATED manny head_tilt/003 0 queries 283915
ASSOCIATED manny head_tilt/004 0 queries 285081
ASSOCIATED manny head_tilt/005 0 queries 286319
ASSOCIATED manny head_tilt/006 0 queries 287611
ASSOCIATED manny head_tilt/007 0 queries 288962
ASSOCIATED manny head_tilt/008 0 queries 289348
ASSOCIATED manny head_tilt/009 0 queries 290768
ASSOCIATED manny head_tilt/010 0 queries 292203
ASSOCIATED manny head_tilt/011 0 queries 293630
ASSOCIATED manny head_tilt/012 0 queries 295074
ASSOCIATED manny head_tilt/013 0 queries 296513
ASSOCIATED manny head_tilt/014 0 queries 297936
ASSOCIATED manny head_tilt/015 0 queries 299357
ASSOCIATED manny head_tilt/016 0 queries 299644
ASSOCIATED manny hip_abduction/000 0 queries 299644
ASSOCIATED manny hip_abduction/001 0 queries 300531
ASSOCIATED manny hip_abduction/002 0 queries 301580
ASSOCIATED manny hip_abduction/003 0 queries 302750
ASSOCIATED manny hip_abduction/004 0 queries 304005
ASSOCIATED manny hip_abduction/005 0 queries 304696
ASSOCIATED manny hip_abduction/006 0 queries 306087
ASSOCIATED manny hip_abduction/007 0 queries 307519
ASSOCIATED manny hip_abduction/008 0 queries 308972
ASSOCIATED manny hip_abduction/009 0 queries 310398
ASSOCIATED manny hip_abduction/010 0 queries 311143
ASSOCIATED manny palms_turn/000 0 queries 311143
ASSOCIATED manny palms_turn/001 0 queries 311676
ASSOCIATED manny palms_turn/002 0 queries 312241
ASSOCIATED manny palms_turn/003 0 queries 312848
ASSOCIATED manny palms_turn/004 0 queries 313489
ASSOCIATED manny palms_turn/005 0 queries 314162
ASSOCIATED manny palms_turn/006 0 queries 314886
ASSOCIATED manny palms_turn/007 0 queries 315652
ASSOCIATED manny palms_turn/008 0 queries 316471
ASSOCIATED manny palms_turn/009 0 queries 316928
ASSOCIATED manny palms_turn/010 0 queries 317783
ASSOCIATED manny palms_turn/011 0 queries 318634
ASSOCIATED manny palms_turn/012 0 queries 319469
ASSOCIATED manny palms_turn/013 0 queries 320292
ASSOCIATED manny palms_turn/014 0 queries 321105
ASSOCIATED manny palms_turn/015 0 queries 321891
ASSOCIATED manny palms_turn/016 0 queries 322654
ASSOCIATED manny palms_turn/017 0 queries 323396
ASSOCIATED manny palms_turn/018 0 queries 323690
ASSOCIATED manny hands_low_behind/000 0 queries 323690
ASSOCIATED manny hands_low_behind/001 0 queries 324177
ASSOCIATED manny hands_low_behind/002 0 queries 324731
ASSOCIATED manny hands_low_behind/003 0 queries 325326
ASSOCIATED manny hands_low_behind/004 0 queries 325971
ASSOCIATED manny hands_low_behind/005 0 queries 326653
ASSOCIATED manny hands_low_behind/006 0 queries 327385
ASSOCIATED manny hands_low_behind/007 0 queries 328153
ASSOCIATED manny hands_low_behind/008 0 queries 328947
ASSOCIATED manny hands_low_behind/009 0 queries 329772
ASSOCIATED manny hands_low_behind/010 0 queries 330619
ASSOCIATED manny hands_low_behind/011 0 queries 331520
ASSOCIATED manny one_hand_up_back/000 0 queries 331520
ASSOCIATED manny one_hand_up_back/001 0 queries 332295
ASSOCIATED manny one_hand_up_back/002 0 queries 333108
ASSOCIATED manny one_hand_up_back/003 0 queries 333954
ASSOCIATED manny one_hand_up_back/004 0 queries 334826
ASSOCIATED manny one_hand_up_back/005 0 queries 335718
ASSOCIATED manny one_hand_up_back/006 0 queries 336636
ASSOCIATED manny one_hand_up_back/007 0 queries 337572
ASSOCIATED manny one_hand_up_back/008 0 queries 338534
ASSOCIATED manny one_hand_up_back/009 0 queries 339513
ASSOCIATED manny one_hand_up_back/010 0 queries 340516
ASSOCIATED manny one_hand_up_back/011 0 queries 341552
ASSOCIATED manny one_hand_up_back/012 0 queries 342610
ASSOCIATED manny one_hand_up_back/013 0 queries 343001
ASSOCIATED manny one_hand_up_back/014 0 queries 344123
ASSOCIATED manny one_hand_up_back/015 0 queries 345275
ASSOCIATED manny one_hand_up_back/016 0 queries 346437
ASSOCIATED manny one_hand_up_back/017 0 queries 347599
ASSOCIATED manny one_hand_up_back/018 0 queries 348759
ASSOCIATED manny one_hand_up_back/019 0 queries 349929
ASSOCIATED manny one_hand_up_back/020 0 queries 351088
ASSOCIATED manny one_hand_up_back/021 0 queries 352246
ASSOCIATED manny one_hand_up_back/022 0 queries 353418
ASSOCIATED manny one_hand_up_back/023 0 queries 354607
ASSOCIATED manny one_hand_up_back/024 0 queries 355959
ASSOCIATED manny one_hand_up_back/025 0 queries 357318
ASSOCIATED manny one_hand_up_back/026 0 queries 357913
ASSOCIATED manny touch_back_head/000 0 queries 357913
ASSOCIATED manny touch_back_head/001 0 queries 358933
ASSOCIATED manny touch_back_head/002 0 queries 360055
ASSOCIATED manny touch_back_head/003 0 queries 361030
ASSOCIATED manny touch_back_head/004 0 queries 362327
ASSOCIATED manny touch_back_head/005 0 queries 363099
ASSOCIATED manny touch_back_head/006 0 queries 364271
ASSOCIATED manny touch_back_head/007 0 queries 365743
ASSOCIATED manny touch_back_head/008 0 queries 367221
ASSOCIATED manny touch_back_head/009 0 queries 368391
ASSOCIATED manny touch_back_head/010 0 queries 369169
ASSOCIATED manny touch_back_head/011 0 queries 370579
ASSOCIATED manny touch_back_head/012 0 queries 371706
ASSOCIATED manny touch_back_head/013 0 queries 373124
ASSOCIATED manny touch_back_head/014 0 queries 374544
ASSOCIATED manny touch_back_head/015 0 queries 375283
ASSOCIATED manny touch_back_head/016 0 queries 376734
ASSOCIATED manny touch_back_head/017 0 queries 378190
ASSOCIATED manny touch_back_head/018 0 queries 379336
ASSOCIATED manny touch_back_head/019 0 queries 380832
ASSOCIATED manny touch_back_head/020 0 queries 381628
ASSOCIATED manny touch_back_head/021 0 queries 382842
ASSOCIATED manny touch_back_head/022 0 queries 384403
ASSOCIATED manny touch_back_head/023 0 queries 385969
ASSOCIATED manny touch_back_head/024 0 queries 387209
ASSOCIATED manny touch_back_head/025 0 queries 388022
ASSOCIATED manny touch_back_head/026 0 queries 389586
ASSOCIATED manny touch_back_head/027 0 queries 390810
ASSOCIATED manny touch_back_head/028 0 queries 392368
ASSOCIATED manny touch_back_head/029 0 queries 393930
ASSOCIATED manny touch_back_head/030 0 queries 394408
ASSOCIATED manny kneeling/000 0 queries 394408
ASSOCIATED manny kneeling/001 0 queries 394971
ASSOCIATED manny kneeling/002 0 queries 395556
ASSOCIATED manny kneeling/003 0 queries 396161
ASSOCIATED manny kneeling/004 0 queries 396789
ASSOCIATED manny kneeling/005 0 queries 397428
ASSOCIATED manny kneeling/006 0 queries 398095
ASSOCIATED manny kneeling/007 0 queries 398777
ASSOCIATED manny kneeling/008 0 queries 399473
ASSOCIATED manny kneeling/009 0 queries 400176
ASSOCIATED manny kneeling/010 0 queries 400913
ASSOCIATED manny kneeling/011 0 queries 401671
ASSOCIATED manny kneeling/012 0 queries 402455
ASSOCIATED manny kneeling/013 0 queries 402933
ASSOCIATED manny kneeling/014 0 queries 403727
ASSOCIATED manny kneeling/015 0 queries 404534
ASSOCIATED manny kneeling/016 0 queries 405353
ASSOCIATED manny kneeling/017 0 queries 406186
ASSOCIATED manny kneeling/018 0 queries 407032
ASSOCIATED manny kneeling/019 0 queries 407890
ASSOCIATED manny kneeling/020 0 queries 408761
ASSOCIATED manny kneeling/021 0 queries 409639
ASSOCIATED manny kneeling/022 0 queries 410526
ASSOCIATED manny kneeling/023 0 queries 411436
ASSOCIATED manny kneeling/024 0 queries 412350
ASSOCIATED manny kneeling/025 0 queries 413277
ASSOCIATED manny kneeling/026 0 queries 413860
ASSOCIATED manny trunk_bend_twist/000 0 queries 413860
ASSOCIATED manny trunk_bend_twist/001 0 queries 414693
ASSOCIATED manny trunk_bend_twist/002 0 queries 415902
ASSOCIATED manny trunk_bend_twist/003 0 queries 417468
ASSOCIATED manny trunk_bend_twist/004 0 queries 419279
ASSOCIATED manny trunk_bend_twist/005 0 queries 421202
ASSOCIATED manny trunk_bend_twist/006 0 queries 423159
ASSOCIATED manny trunk_bend_twist/007 0 queries 424862
ASSOCIATED manny shoulder_extend_internal/000 0 queries 424862
ASSOCIATED manny shoulder_extend_internal/001 0 queries 425329
ASSOCIATED manny shoulder_extend_internal/002 0 queries 425597
ASSOCIATED manny shoulder_extend_internal/003 0 queries 426154
ASSOCIATED manny shoulder_extend_internal/004 0 queries 426461
ASSOCIATED manny shoulder_extend_internal/005 0 queries 427076
ASSOCIATED manny shoulder_extend_internal/006 0 queries 427429
ASSOCIATED manny shoulder_extend_internal/007 0 queries 427806
ASSOCIATED manny shoulder_extend_internal/008 0 queries 428206
ASSOCIATED manny shoulder_extend_internal/009 0 queries 428948
ASSOCIATED manny shoulder_extend_internal/010 0 queries 429370
ASSOCIATED manny shoulder_extend_internal/011 0 queries 430143
ASSOCIATED manny shoulder_extend_internal/012 0 queries 430585
ASSOCIATED manny shoulder_extend_internal/013 0 queries 431384
ASSOCIATED manny shoulder_extend_internal/014 0 queries 431847
ASSOCIATED manny legs_together/000 0 queries 431847
ASSOCIATED manny legs_together/001 0 queries 431847
ASSOCIATED manny legs_together/002 0 queries 431847
ASSOCIATED manny legs_together/003 0 queries 431847
ASSOCIATED manny legs_together/004 0 queries 431847
ASSOCIATED manny legs_together/005 0 queries 431847
ASSOCIATED manny legs_together/006 0 queries 431847
ASSOCIATED manny legs_together/007 0 queries 431847
ASSOCIATED manny legs_crossed/000 0 queries 431847
ASSOCIATED manny legs_crossed/001 0 queries 432213
ASSOCIATED manny legs_crossed/002 0 queries 432609
ASSOCIATED manny legs_crossed/003 0 queries 433038
ASSOCIATED manny legs_crossed/004 0 queries 433502
ASSOCIATED manny legs_crossed/005 0 queries 433992
ASSOCIATED manny legs_crossed/006 0 queries 434511
ASSOCIATED manny legs_crossed/007 0 queries 435055
ASSOCIATED manny left_side_lying/000 0 queries 435055
ASSOCIATED manny left_side_lying/001 0 queries 435055
ASSOCIATED manny left_side_lying/002 0 queries 435055
ASSOCIATED manny left_side_lying/003 0 queries 435055
ASSOCIATED manny left_side_lying/004 0 queries 435055
ASSOCIATED manny left_side_lying/005 0 queries 435055
ASSOCIATED manny left_side_lying/006 0 queries 435055
ASSOCIATED manny left_side_lying/007 0 queries 435055
ASSOCIATED manny right_side_lying/000 0 queries 435055
ASSOCIATED manny right_side_lying/001 0 queries 435055
ASSOCIATED manny right_side_lying/002 0 queries 435055
ASSOCIATED manny right_side_lying/003 0 queries 435055
ASSOCIATED manny right_side_lying/004 0 queries 435055
ASSOCIATED manny right_side_lying/005 0 queries 435055
ASSOCIATED manny right_side_lying/006 0 queries 435055
ASSOCIATED manny right_side_lying/007 0 queries 435055
ASSOCIATED manny prone/000 0 queries 435055
ASSOCIATED manny prone/001 0 queries 435055
ASSOCIATED manny prone/002 0 queries 435055
ASSOCIATED manny prone/003 0 queries 435055
ASSOCIATED manny prone/004 0 queries 435055
ASSOCIATED manny prone/005 0 queries 435055
ASSOCIATED manny prone/006 0 queries 435055
ASSOCIATED manny prone/007 0 queries 435055
