ASSOCIATED quinn neutral/000 0 queries 2482
ASSOCIATED quinn neutral/001 0 queries 3450
ASSOCIATED quinn neutral/002 0 queries 4452
ASSOCIATED quinn neutral/003 0 queries 5553
ASSOCIATED quinn neutral/004 0 queries 6706
ASSOCIATED quinn neutral/005 0 queries 7870
ASSOCIATED quinn neutral/006 0 queries 9067
ASSOCIATED quinn neutral/007 0 queries 10258
ASSOCIATED quinn arms_forward/000 0 queries 10258
ASSOCIATED quinn arms_forward/001 0 queries 11155
ASSOCIATED quinn arms_forward/002 0 queries 11834
ASSOCIATED quinn arms_forward/003 0 queries 12939
ASSOCIATED quinn arms_forward/004 0 queries 13787
ASSOCIATED quinn arms_forward/005 0 queries 15023
ASSOCIATED quinn arms_forward/006 0 queries 15894
ASSOCIATED quinn arms_forward/007 0 queries 17137
ASSOCIATED quinn arms_forward/008 0 queries 18006
ASSOCIATED quinn arms_forward/009 0 queries 19251
ASSOCIATED quinn arms_forward/010 0 queries 20088
ASSOCIATED quinn arms_forward/011 0 queries 21320
ASSOCIATED quinn arms_forward/012 0 queries 22144
ASSOCIATED quinn arms_forward/013 0 queries 23390
ASSOCIATED quinn arms_forward/014 0 queries 24238
ASSOCIATED quinn arms_overhead/000 0 queries 24238
ASSOCIATED quinn arms_overhead/001 0 queries 25310
ASSOCIATED quinn arms_overhead/002 0 queries 26521
ASSOCIATED quinn arms_overhead/003 0 queries 27857
ASSOCIATED quinn arms_overhead/004 0 queries 29271
ASSOCIATED quinn arms_overhead/005 0 queries 30809
ASSOCIATED quinn arms_overhead/006 0 queries 32429
ASSOCIATED quinn arms_overhead/007 0 queries 34103
ASSOCIATED quinn arms_overhead/008 0 queries 35783
ASSOCIATED quinn arms_overhead/009 0 queries 37475
ASSOCIATED quinn arms_overhead/010 0 queries 39142
ASSOCIATED quinn arms_overhead/011 0 queries 40813
ASSOCIATED quinn arms_overhead/012 0 queries 42449
ASSOCIATED quinn arms_overhead/013 0 queries 44069
ASSOCIATED quinn arms_overhead/014 0 queries 45678
ASSOCIATED quinn arms_overhead/015 0 queries 47276
ASSOCIATED quinn arms_overhead/016 0 queries 48851
ASSOCIATED quinn arms_overhead/017 0 queries 50423
ASSOCIATED quinn arms_overhead/018 0 queries 52011
ASSOCIATED quinn arms_overhead/019 0 queries 53605
ASSOCIATED quinn arms_overhead/020 0 queries 55214
ASSOCIATED quinn arms_overhead/021 0 queries 56836
ASSOCIATED quinn arms_overhead/022 0 queries 58461
ASSOCIATED quinn arms_overhead/023 0 queries 60139
ASSOCIATED quinn arms_overhead/024 0 queries 61817
ASSOCIATED quinn arms_overhead/025 0 queries 63521
ASSOCIATED quinn arms_overhead/026 0 queries 65237
ASSOCIATED quinn arms_overhead/027 0 queries 66959
ASSOCIATED quinn arms_overhead/028 0 queries 68677
ASSOCIATED quinn arms_overhead/029 0 queries 70383
ASSOCIATED quinn arms_overhead/030 0 queries 72091
ASSOCIATED quinn arms_overhead/031 0 queries 73795
ASSOCIATED quinn arms_overhead/032 0 queries 75507
ASSOCIATED quinn arms_overhead/033 0 queries 77233
ASSOCIATED quinn arms_overhead/034 0 queries 78958
ASSOCIATED quinn arms_overhead/035 0 queries 80661
ASSOCIATED quinn arms_overhead/036 0 queries 82336
ASSOCIATED quinn arms_overhead/037 0 queries 83562
ASSOCIATED quinn arms_side/000 0 queries 83562
ASSOCIATED quinn arms_side/001 0 queries 84077
ASSOCIATED quinn arms_side/002 0 queries 84654
ASSOCIATED quinn arms_side/003 0 queries 85289
ASSOCIATED quinn arms_side/004 0 queries 85986
ASSOCIATED quinn arms_side/005 0 queries 86744
ASSOCIATED quinn arms_side/006 0 queries 87535
ASSOCIATED quinn arms_side/007 0 queries 88351
ASSOCIATED quinn arms_side/008 0 queries 89179
ASSOCIATED quinn arms_side/009 0 queries 90028
ASSOCIATED quinn arms_side/010 0 queries 90868
ASSOCIATED quinn arms_side/011 0 queries 91701
ASSOCIATED quinn arms_side/012 0 queries 92520
ASSOCIATED quinn arms_side/013 0 queries 93340
ASSOCIATED quinn arms_side/014 0 queries 94142
ASSOCIATED quinn hands_on_hips/000 0 queries 94142
ASSOCIATED quinn hands_on_hips/001 0 queries 95086
ASSOCIATED quinn hands_on_hips/002 0 queries 96060
ASSOCIATED quinn hands_on_hips/003 0 queries 97042
ASSOCIATED quinn hands_on_hips/004 0 queries 98047
ASSOCIATED quinn hands_on_hips/005 0 queries 99091
ASSOCIATED quinn hands_on_hips/006 0 queries 100163
ASSOCIATED quinn hands_on_hips/007 0 queries 101261
ASSOCIATED quinn hands_on_hips/008 0 queries 102386
ASSOCIATED quinn hands_on_hips/009 0 queries 103535
ASSOCIATED quinn hands_on_hips/010 0 queries 104701
ASSOCIATED quinn hands_on_hips/011 0 queries 105495
