ASSOCIATED quinn neutral/000 0
ASSOCIATED quinn neutral/001 0
ASSOCIATED quinn neutral/002 0
ASSOCIATED quinn neutral/003 0
ASSOCIATED quinn neutral/004 0
ASSOCIATED quinn neutral/005 0
ASSOCIATED quinn neutral/006 0
ASSOCIATED quinn neutral/007 0
ASSOCIATED quinn arms_forward/000 0
ASSOCIATED quinn arms_forward/001 0
ASSOCIATED quinn arms_forward/002 0
ASSOCIATED quinn arms_forward/003 0
ASSOCIATED quinn arms_forward/004 0
ASSOCIATED quinn arms_forward/005 0
ASSOCIATED quinn arms_forward/006 0
ASSOCIATED quinn arms_forward/007 0
ASSOCIATED quinn arms_forward/008 0
ASSOCIATED quinn arms_forward/009 0
ASSOCIATED quinn arms_forward/010 0
ASSOCIATED quinn arms_forward/011 0
ASSOCIATED quinn arms_forward/012 0
ASSOCIATED quinn arms_forward/013 0
ASSOCIATED quinn arms_forward/014 0
ASSOCIATED quinn arms_overhead/000 0
ASSOCIATED quinn arms_overhead/001 0
ASSOCIATED quinn arms_overhead/002 0
ASSOCIATED quinn arms_overhead/003 0
ASSOCIATED quinn arms_overhead/004 0
ASSOCIATED quinn arms_overhead/005 0
ASSOCIATED quinn arms_overhead/006 0
ASSOCIATED quinn arms_overhead/007 0
ASSOCIATED quinn arms_overhead/008 0
ASSOCIATED quinn arms_overhead/009 0
ASSOCIATED quinn arms_overhead/010 0
ASSOCIATED quinn arms_overhead/011 0
ASSOCIATED quinn arms_overhead/012 0
ASSOCIATED quinn arms_overhead/013 0
ASSOCIATED quinn arms_overhead/014 0
ASSOCIATED quinn arms_overhead/015 0
ASSOCIATED quinn arms_overhead/016 0
ASSOCIATED quinn arms_overhead/017 0
ASSOCIATED quinn arms_overhead/018 0
ASSOCIATED quinn arms_overhead/019 0
ASSOCIATED quinn arms_overhead/020 0
ASSOCIATED quinn arms_overhead/021 0
ASSOCIATED quinn arms_overhead/022 0
ASSOCIATED quinn arms_overhead/023 0
ASSOCIATED quinn arms_overhead/024 0
ASSOCIATED quinn arms_overhead/025 0
ASSOCIATED quinn arms_overhead/026 0
ASSOCIATED quinn arms_overhead/027 0
ASSOCIATED quinn arms_overhead/028 0
ASSOCIATED quinn arms_overhead/029 0
ASSOCIATED quinn arms_overhead/030 0
ASSOCIATED quinn arms_overhead/031 0
ASSOCIATED quinn arms_overhead/032 0
ASSOCIATED quinn arms_overhead/033 0
ASSOCIATED quinn arms_overhead/034 0
ASSOCIATED quinn arms_overhead/035 0
ASSOCIATED quinn arms_overhead/036 0
ASSOCIATED quinn arms_overhead/037 0
ASSOCIATED quinn arms_side/000 0
ASSOCIATED quinn arms_side/001 0
ASSOCIATED quinn arms_side/002 0
ASSOCIATED quinn arms_side/003 0
ASSOCIATED quinn arms_side/004 0
ASSOCIATED quinn arms_side/005 0
ASSOCIATED quinn arms_side/006 0
ASSOCIATED quinn arms_side/007 0
ASSOCIATED quinn arms_side/008 0
ASSOCIATED quinn arms_side/009 0
ASSOCIATED quinn arms_side/010 0
ASSOCIATED quinn arms_side/011 0
ASSOCIATED quinn arms_side/012 0
ASSOCIATED quinn arms_side/013 0
ASSOCIATED quinn arms_side/014 0
ASSOCIATED quinn hands_on_hips/000 0
ASSOCIATED quinn hands_on_hips/001 0
ASSOCIATED quinn hands_on_hips/002 0
ASSOCIATED quinn hands_on_hips/003 0
ASSOCIATED quinn hands_on_hips/004 0
ASSOCIATED quinn hands_on_hips/005 0
ASSOCIATED quinn hands_on_hips/006 0
ASSOCIATED quinn hands_on_hips/007 0
ASSOCIATED quinn hands_on_hips/008 0
ASSOCIATED quinn hands_on_hips/009 0
ASSOCIATED quinn hands_on_hips/010 0
ASSOCIATED quinn hands_on_hips/011 0
ASSOCIATED quinn hands_on_hips/012 0
ASSOCIATED quinn hands_on_hips/013 0
ASSOCIATED quinn hands_on_hips/014 0
ASSOCIATED quinn hands_on_hips/015 0
ASSOCIATED quinn hands_on_hips/016 0
ASSOCIATED quinn hands_on_hips/017 0
ASSOCIATED quinn hands_on_hips/018 0
ASSOCIATED quinn hands_on_hips/019 0
ASSOCIATED quinn hands_on_hips/020 0
ASSOCIATED quinn hands_on_hips/021 0
ASSOCIATED quinn hands_on_hips/022 0
ASSOCIATED quinn arms_crossed/000 0
ASSOCIATED quinn arms_crossed/001 0
ASSOCIATED quinn arms_crossed/002 0
ASSOCIATED quinn arms_crossed/003 0
ASSOCIATED quinn arms_crossed/004 0
ASSOCIATED quinn arms_crossed/005 0
ASSOCIATED quinn arms_crossed/006 0
ASSOCIATED quinn arms_crossed/007 0
ASSOCIATED quinn arms_crossed/008 0
ASSOCIATED quinn arms_crossed/009 0
ASSOCIATED quinn arms_crossed/010 0
ASSOCIATED quinn arms_crossed/011 0
ASSOCIATED quinn arms_crossed/012 0
ASSOCIATED quinn arms_crossed/013 0
ASSOCIATED quinn arms_crossed/014 0
ASSOCIATED quinn arms_crossed/015 0
ASSOCIATED quinn arms_crossed/016 0
ASSOCIATED quinn arms_crossed/017 0
ASSOCIATED quinn arms_crossed/018 0
ASSOCIATED quinn arms_crossed/019 0
ASSOCIATED quinn arms_crossed/020 0
ASSOCIATED quinn arms_crossed/021 0
ASSOCIATED quinn arms_crossed/022 0
ASSOCIATED quinn arms_crossed/023 0
ASSOCIATED quinn forehead/000 0
ASSOCIATED quinn forehead/001 0
ASSOCIATED quinn forehead/002 0
ASSOCIATED quinn forehead/003 0
ASSOCIATED quinn forehead/004 0
ASSOCIATED quinn forehead/005 0
ASSOCIATED quinn forehead/006 0
ASSOCIATED quinn forehead/007 0
ASSOCIATED quinn forehead/008 0
ASSOCIATED quinn forehead/009 0
ASSOCIATED quinn forehead/010 0
ASSOCIATED quinn forehead/011 0
ASSOCIATED quinn forehead/012 0
ASSOCIATED quinn forehead/013 0
ASSOCIATED quinn forehead/014 0
ASSOCIATED quinn forehead/015 0
ASSOCIATED quinn forehead/016 0
ASSOCIATED quinn forehead/017 0
ASSOCIATED quinn forehead/018 0
ASSOCIATED quinn forehead/019 0
ASSOCIATED quinn forehead/020 0
ASSOCIATED quinn forehead/021 0
ASSOCIATED quinn forehead/022 0
ASSOCIATED quinn forehead/023 0
ASSOCIATED quinn forehead/024 0
ASSOCIATED quinn forehead/025 0
ASSOCIATED quinn forehead/026 0
ASSOCIATED quinn forehead/027 0
ASSOCIATED quinn forehead/028 0
ASSOCIATED quinn forehead/029 0
ASSOCIATED quinn forehead/030 0
ASSOCIATED quinn forehead/031 0
ASSOCIATED quinn forehead/032 0
ASSOCIATED quinn forehead/033 0
ASSOCIATED quinn forehead/034 0
ASSOCIATED quinn forehead/035 0
ASSOCIATED quinn forehead/036 0
ASSOCIATED quinn forehead/037 0
ASSOCIATED quinn forehead/038 0
ASSOCIATED quinn sitting/000 0
ASSOCIATED quinn sitting/001 0
ASSOCIATED quinn sitting/002 0
ASSOCIATED quinn sitting/003 0
ASSOCIATED quinn sitting/004 0
ASSOCIATED quinn sitting/005 0
ASSOCIATED quinn sitting/006 0
ASSOCIATED quinn sitting/007 0
ASSOCIATED quinn sitting/008 0
ASSOCIATED quinn sitting/009 0
ASSOCIATED quinn sitting/010 0
ASSOCIATED quinn sitting/011 0
ASSOCIATED quinn sitting/012 0
ASSOCIATED quinn sitting/013 0
ASSOCIATED quinn sitting/014 0
ASSOCIATED quinn sitting/015 0
ASSOCIATED quinn sitting/016 0
ASSOCIATED quinn sitting/017 0
ASSOCIATED quinn sitting/018 0
ASSOCIATED quinn crouch/000 0
ASSOCIATED quinn crouch/001 0
ASSOCIATED quinn crouch/002 0
ASSOCIATED quinn crouch/003 0
ASSOCIATED quinn crouch/004 0
ASSOCIATED quinn crouch/005 0
ASSOCIATED quinn crouch/006 0
ASSOCIATED quinn crouch/007 0
ASSOCIATED quinn crouch/008 0
ASSOCIATED quinn crouch/009 0
ASSOCIATED quinn crouch/010 0
ASSOCIATED quinn crouch/011 0
ASSOCIATED quinn crouch/012 0
ASSOCIATED quinn crouch/013 0
ASSOCIATED quinn crouch/014 0
ASSOCIATED quinn crouch/015 0
ASSOCIATED quinn crouch/016 0
ASSOCIATED quinn crouch/017 0
ASSOCIATED quinn crouch/018 0
ASSOCIATED quinn crouch/019 0
ASSOCIATED quinn crouch/020 0
ASSOCIATED quinn crouch/021 0
ASSOCIATED quinn crouch/022 0
ASSOCIATED quinn crouch/023 0
ASSOCIATED quinn crouch/024 0
ASSOCIATED quinn crouch/025 0
ASSOCIATED quinn crouch/026 0
ASSOCIATED quinn crouch/027 0
ASSOCIATED quinn head_tilt/000 0
ASSOCIATED quinn head_tilt/001 0
ASSOCIATED quinn head_tilt/002 0
ASSOCIATED quinn head_tilt/003 0
ASSOCIATED quinn head_tilt/004 0
ASSOCIATED quinn head_tilt/005 0
ASSOCIATED quinn head_tilt/006 0
ASSOCIATED quinn head_tilt/007 0
ASSOCIATED quinn head_tilt/008 0
ASSOCIATED quinn head_tilt/009 0
ASSOCIATED quinn head_tilt/010 0
ASSOCIATED quinn head_tilt/011 0
ASSOCIATED quinn head_tilt/012 0
ASSOCIATED quinn head_tilt/013 0
ASSOCIATED quinn head_tilt/014 0
ASSOCIATED quinn head_tilt/015 0
ASSOCIATED quinn head_tilt/016 0
