ASSOCIATED quinn assembly 0
ASSOCIATED quinn neutral 0
ASSOCIATED quinn arms_forward 0
ASSOCIATED quinn arms_overhead 0
ASSOCIATED quinn arms_side 0
ASSOCIATED quinn hands_on_hips 0
ASSOCIATED quinn arms_crossed 0
ASSOCIATED quinn forehead 0
ASSOCIATED quinn sitting 0
ASSOCIATED quinn crouch 0
ASSOCIATED quinn head_tilt 0
ASSOCIATED quinn hip_abduction 0
ASSOCIATED quinn palms_turn 0
ASSOCIATED quinn hands_low_behind 0
ASSOCIATED quinn one_hand_up_back 0
ASSOCIATED quinn touch_back_head 0
ASSOCIATED quinn kneeling 0
ASSOCIATED quinn trunk_bend_twist 0
ASSOCIATED quinn shoulder_extend_internal 0
ASSOCIATED quinn legs_crossed 0
ASSOCIATED quinn bilateral_clavicle_1 0
ASSOCIATED quinn bilateral_clavicle_2 0
ASSOCIATED quinn bilateral_clavicle_3 0
ASSOCIATED quinn bilateral_clavicle_4 0
ASSOCIATED quinn bilateral_clavicle_5 0
ASSOCIATED quinn bilateral_clavicle_6 0
ASSOCIATED quinn bilateral_clavicle_7 0
ASSOCIATED quinn waist.yaw.0 0
ASSOCIATED quinn waist.yaw.1 0
ASSOCIATED quinn waist.pitch.0 0
ASSOCIATED quinn waist.pitch.1 0
ASSOCIATED quinn waist.roll.0 0
ASSOCIATED quinn waist.roll.1 0
ASSOCIATED quinn chest.yaw.0 0
ASSOCIATED quinn chest.yaw.1 0
ASSOCIATED quinn chest.pitch.0 0
ASSOCIATED quinn chest.pitch.1 0
ASSOCIATED quinn chest.roll.0 0
ASSOCIATED quinn chest.roll.1 0
ASSOCIATED quinn head.yaw.0 0
ASSOCIATED quinn head.yaw.1 0
ASSOCIATED quinn head.pitch.0 0
ASSOCIATED quinn head.pitch.1 0
ASSOCIATED quinn head.roll.0 0
ASSOCIATED quinn head.roll.1 0
ASSOCIATED quinn clavicle_l.protract.0 0
ASSOCIATED quinn clavicle_l.protract.1 0
ASSOCIATED quinn clavicle_l.elevate.0 0
ASSOCIATED quinn clavicle_l.elevate.1 0
ASSOCIATED quinn upperarm_l.flex.0 0
ASSOCIATED quinn upperarm_l.flex.1 0
ASSOCIATED quinn upperarm_l.abduct.0 0
ASSOCIATED quinn upperarm_l.abduct.1 0
ASSOCIATED quinn upperarm_l.twist.0 0
ASSOCIATED quinn upperarm_l.twist.1 0
ASSOCIATED quinn elbow_l.flex.0 0
ASSOCIATED quinn elbow_l.flex.1 0
ASSOCIATED quinn forearm_l.twist.0 0
ASSOCIATED quinn forearm_l.twist.1 0
ASSOCIATED quinn hand_l.flex.0 0
ASSOCIATED quinn hand_l.flex.1 0
ASSOCIATED quinn hand_l.deviate.0 0
ASSOCIATED quinn hand_l.deviate.1 0
ASSOCIATED quinn thigh_l.flex.0 0
ASSOCIATED quinn thigh_l.flex.1 0
ASSOCIATED quinn thigh_l.abduct.0 0
ASSOCIATED quinn thigh_l.abduct.1 0
ASSOCIATED quinn thigh_l.twist.0 0
ASSOCIATED quinn thigh_l.twist.1 0
ASSOCIATED quinn calf_l.flex.0 0
ASSOCIATED quinn calf_l.flex.1 0
ASSOCIATED quinn foot_l.dorsiflex.0 0
ASSOCIATED quinn foot_l.dorsiflex.1 0
ASSOCIATED quinn foot_l.invert.0 0
ASSOCIATED quinn foot_l.invert.1 0
ASSOCIATED quinn ball_l.flex.0 0
ASSOCIATED quinn ball_l.flex.1 0
ASSOCIATED quinn clavicle_r.protract.0 0
ASSOCIATED quinn clavicle_r.protract.1 0
ASSOCIATED quinn clavicle_r.elevate.0 0
ASSOCIATED quinn clavicle_r.elevate.1 0
ASSOCIATED quinn upperarm_r.flex.0 0
ASSOCIATED quinn upperarm_r.flex.1 0
ASSOCIATED quinn upperarm_r.abduct.0 0
ASSOCIATED quinn upperarm_r.abduct.1 0
ASSOCIATED quinn upperarm_r.twist.0 0
ASSOCIATED quinn upperarm_r.twist.1 0
ASSOCIATED quinn elbow_r.flex.0 0
ASSOCIATED quinn elbow_r.flex.1 0
ASSOCIATED quinn forearm_r.twist.0 0
ASSOCIATED quinn forearm_r.twist.1 0
ASSOCIATED quinn hand_r.flex.0 0
ASSOCIATED quinn hand_r.flex.1 0
ASSOCIATED quinn hand_r.deviate.0 0
ASSOCIATED quinn hand_r.deviate.1 0
ASSOCIATED quinn thigh_r.flex.0 0
ASSOCIATED quinn thigh_r.flex.1 0
ASSOCIATED quinn thigh_r.abduct.0 0
ASSOCIATED quinn thigh_r.abduct.1 0
ASSOCIATED quinn thigh_r.twist.0 0
ASSOCIATED quinn thigh_r.twist.1 0
ASSOCIATED quinn calf_r.flex.0 0
ASSOCIATED quinn calf_r.flex.1 0
ASSOCIATED quinn foot_r.dorsiflex.0 0
ASSOCIATED quinn foot_r.dorsiflex.1 0
ASSOCIATED quinn foot_r.invert.0 0
ASSOCIATED quinn foot_r.invert.1 0
ASSOCIATED quinn ball_r.flex.0 0
ASSOCIATED quinn ball_r.flex.1 0
ASSOCIATED CHARACTER DONE quinn
ASSOCIATED manny assembly 0
ASSOCIATED manny neutral 0
ASSOCIATED manny arms_forward 0
ASSOCIATED manny arms_overhead 0
ASSOCIATED manny arms_side 0
ASSOCIATED manny hands_on_hips 0
ASSOCIATED manny arms_crossed 0
ASSOCIATED manny forehead 0
ASSOCIATED manny sitting 0
ASSOCIATED manny crouch 0
ASSOCIATED manny head_tilt 0
ASSOCIATED manny hip_abduction 0
ASSOCIATED manny palms_turn 0
ASSOCIATED manny hands_low_behind 0
ASSOCIATED manny one_hand_up_back 0
ASSOCIATED manny touch_back_head 0
ASSOCIATED manny kneeling 0
ASSOCIATED manny trunk_bend_twist 0
ASSOCIATED manny shoulder_extend_internal 0
ASSOCIATED manny legs_crossed 0
ASSOCIATED manny bilateral_clavicle_1 0
ASSOCIATED manny bilateral_clavicle_2 0
ASSOCIATED manny bilateral_clavicle_3 0
ASSOCIATED manny bilateral_clavicle_4 0
ASSOCIATED manny bilateral_clavicle_5 0
ASSOCIATED manny bilateral_clavicle_6 0
ASSOCIATED manny bilateral_clavicle_7 0
ASSOCIATED manny waist.yaw.0 0
ASSOCIATED manny waist.yaw.1 0
ASSOCIATED manny waist.pitch.0 0
ASSOCIATED manny waist.pitch.1 0
ASSOCIATED manny waist.roll.0 0
ASSOCIATED manny waist.roll.1 0
ASSOCIATED manny chest.yaw.0 0
ASSOCIATED manny chest.yaw.1 0
ASSOCIATED manny chest.pitch.0 0
ASSOCIATED manny chest.pitch.1 0
ASSOCIATED manny chest.roll.0 0
ASSOCIATED manny chest.roll.1 0
ASSOCIATED manny head.yaw.0 0
ASSOCIATED manny head.yaw.1 0
ASSOCIATED manny head.pitch.0 0
ASSOCIATED manny head.pitch.1 0
ASSOCIATED manny head.roll.0 0
ASSOCIATED manny head.roll.1 0
ASSOCIATED manny clavicle_l.protract.0 0
ASSOCIATED manny clavicle_l.protract.1 0
ASSOCIATED manny clavicle_l.elevate.0 0
ASSOCIATED manny clavicle_l.elevate.1 0
ASSOCIATED manny upperarm_l.flex.0 0
ASSOCIATED manny upperarm_l.flex.1 0
ASSOCIATED manny upperarm_l.abduct.0 0
ASSOCIATED manny upperarm_l.abduct.1 0
ASSOCIATED manny upperarm_l.twist.0 0
ASSOCIATED manny upperarm_l.twist.1 0
ASSOCIATED manny elbow_l.flex.0 0
ASSOCIATED manny elbow_l.flex.1 0
ASSOCIATED manny forearm_l.twist.0 0
ASSOCIATED manny forearm_l.twist.1 0
ASSOCIATED manny hand_l.flex.0 0
ASSOCIATED manny hand_l.flex.1 0
ASSOCIATED manny hand_l.deviate.0 0
ASSOCIATED manny hand_l.deviate.1 0
ASSOCIATED manny thigh_l.flex.0 0
ASSOCIATED manny thigh_l.flex.1 0
ASSOCIATED manny thigh_l.abduct.0 0
ASSOCIATED manny thigh_l.abduct.1 0
ASSOCIATED manny thigh_l.twist.0 0
ASSOCIATED manny thigh_l.twist.1 0
ASSOCIATED manny calf_l.flex.0 0
ASSOCIATED manny calf_l.flex.1 0
ASSOCIATED manny foot_l.dorsiflex.0 0
ASSOCIATED manny foot_l.dorsiflex.1 0
ASSOCIATED manny foot_l.invert.0 0
ASSOCIATED manny foot_l.invert.1 0
ASSOCIATED manny ball_l.flex.0 0
ASSOCIATED manny ball_l.flex.1 0
ASSOCIATED manny clavicle_r.protract.0 0
ASSOCIATED manny clavicle_r.protract.1 0
ASSOCIATED manny clavicle_r.elevate.0 0
ASSOCIATED manny clavicle_r.elevate.1 0
ASSOCIATED manny upperarm_r.flex.0 0
ASSOCIATED manny upperarm_r.flex.1 0
ASSOCIATED manny upperarm_r.abduct.0 0
ASSOCIATED manny upperarm_r.abduct.1 0
ASSOCIATED manny upperarm_r.twist.0 0
ASSOCIATED manny upperarm_r.twist.1 0
ASSOCIATED manny elbow_r.flex.0 0
ASSOCIATED manny elbow_r.flex.1 0
ASSOCIATED manny forearm_r.twist.0 0
ASSOCIATED manny forearm_r.twist.1 0
ASSOCIATED manny hand_r.flex.0 0
ASSOCIATED manny hand_r.flex.1 0
ASSOCIATED manny hand_r.deviate.0 0
ASSOCIATED manny hand_r.deviate.1 0
ASSOCIATED manny thigh_r.flex.0 0
ASSOCIATED manny thigh_r.flex.1 0
ASSOCIATED manny thigh_r.abduct.0 0
ASSOCIATED manny thigh_r.abduct.1 0
ASSOCIATED manny thigh_r.twist.0 0
ASSOCIATED manny thigh_r.twist.1 0
ASSOCIATED manny calf_r.flex.0 0
ASSOCIATED manny calf_r.flex.1 0
ASSOCIATED manny foot_r.dorsiflex.0 0
ASSOCIATED manny foot_r.dorsiflex.1 0
ASSOCIATED manny foot_r.invert.0 0
ASSOCIATED manny foot_r.invert.1 0
ASSOCIATED manny ball_r.flex.0 0
ASSOCIATED manny ball_r.flex.1 0
ASSOCIATED CHARACTER DONE manny
