FITTED AUDIT manny 0 assembly hard 46 queries 1019
FITTED AUDIT manny 1 neutral hard 92 queries 1414
FITTED AUDIT manny 2 arms_forward hard 138 queries 1551
FITTED AUDIT manny 3 arms_overhead hard 184 queries 1811
FITTED AUDIT manny 4 arms_side hard 230 queries 1918
FITTED AUDIT manny 5 hands_on_hips hard 276 queries 2092
FITTED AUDIT manny 6 arms_crossed hard 322 queries 2298
FITTED AUDIT manny 7 forehead hard 368 queries 2431
FITTED AUDIT manny 8 sitting hard 414 queries 2659
FITTED AUDIT manny 9 crouch hard 460 queries 3362
FITTED AUDIT manny 10 head_tilt hard 506 queries 3384
FITTED AUDIT manny 11 hip_abduction hard 552 queries 3645
FITTED AUDIT manny 12 palms_turn hard 598 queries 3700
FITTED AUDIT manny 13 hands_low_behind hard 644 queries 3857
FITTED AUDIT manny 14 one_hand_up_back hard 690 queries 3973
FITTED AUDIT manny 15 touch_back_head hard 736 queries 4126
FITTED AUDIT manny 16 kneeling hard 782 queries 4300
FITTED AUDIT manny 17 trunk_bend_twist hard 828 queries 4833
FITTED AUDIT manny 18 shoulder_extend_internal hard 874 queries 4945
FITTED AUDIT manny 19 legs_crossed hard 920 queries 5106
FITTED AUDIT manny 20 bilateral_clavicle_1 hard 966 queries 5146
FITTED AUDIT manny 21 bilateral_clavicle_2 hard 1012 queries 5182
FITTED AUDIT manny 22 bilateral_clavicle_3 hard 1058 queries 5225
FITTED AUDIT manny 23 bilateral_clavicle_4 hard 1104 queries 5281
FITTED AUDIT manny 24 bilateral_clavicle_5 hard 1150 queries 5359
FITTED AUDIT manny 25 bilateral_clavicle_6 hard 1196 queries 5408
FITTED AUDIT manny 26 bilateral_clavicle_7 hard 1242 queries 5561
FITTED AUDIT manny 27 waist.yaw.0 hard 1288 queries 5625
FITTED AUDIT manny 28 waist.yaw.1 hard 1334 queries 5682
FITTED AUDIT manny 29 waist.pitch.0 hard 1380 queries 5835
FITTED AUDIT manny 30 waist.pitch.1 hard 1426 queries 5956
FITTED AUDIT manny 31 waist.roll.0 hard 1472 queries 6078
FITTED AUDIT manny 32 waist.roll.1 hard 1518 queries 6200
FITTED AUDIT manny 33 chest.yaw.0 hard 1564 queries 6247
FITTED AUDIT manny 34 chest.yaw.1 hard 1610 queries 6299
FITTED AUDIT manny 35 chest.pitch.0 hard 1656 queries 6466
FITTED AUDIT manny 36 chest.pitch.1 hard 1702 queries 6502
FITTED AUDIT manny 37 chest.roll.0 hard 1748 queries 6556
FITTED AUDIT manny 38 chest.roll.1 hard 1794 queries 6599
FITTED AUDIT manny 39 head.yaw.0 hard 1840 queries 6600
FITTED AUDIT manny 40 head.yaw.1 hard 1886 queries 6601
FITTED AUDIT manny 41 head.pitch.0 hard 1932 queries 6601
FITTED AUDIT manny 42 head.pitch.1 hard 1978 queries 6609
FITTED AUDIT manny 43 head.roll.0 hard 2024 queries 6628
FITTED AUDIT manny 44 head.roll.1 hard 2070 queries 6640
FITTED AUDIT manny 45 clavicle_l.protract.0 hard 2116 queries 6640
FITTED AUDIT manny 46 clavicle_l.protract.1 hard 2162 queries 6640
FITTED AUDIT manny 47 clavicle_l.elevate.0 hard 2208 queries 6640
FITTED AUDIT manny 48 clavicle_l.elevate.1 hard 2254 queries 6640
FITTED AUDIT manny 49 upperarm_l.flex.0 hard 2300 queries 6756
FITTED AUDIT manny 50 upperarm_l.flex.1 hard 2346 queries 6756
FITTED AUDIT manny 51 upperarm_l.abduct.0 hard 2392 queries 6867
FITTED AUDIT manny 52 upperarm_l.abduct.1 hard 2438 queries 6867
FITTED AUDIT manny 53 upperarm_l.twist.0 hard 2484 queries 6960
FITTED AUDIT manny 54 upperarm_l.twist.1 hard 2530 queries 7065
FITTED AUDIT manny 55 elbow_l.flex.0 hard 2576 queries 7065
FITTED AUDIT manny 56 elbow_l.flex.1 hard 2622 queries 7080
FITTED AUDIT manny 57 forearm_l.twist.0 hard 2668 queries 7114
FITTED AUDIT manny 58 forearm_l.twist.1 hard 2714 queries 7148
FITTED AUDIT manny 59 hand_l.flex.0 hard 2760 queries 7171
FITTED AUDIT manny 60 hand_l.flex.1 hard 2806 queries 7193
FITTED AUDIT manny 61 hand_l.deviate.0 hard 2852 queries 7196
FITTED AUDIT manny 62 hand_l.deviate.1 hard 2898 queries 7196
FITTED AUDIT manny 63 thigh_l.flex.0 hard 2944 queries 7278
FITTED AUDIT manny 64 thigh_l.flex.1 hard 2990 queries 7381
FITTED AUDIT manny 65 thigh_l.abduct.0 hard 3036 queries 7467
FITTED AUDIT manny 66 thigh_l.abduct.1 hard 3082 queries 7560
FITTED AUDIT manny 67 thigh_l.twist.0 hard 3128 queries 7572
FITTED AUDIT manny 68 thigh_l.twist.1 hard 3174 queries 7573
FITTED AUDIT manny 69 calf_l.flex.0 hard 3220 queries 7573
FITTED AUDIT manny 70 calf_l.flex.1 hard 3266 queries 7578
FITTED AUDIT manny 71 foot_l.dorsiflex.0 hard 3312 queries 7580
FITTED AUDIT manny 72 foot_l.dorsiflex.1 hard 3358 queries 7580
FITTED AUDIT manny 73 foot_l.invert.0 hard 3404 queries 7580
FITTED AUDIT manny 74 foot_l.invert.1 hard 3450 queries 7580
FITTED AUDIT manny 75 ball_l.flex.0 hard 3496 queries 7580
FITTED AUDIT manny 76 ball_l.flex.1 hard 3542 queries 7580
FITTED AUDIT manny 77 clavicle_r.protract.0 hard 3588 queries 7580
FITTED AUDIT manny 78 clavicle_r.protract.1 hard 3634 queries 7580
FITTED AUDIT manny 79 clavicle_r.elevate.0 hard 3680 queries 7580
FITTED AUDIT manny 80 clavicle_r.elevate.1 hard 3726 queries 7580
FITTED AUDIT manny 81 upperarm_r.flex.0 hard 3772 queries 7615
FITTED AUDIT manny 82 upperarm_r.flex.1 hard 3818 queries 7615
FITTED AUDIT manny 83 upperarm_r.abduct.0 hard 3864 queries 7643
FITTED AUDIT manny 84 upperarm_r.abduct.1 hard 3910 queries 7643
FITTED AUDIT manny 85 upperarm_r.twist.0 hard 3956 queries 7657
FITTED AUDIT manny 86 upperarm_r.twist.1 hard 4002 queries 7683
FITTED AUDIT manny 87 elbow_r.flex.0 hard 4048 queries 7683
FITTED AUDIT manny 88 elbow_r.flex.1 hard 4094 queries 7691
FITTED AUDIT manny 89 forearm_r.twist.0 hard 4140 queries 7697
FITTED AUDIT manny 90 forearm_r.twist.1 hard 4186 queries 7703
FITTED AUDIT manny 91 hand_r.flex.0 hard 4232 queries 7711
FITTED AUDIT manny 92 hand_r.flex.1 hard 4278 queries 7721
FITTED AUDIT manny 93 hand_r.deviate.0 hard 4324 queries 7723
FITTED AUDIT manny 94 hand_r.deviate.1 hard 4370 queries 7725
FITTED AUDIT manny 95 thigh_r.flex.0 hard 4416 queries 7806
FITTED AUDIT manny 96 thigh_r.flex.1 hard 4462 queries 7911
FITTED AUDIT manny 97 thigh_r.abduct.0 hard 4508 queries 7997
FITTED AUDIT manny 98 thigh_r.abduct.1 hard 4554 queries 8090
FITTED AUDIT manny 99 thigh_r.twist.0 hard 4600 queries 8102
FITTED AUDIT manny 100 thigh_r.twist.1 hard 4646 queries 8106
FITTED AUDIT manny 101 calf_r.flex.0 hard 4692 queries 8106
FITTED AUDIT manny 102 calf_r.flex.1 hard 4738 queries 8111
FITTED AUDIT manny 103 foot_r.dorsiflex.0 hard 4784 queries 8113
FITTED AUDIT manny 104 foot_r.dorsiflex.1 hard 4830 queries 8115
FITTED AUDIT manny 105 foot_r.invert.0 hard 4876 queries 8115
FITTED AUDIT manny 106 foot_r.invert.1 hard 4922 queries 8115
FITTED AUDIT manny 107 ball_r.flex.0 hard 4968 queries 8117
FITTED AUDIT manny 108 ball_r.flex.1 hard 5014 queries 8119
FITTED AUDIT manny 109 raw/neutral/000 hard 5060 queries 8119
FITTED AUDIT manny 110 raw/neutral/001 hard 5106 queries 8339
FITTED AUDIT manny 111 raw/neutral/002 hard 5152 queries 8581
FITTED AUDIT manny 112 raw/neutral/003 hard 5198 queries 8581
FITTED AUDIT manny 113 raw/arms_forward/000 hard 5244 queries 8581
FITTED AUDIT manny 114 raw/arms_forward/001 hard 5290 queries 8805
FITTED AUDIT manny 115 raw/arms_forward/002 hard 5336 queries 9047
FITTED AUDIT manny 116 raw/arms_forward/003 hard 5382 queries 9294
FITTED AUDIT manny 117 raw/arms_forward/004 hard 5428 queries 9553
FITTED AUDIT manny 118 raw/arms_forward/005 hard 5474 queries 9553
FITTED AUDIT manny 119 raw/arms_overhead/000 hard 5520 queries 9553
FITTED AUDIT manny 120 raw/arms_overhead/001 hard 5566 queries 9793
FITTED AUDIT manny 121 raw/arms_overhead/002 hard 5612 queries 10069
FITTED AUDIT manny 122 raw/arms_overhead/003 hard 5658 queries 10346
FITTED AUDIT manny 123 raw/arms_overhead/004 hard 5704 queries 10615
FITTED AUDIT manny 124 raw/arms_overhead/005 hard 5750 queries 10888
FITTED AUDIT manny 125 raw/arms_overhead/006 hard 5796 queries 11156
FITTED AUDIT manny 126 raw/arms_overhead/007 hard 5842 queries 11422
FITTED AUDIT manny 127 raw/arms_overhead/008 hard 5888 queries 11695
FITTED AUDIT manny 128 raw/arms_overhead/009 hard 5934 queries 11986
FITTED AUDIT manny 129 raw/arms_overhead/010 hard 5980 queries 12292
FITTED AUDIT manny 130 raw/arms_overhead/011 hard 6026 queries 12605
FITTED AUDIT manny 131 raw/arms_overhead/012 hard 6072 queries 12928
FITTED AUDIT manny 132 raw/arms_overhead/013 hard 6118 queries 12928
FITTED AUDIT manny 133 raw/arms_side/000 hard 6164 queries 12928
FITTED AUDIT manny 134 raw/arms_side/001 hard 6210 queries 13022
FITTED AUDIT manny 135 raw/arms_side/002 hard 6256 queries 13129
FITTED AUDIT manny 136 raw/arms_side/003 hard 6302 queries 13244
FITTED AUDIT manny 137 raw/arms_side/004 hard 6348 queries 13356
FITTED AUDIT manny 138 raw/arms_side/005 hard 6394 queries 13356
FITTED AUDIT manny 139 raw/hands_on_hips/000 hard 6440 queries 13356
FITTED AUDIT manny 140 raw/hands_on_hips/001 hard 6486 queries 13569
FITTED AUDIT manny 141 raw/hands_on_hips/002 hard 6532 queries 13791
FITTED AUDIT manny 142 raw/hands_on_hips/003 hard 6578 queries 14028
FITTED AUDIT manny 143 raw/hands_on_hips/004 hard 6624 queries 14242
FITTED AUDIT manny 144 raw/hands_on_hips/005 hard 6670 queries 14478
FITTED AUDIT manny 145 raw/hands_on_hips/006 hard 6716 queries 14717
FITTED AUDIT manny 146 raw/hands_on_hips/007 hard 6762 queries 14964
FITTED AUDIT manny 147 raw/hands_on_hips/008 hard 6808 queries 14964
FITTED AUDIT manny 148 raw/arms_crossed/000 hard 6854 queries 14964
FITTED AUDIT manny 149 raw/arms_crossed/001 hard 6900 queries 15066
FITTED AUDIT manny 150 raw/arms_crossed/002 hard 6946 queries 15192
FITTED AUDIT manny 151 raw/arms_crossed/003 hard 6992 queries 15330
FITTED AUDIT manny 152 raw/arms_crossed/004 hard 7038 queries 15476
FITTED AUDIT manny 153 raw/arms_crossed/005 hard 7084 queries 15627
FITTED AUDIT manny 154 raw/arms_crossed/006 hard 7130 queries 15786
FITTED AUDIT manny 155 raw/arms_crossed/007 hard 7176 queries 15958
FITTED AUDIT manny 156 raw/arms_crossed/008 hard 7222 queries 15958
FITTED AUDIT manny 157 raw/forehead/000 hard 7268 queries 15958
FITTED AUDIT manny 158 raw/forehead/001 hard 7314 queries 16055
FITTED AUDIT manny 159 raw/forehead/002 hard 7360 queries 16177
FITTED AUDIT manny 160 raw/forehead/003 hard 7406 queries 16303
FITTED AUDIT manny 161 raw/forehead/004 hard 7452 queries 16428
FITTED AUDIT manny 162 raw/forehead/005 hard 7498 queries 16555
FITTED AUDIT manny 163 raw/forehead/006 hard 7544 queries 16691
FITTED AUDIT manny 164 raw/forehead/007 hard 7590 queries 16845
FITTED AUDIT manny 165 raw/forehead/008 hard 7636 queries 17010
FITTED AUDIT manny 166 raw/forehead/009 hard 7682 queries 17154
FITTED AUDIT manny 167 raw/forehead/010 hard 7728 queries 17293
FITTED AUDIT manny 168 raw/forehead/011 hard 7774 queries 17435
FITTED AUDIT manny 169 raw/forehead/012 hard 7820 queries 17586
FITTED AUDIT manny 170 raw/forehead/013 hard 7866 queries 17586
FITTED AUDIT manny 171 raw/sitting/000 hard 7912 queries 17586
FITTED AUDIT manny 172 raw/sitting/001 hard 7958 queries 17842
FITTED AUDIT manny 173 raw/sitting/002 hard 8004 queries 18059
FITTED AUDIT manny 174 raw/sitting/003 hard 8050 queries 18409
FITTED AUDIT manny 175 raw/sitting/004 hard 8096 queries 18650
FITTED AUDIT manny 176 raw/sitting/005 hard 8142 queries 18981
FITTED AUDIT manny 177 raw/sitting/006 hard 8188 queries 18981
FITTED AUDIT manny 178 raw/crouch/000 hard 8234 queries 18981
FITTED AUDIT manny 179 raw/crouch/001 hard 8280 queries 19354
FITTED AUDIT manny 180 raw/crouch/002 hard 8326 queries 19778
FITTED AUDIT manny 181 raw/crouch/003 hard 8372 queries 20138
FITTED AUDIT manny 182 raw/crouch/004 hard 8418 queries 20600
FITTED AUDIT manny 183 raw/crouch/005 hard 8464 queries 21055
FITTED AUDIT manny 184 raw/crouch/006 hard 8510 queries 21386
FITTED AUDIT manny 185 raw/crouch/007 hard 8556 queries 21854
FITTED AUDIT manny 186 raw/crouch/008 hard 8602 queries 22347
FITTED AUDIT manny 187 raw/crouch/009 hard 8648 queries 22347
FITTED AUDIT manny 188 raw/head_tilt/000 hard 8694 queries 22347
FITTED AUDIT manny 189 raw/head_tilt/001 hard 8740 queries 22477
FITTED AUDIT manny 190 raw/head_tilt/002 hard 8786 queries 22484
FITTED AUDIT manny 191 raw/head_tilt/003 hard 8832 queries 22499
FITTED AUDIT manny 192 raw/head_tilt/004 hard 8878 queries 22512
FITTED AUDIT manny 193 raw/head_tilt/005 hard 8924 queries 22657
FITTED AUDIT manny 194 raw/head_tilt/006 hard 8970 queries 22657
FITTED AUDIT manny 195 raw/hip_abduction/000 hard 9016 queries 22657
FITTED AUDIT manny 196 raw/hip_abduction/001 hard 9062 queries 22905
FITTED AUDIT manny 197 raw/hip_abduction/002 hard 9108 queries 23088
FITTED AUDIT manny 198 raw/hip_abduction/003 hard 9154 queries 23393
FITTED AUDIT manny 199 raw/hip_abduction/004 hard 9200 queries 23393
FITTED AUDIT manny 200 raw/palms_turn/000 hard 9246 queries 23393
FITTED AUDIT manny 201 raw/palms_turn/001 hard 9292 queries 23445
FITTED AUDIT manny 202 raw/palms_turn/002 hard 9338 queries 23508
FITTED AUDIT manny 203 raw/palms_turn/003 hard 9384 queries 23601
FITTED AUDIT manny 204 raw/palms_turn/004 hard 9430 queries 23685
FITTED AUDIT manny 205 raw/palms_turn/005 hard 9476 queries 23747
FITTED AUDIT manny 206 raw/palms_turn/006 hard 9522 queries 23747
FITTED AUDIT manny 207 raw/hands_low_behind/000 hard 9568 queries 23747
FITTED AUDIT manny 208 raw/hands_low_behind/001 hard 9614 queries 23836
FITTED AUDIT manny 209 raw/hands_low_behind/002 hard 9660 queries 23946
FITTED AUDIT manny 210 raw/hands_low_behind/003 hard 9706 queries 24067
FITTED AUDIT manny 211 raw/hands_low_behind/004 hard 9752 queries 24067
FITTED AUDIT manny 212 raw/one_hand_up_back/000 hard 9798 queries 24067
FITTED AUDIT manny 213 raw/one_hand_up_back/001 hard 9844 queries 24275
FITTED AUDIT manny 214 raw/one_hand_up_back/002 hard 9890 queries 24489
FITTED AUDIT manny 215 raw/one_hand_up_back/003 hard 9936 queries 24577
FITTED AUDIT manny 216 raw/one_hand_up_back/004 hard 9982 queries 24812
FITTED AUDIT manny 217 raw/one_hand_up_back/005 hard 10028 queries 25065
FITTED AUDIT manny 218 raw/one_hand_up_back/006 hard 10074 queries 25183
FITTED AUDIT manny 219 raw/one_hand_up_back/007 hard 10120 queries 25422
FITTED AUDIT manny 220 raw/one_hand_up_back/008 hard 10166 queries 25666
FITTED AUDIT manny 221 raw/one_hand_up_back/009 hard 10212 queries 25666
FITTED AUDIT manny 222 raw/touch_back_head/000 hard 10258 queries 25666
FITTED AUDIT manny 223 raw/touch_back_head/001 hard 10304 queries 25902
FITTED AUDIT manny 224 raw/touch_back_head/002 hard 10350 queries 26029
FITTED AUDIT manny 225 raw/touch_back_head/003 hard 10396 queries 26280
FITTED AUDIT manny 226 raw/touch_back_head/004 hard 10442 queries 26414
FITTED AUDIT manny 227 raw/touch_back_head/005 hard 10488 queries 26531
FITTED AUDIT manny 228 raw/touch_back_head/006 hard 10534 queries 26679
FITTED AUDIT manny 229 raw/touch_back_head/007 hard 10580 queries 26965
FITTED AUDIT manny 230 raw/touch_back_head/008 hard 10626 queries 27144
FITTED AUDIT manny 231 raw/touch_back_head/009 hard 10672 queries 27467
FITTED AUDIT manny 232 raw/touch_back_head/010 hard 10718 queries 27467
FITTED AUDIT manny 233 raw/kneeling/000 hard 10764 queries 27467
FITTED AUDIT manny 234 raw/kneeling/001 hard 10810 queries 27603
FITTED AUDIT manny 235 raw/kneeling/002 hard 10856 queries 27741
FITTED AUDIT manny 236 raw/kneeling/003 hard 10902 queries 27890
FITTED AUDIT manny 237 raw/kneeling/004 hard 10948 queries 28046
FITTED AUDIT manny 238 raw/kneeling/005 hard 10994 queries 28207
FITTED AUDIT manny 239 raw/kneeling/006 hard 11040 queries 28371
FITTED AUDIT manny 240 raw/kneeling/007 hard 11086 queries 28535
FITTED AUDIT manny 241 raw/kneeling/008 hard 11132 queries 28707
FITTED AUDIT manny 242 raw/kneeling/009 hard 11178 queries 28707
FITTED AUDIT manny 243 raw/trunk_bend_twist/000 hard 11224 queries 28707
FITTED AUDIT manny 244 raw/trunk_bend_twist/001 hard 11270 queries 28919
FITTED AUDIT manny 245 raw/trunk_bend_twist/002 hard 11316 queries 29166
FITTED AUDIT manny 246 raw/trunk_bend_twist/003 hard 11362 queries 29168
FITTED AUDIT manny 247 raw/shoulder_extend_internal/000 hard 11408 queries 29168
FITTED AUDIT manny 248 raw/shoulder_extend_internal/001 hard 11454 queries 29246
FITTED AUDIT manny 249 raw/shoulder_extend_internal/002 hard 11500 queries 29328
FITTED AUDIT manny 250 raw/shoulder_extend_internal/003 hard 11546 queries 29422
FITTED AUDIT manny 251 raw/shoulder_extend_internal/004 hard 11592 queries 29521
FITTED AUDIT manny 252 raw/shoulder_extend_internal/005 hard 11638 queries 29521
FITTED AUDIT manny 253 raw/legs_together/000 hard 11684 queries 29521
FITTED AUDIT manny 254 raw/legs_together/001 hard 11730 queries 29521
FITTED AUDIT manny 255 raw/legs_together/002 hard 11776 queries 29521
FITTED AUDIT manny 256 raw/legs_together/003 hard 11822 queries 29521
FITTED AUDIT manny 257 raw/legs_crossed/000 hard 11868 queries 29521
FITTED AUDIT manny 258 raw/legs_crossed/001 hard 11914 queries 29652
FITTED AUDIT manny 259 raw/legs_crossed/002 hard 11960 queries 29794
FITTED AUDIT manny 260 raw/legs_crossed/003 hard 12006 queries 29794
FITTED AUDIT manny 261 raw/left_side_lying/000 hard 12052 queries 29794
FITTED AUDIT manny 262 raw/left_side_lying/001 hard 12098 queries 29794
FITTED AUDIT manny 263 raw/left_side_lying/002 hard 12144 queries 29794
FITTED AUDIT manny 264 raw/left_side_lying/003 hard 12190 queries 29794
FITTED AUDIT manny 265 raw/right_side_lying/000 hard 12236 queries 29794
FITTED AUDIT manny 266 raw/right_side_lying/001 hard 12282 queries 29794
FITTED AUDIT manny 267 raw/right_side_lying/002 hard 12328 queries 29794
FITTED AUDIT manny 268 raw/right_side_lying/003 hard 12374 queries 29794
FITTED AUDIT manny 269 raw/prone/000 hard 12420 queries 29794
FITTED AUDIT manny 270 raw/prone/001 hard 12466 queries 29794
FITTED AUDIT manny 271 raw/prone/002 hard 12512 queries 29794
FITTED AUDIT manny 272 raw/prone/003 hard 12558 queries 29794
FITTED AUDIT manny 273 fine/neutral/000 hard 12604 queries 29794
FITTED AUDIT manny 274 fine/neutral/001 hard 12650 queries 30005
FITTED AUDIT manny 275 fine/neutral/002 hard 12696 queries 30221
FITTED AUDIT manny 276 fine/neutral/003 hard 12742 queries 30444
FITTED AUDIT manny 277 fine/neutral/004 hard 12788 queries 30682
FITTED AUDIT manny 278 fine/neutral/005 hard 12834 queries 30924
FITTED AUDIT manny 279 fine/neutral/006 hard 12880 queries 31171
FITTED AUDIT manny 280 fine/neutral/007 hard 12926 queries 31171
FITTED AUDIT manny 281 fine/arms_forward/000 hard 12972 queries 31171
FITTED AUDIT manny 282 fine/arms_forward/001 hard 13018 queries 31385
FITTED AUDIT manny 283 fine/arms_forward/002 hard 13064 queries 31480
FITTED AUDIT manny 284 fine/arms_forward/003 hard 13110 queries 31703
FITTED AUDIT manny 285 fine/arms_forward/004 hard 13156 queries 31802
FITTED AUDIT manny 286 fine/arms_forward/005 hard 13202 queries 32036
FITTED AUDIT manny 287 fine/arms_forward/006 hard 13248 queries 32145
FITTED AUDIT manny 288 fine/arms_forward/007 hard 13294 queries 32258
FITTED AUDIT manny 289 fine/arms_forward/008 hard 13340 queries 32375
FITTED AUDIT manny 290 fine/arms_forward/009 hard 13386 queries 32623
FITTED AUDIT manny 291 fine/arms_forward/010 hard 13432 queries 32739
FITTED AUDIT manny 292 fine/arms_forward/011 hard 13478 queries 32994
FITTED AUDIT manny 293 fine/arms_forward/012 hard 13524 queries 33128
FITTED AUDIT manny 294 fine/arms_forward/013 hard 13570 queries 33394
FITTED AUDIT manny 295 fine/arms_forward/014 hard 13616 queries 33394
FITTED AUDIT manny 296 fine/arms_overhead/000 hard 13662 queries 33394
FITTED AUDIT manny 297 fine/arms_overhead/001 hard 13708 queries 33614
FITTED AUDIT manny 298 fine/arms_overhead/002 hard 13754 queries 33844
FITTED AUDIT manny 299 fine/arms_overhead/003 hard 13800 queries 34083
FITTED AUDIT manny 300 fine/arms_overhead/004 hard 13846 queries 34332
FITTED AUDIT manny 301 fine/arms_overhead/005 hard 13892 queries 34584
FITTED AUDIT manny 302 fine/arms_overhead/006 hard 13938 queries 34841
FITTED AUDIT manny 303 fine/arms_overhead/007 hard 13984 queries 35105
FITTED AUDIT manny 304 fine/arms_overhead/008 hard 14030 queries 35367
FITTED AUDIT manny 305 fine/arms_overhead/009 hard 14076 queries 35632
FITTED AUDIT manny 306 fine/arms_overhead/010 hard 14122 queries 35898
FITTED AUDIT manny 307 fine/arms_overhead/011 hard 14168 queries 36163
FITTED AUDIT manny 308 fine/arms_overhead/012 hard 14214 queries 36431
FITTED AUDIT manny 309 fine/arms_overhead/013 hard 14260 queries 36700
FITTED AUDIT manny 310 fine/arms_overhead/014 hard 14306 queries 36973
FITTED AUDIT manny 311 fine/arms_overhead/015 hard 14352 queries 37245
FITTED AUDIT manny 312 fine/arms_overhead/016 hard 14398 queries 37514
FITTED AUDIT manny 313 fine/arms_overhead/017 hard 14444 queries 37782
FITTED AUDIT manny 314 fine/arms_overhead/018 hard 14490 queries 38051
FITTED AUDIT manny 315 fine/arms_overhead/019 hard 14536 queries 38322
FITTED AUDIT manny 316 fine/arms_overhead/020 hard 14582 queries 38586
FITTED AUDIT manny 317 fine/arms_overhead/021 hard 14628 queries 38846
FITTED AUDIT manny 318 fine/arms_overhead/022 hard 14674 queries 39111
FITTED AUDIT manny 319 fine/arms_overhead/023 hard 14720 queries 39383
FITTED AUDIT manny 320 fine/arms_overhead/024 hard 14766 queries 39657
FITTED AUDIT manny 321 fine/arms_overhead/025 hard 14812 queries 39936
FITTED AUDIT manny 322 fine/arms_overhead/026 hard 14858 queries 40229
FITTED AUDIT manny 323 fine/arms_overhead/027 hard 14904 queries 40535
FITTED AUDIT manny 324 fine/arms_overhead/028 hard 14950 queries 40844
FITTED AUDIT manny 325 fine/arms_overhead/029 hard 14996 queries 41154
FITTED AUDIT manny 326 fine/arms_overhead/030 hard 15042 queries 41467
FITTED AUDIT manny 327 fine/arms_overhead/031 hard 15088 queries 41780
FITTED AUDIT manny 328 fine/arms_overhead/032 hard 15134 queries 42097
FITTED AUDIT manny 329 fine/arms_overhead/033 hard 15180 queries 42416
FITTED AUDIT manny 330 fine/arms_overhead/034 hard 15226 queries 42739
FITTED AUDIT manny 331 fine/arms_overhead/035 hard 15272 queries 43059
FITTED AUDIT manny 332 fine/arms_overhead/036 hard 15318 queries 43379
FITTED AUDIT manny 333 fine/arms_overhead/037 hard 15364 queries 43379
FITTED AUDIT manny 334 fine/arms_side/000 hard 15410 queries 43379
FITTED AUDIT manny 335 fine/arms_side/001 hard 15456 queries 43464
FITTED AUDIT manny 336 fine/arms_side/002 hard 15502 queries 43556
FITTED AUDIT manny 337 fine/arms_side/003 hard 15548 queries 43652
FITTED AUDIT manny 338 fine/arms_side/004 hard 15594 queries 43756
FITTED AUDIT manny 339 fine/arms_side/005 hard 15640 queries 43862
FITTED AUDIT manny 340 fine/arms_side/006 hard 15686 queries 43968
FITTED AUDIT manny 341 fine/arms_side/007 hard 15732 queries 44078
FITTED AUDIT manny 342 fine/arms_side/008 hard 15778 queries 44192
FITTED AUDIT manny 343 fine/arms_side/009 hard 15824 queries 44307
FITTED AUDIT manny 344 fine/arms_side/010 hard 15870 queries 44420
FITTED AUDIT manny 345 fine/arms_side/011 hard 15916 queries 44532
FITTED AUDIT manny 346 fine/arms_side/012 hard 15962 queries 44641
FITTED AUDIT manny 347 fine/arms_side/013 hard 16008 queries 44749
FITTED AUDIT manny 348 fine/arms_side/014 hard 16054 queries 44749
FITTED AUDIT manny 349 fine/hands_on_hips/000 hard 16100 queries 44749
FITTED AUDIT manny 350 fine/hands_on_hips/001 hard 16146 queries 44962
FITTED AUDIT manny 351 fine/hands_on_hips/002 hard 16192 queries 45175
FITTED AUDIT manny 352 fine/hands_on_hips/003 hard 16238 queries 45379
FITTED AUDIT manny 353 fine/hands_on_hips/004 hard 16284 queries 45596
FITTED AUDIT manny 354 fine/hands_on_hips/005 hard 16330 queries 45817
FITTED AUDIT manny 355 fine/hands_on_hips/006 hard 16376 queries 46029
FITTED AUDIT manny 356 fine/hands_on_hips/007 hard 16422 queries 46262
FITTED AUDIT manny 357 fine/hands_on_hips/008 hard 16468 queries 46499
FITTED AUDIT manny 358 fine/hands_on_hips/009 hard 16514 queries 46721
FITTED AUDIT manny 359 fine/hands_on_hips/010 hard 16560 queries 46955
FITTED AUDIT manny 360 fine/hands_on_hips/011 hard 16606 queries 46955
FITTED AUDIT manny 361 fine/hands_on_hips/012 hard 16652 queries 47177
FITTED AUDIT manny 362 fine/hands_on_hips/013 hard 16698 queries 47412
FITTED AUDIT manny 363 fine/hands_on_hips/014 hard 16744 queries 47647
FITTED AUDIT manny 364 fine/hands_on_hips/015 hard 16790 queries 47871
FITTED AUDIT manny 365 fine/hands_on_hips/016 hard 16836 queries 48110
FITTED AUDIT manny 366 fine/hands_on_hips/017 hard 16882 queries 48350
FITTED AUDIT manny 367 fine/hands_on_hips/018 hard 16928 queries 48582
FITTED AUDIT manny 368 fine/hands_on_hips/019 hard 16974 queries 48829
FITTED AUDIT manny 369 fine/hands_on_hips/020 hard 17020 queries 49079
FITTED AUDIT manny 370 fine/hands_on_hips/021 hard 17066 queries 49325
FITTED AUDIT manny 371 fine/hands_on_hips/022 hard 17112 queries 49325
FITTED AUDIT manny 372 fine/arms_crossed/000 hard 17158 queries 49325
FITTED AUDIT manny 373 fine/arms_crossed/001 hard 17204 queries 49536
FITTED AUDIT manny 374 fine/arms_crossed/002 hard 17250 queries 49758
FITTED AUDIT manny 375 fine/arms_crossed/003 hard 17296 queries 49980
FITTED AUDIT manny 376 fine/arms_crossed/004 hard 17342 queries 50211
FITTED AUDIT manny 377 fine/arms_crossed/005 hard 17388 queries 50450
FITTED AUDIT manny 378 fine/arms_crossed/006 hard 17434 queries 50690
FITTED AUDIT manny 379 fine/arms_crossed/007 hard 17480 queries 50934
FITTED AUDIT manny 380 fine/arms_crossed/008 hard 17526 queries 51179
FITTED AUDIT manny 381 fine/arms_crossed/009 hard 17572 queries 51425
FITTED AUDIT manny 382 fine/arms_crossed/010 hard 17618 queries 51670
FITTED AUDIT manny 383 fine/arms_crossed/011 hard 17664 queries 51916
FITTED AUDIT manny 384 fine/arms_crossed/012 hard 17710 queries 52171
FITTED AUDIT manny 385 fine/arms_crossed/013 hard 17756 queries 52428
FITTED AUDIT manny 386 fine/arms_crossed/014 hard 17802 queries 52691
FITTED AUDIT manny 387 fine/arms_crossed/015 hard 17848 queries 52948
FITTED AUDIT manny 388 fine/arms_crossed/016 hard 17894 queries 53210
FITTED AUDIT manny 389 fine/arms_crossed/017 hard 17940 queries 53477
FITTED AUDIT manny 390 fine/arms_crossed/018 hard 17986 queries 53749
FITTED AUDIT manny 391 fine/arms_crossed/019 hard 18032 queries 54025
FITTED AUDIT manny 392 fine/arms_crossed/020 hard 18078 queries 54302
FITTED AUDIT manny 393 fine/arms_crossed/021 hard 18124 queries 54581
FITTED AUDIT manny 394 fine/arms_crossed/022 hard 18170 queries 54872
FITTED AUDIT manny 395 fine/arms_crossed/023 hard 18216 queries 54872
FITTED AUDIT manny 396 fine/forehead/000 hard 18262 queries 54872
FITTED AUDIT manny 397 fine/forehead/001 hard 18308 queries 55089
FITTED AUDIT manny 398 fine/forehead/002 hard 18354 queries 55312
FITTED AUDIT manny 399 fine/forehead/003 hard 18400 queries 55539
FITTED AUDIT manny 400 fine/forehead/004 hard 18446 queries 55775
FITTED AUDIT manny 401 fine/forehead/005 hard 18492 queries 56019
FITTED AUDIT manny 402 fine/forehead/006 hard 18538 queries 56272
FITTED AUDIT manny 403 fine/forehead/007 hard 18584 queries 56529
FITTED AUDIT manny 404 fine/forehead/008 hard 18630 queries 56786
FITTED AUDIT manny 405 fine/forehead/009 hard 18676 queries 57042
FITTED AUDIT manny 406 fine/forehead/010 hard 18722 queries 57298
FITTED AUDIT manny 407 fine/forehead/011 hard 18768 queries 57552
FITTED AUDIT manny 408 fine/forehead/012 hard 18814 queries 57808
FITTED AUDIT manny 409 fine/forehead/013 hard 18860 queries 58062
FITTED AUDIT manny 410 fine/forehead/014 hard 18906 queries 58316
FITTED AUDIT manny 411 fine/forehead/015 hard 18952 queries 58573
FITTED AUDIT manny 412 fine/forehead/016 hard 18998 queries 58831
FITTED AUDIT manny 413 fine/forehead/017 hard 19044 queries 59093
FITTED AUDIT manny 414 fine/forehead/018 hard 19090 queries 59363
FITTED AUDIT manny 415 fine/forehead/019 hard 19136 queries 59491
FITTED AUDIT manny 416 fine/forehead/020 hard 19182 queries 59770
FITTED AUDIT manny 417 fine/forehead/021 hard 19228 queries 60055
FITTED AUDIT manny 418 fine/forehead/022 hard 19274 queries 60345
FITTED AUDIT manny 419 fine/forehead/023 hard 19320 queries 60640
FITTED AUDIT manny 420 fine/forehead/024 hard 19366 queries 60931
FITTED AUDIT manny 421 fine/forehead/025 hard 19412 queries 61212
FITTED AUDIT manny 422 fine/forehead/026 hard 19458 queries 61487
FITTED AUDIT manny 423 fine/forehead/027 hard 19504 queries 61761
FITTED AUDIT manny 424 fine/forehead/028 hard 19550 queries 62033
FITTED AUDIT manny 425 fine/forehead/029 hard 19596 queries 62304
FITTED AUDIT manny 426 fine/forehead/030 hard 19642 queries 62573
FITTED AUDIT manny 427 fine/forehead/031 hard 19688 queries 62845
FITTED AUDIT manny 428 fine/forehead/032 hard 19734 queries 63118
FITTED AUDIT manny 429 fine/forehead/033 hard 19780 queries 63394
FITTED AUDIT manny 430 fine/forehead/034 hard 19826 queries 63669
FITTED AUDIT manny 431 fine/forehead/035 hard 19872 queries 63954
FITTED AUDIT manny 432 fine/forehead/036 hard 19918 queries 64241
FITTED AUDIT manny 433 fine/forehead/037 hard 19964 queries 64526
FITTED AUDIT manny 434 fine/forehead/038 hard 20010 queries 64526
FITTED AUDIT manny 435 fine/sitting/000 hard 20056 queries 64526
FITTED AUDIT manny 436 fine/sitting/001 hard 20102 queries 64749
FITTED AUDIT manny 437 fine/sitting/002 hard 20148 queries 64907
FITTED AUDIT manny 438 fine/sitting/003 hard 20194 queries 64907
FITTED AUDIT manny 439 fine/sitting/004 hard 20240 queries 65094
FITTED AUDIT manny 440 fine/sitting/005 hard 20286 queries 65366
FITTED AUDIT manny 441 fine/sitting/006 hard 20332 queries 65366
FITTED AUDIT manny 442 fine/sitting/007 hard 20378 queries 65683
FITTED AUDIT manny 443 fine/sitting/008 hard 20424 queries 65917
FITTED AUDIT manny 444 fine/sitting/009 hard 20470 queries 65917
FITTED AUDIT manny 445 fine/sitting/010 hard 20516 queries 66140
FITTED AUDIT manny 446 fine/sitting/011 hard 20562 queries 66496
FITTED AUDIT manny 447 fine/sitting/012 hard 20608 queries 66496
FITTED AUDIT manny 448 fine/sitting/013 hard 20654 queries 66844
FITTED AUDIT manny 449 fine/sitting/014 hard 20700 queries 67072
FITTED AUDIT manny 450 fine/sitting/015 hard 20746 queries 67072
FITTED AUDIT manny 451 fine/sitting/016 hard 20792 queries 67286
FITTED AUDIT manny 452 fine/sitting/017 hard 20838 queries 67609
FITTED AUDIT manny 453 fine/sitting/018 hard 20884 queries 67609
FITTED AUDIT manny 454 fine/crouch/000 hard 20930 queries 67609
FITTED AUDIT manny 455 fine/crouch/001 hard 20976 queries 67936
FITTED AUDIT manny 456 fine/crouch/002 hard 21022 queries 68290
FITTED AUDIT manny 457 fine/crouch/003 hard 21068 queries 68290
FITTED AUDIT manny 458 fine/crouch/004 hard 21114 queries 68675
FITTED AUDIT manny 459 fine/crouch/005 hard 21160 queries 69085
FITTED AUDIT manny 460 fine/crouch/006 hard 21206 queries 69085
FITTED AUDIT manny 461 fine/crouch/007 hard 21252 queries 69511
FITTED AUDIT manny 462 fine/crouch/008 hard 21298 queries 69943
FITTED AUDIT manny 463 fine/crouch/009 hard 21344 queries 69943
FITTED AUDIT manny 464 fine/crouch/010 hard 21390 queries 70389
FITTED AUDIT manny 465 fine/crouch/011 hard 21436 queries 70837
FITTED AUDIT manny 466 fine/crouch/012 hard 21482 queries 70837
FITTED AUDIT manny 467 fine/crouch/013 hard 21528 queries 71290
FITTED AUDIT manny 468 fine/crouch/014 hard 21574 queries 71744
FITTED AUDIT manny 469 fine/crouch/015 hard 21620 queries 71744
FITTED AUDIT manny 470 fine/crouch/016 hard 21666 queries 72192
FITTED AUDIT manny 471 fine/crouch/017 hard 21712 queries 72643
FITTED AUDIT manny 472 fine/crouch/018 hard 21758 queries 72643
FITTED AUDIT manny 473 fine/crouch/019 hard 21804 queries 73098
FITTED AUDIT manny 474 fine/crouch/020 hard 21850 queries 73559
FITTED AUDIT manny 475 fine/crouch/021 hard 21896 queries 73559
FITTED AUDIT manny 476 fine/crouch/022 hard 21942 queries 74042
FITTED AUDIT manny 477 fine/crouch/023 hard 21988 queries 74539
FITTED AUDIT manny 478 fine/crouch/024 hard 22034 queries 74539
FITTED AUDIT manny 479 fine/crouch/025 hard 22080 queries 75023
FITTED AUDIT manny 480 fine/crouch/026 hard 22126 queries 75497
FITTED AUDIT manny 481 fine/crouch/027 hard 22172 queries 75497
FITTED AUDIT manny 482 fine/head_tilt/000 hard 22218 queries 75497
FITTED AUDIT manny 483 fine/head_tilt/001 hard 22264 queries 75704
FITTED AUDIT manny 484 fine/head_tilt/002 hard 22310 queries 75783
FITTED AUDIT manny 485 fine/head_tilt/003 hard 22356 queries 75998
FITTED AUDIT manny 486 fine/head_tilt/004 hard 22402 queries 76001
FITTED AUDIT manny 487 fine/head_tilt/005 hard 22448 queries 76222
FITTED AUDIT manny 488 fine/head_tilt/006 hard 22494 queries 76321
FITTED AUDIT manny 489 fine/head_tilt/007 hard 22540 queries 76558
FITTED AUDIT manny 490 fine/head_tilt/008 hard 22586 queries 76558
FITTED AUDIT manny 491 fine/head_tilt/009 hard 22632 queries 76810
FITTED AUDIT manny 492 fine/head_tilt/010 hard 22678 queries 76934
FITTED AUDIT manny 493 fine/head_tilt/011 hard 22724 queries 77189
FITTED AUDIT manny 494 fine/head_tilt/012 hard 22770 queries 77206
FITTED AUDIT manny 495 fine/head_tilt/013 hard 22816 queries 77465
FITTED AUDIT manny 496 fine/head_tilt/014 hard 22862 queries 77593
FITTED AUDIT manny 497 fine/head_tilt/015 hard 22908 queries 77855
FITTED AUDIT manny 498 fine/head_tilt/016 hard 22954 queries 77855
FITTED AUDIT manny 499 fine/hip_abduction/000 hard 23000 queries 77855
FITTED AUDIT manny 500 fine/hip_abduction/001 hard 23046 queries 78071
FITTED AUDIT manny 501 fine/hip_abduction/002 hard 23092 queries 78303
FITTED AUDIT manny 502 fine/hip_abduction/003 hard 23138 queries 78541
FITTED AUDIT manny 503 fine/hip_abduction/004 hard 23184 queries 78792
FITTED AUDIT manny 504 fine/hip_abduction/005 hard 23230 queries 78792
FITTED AUDIT manny 505 fine/hip_abduction/006 hard 23276 queries 79071
FITTED AUDIT manny 506 fine/hip_abduction/007 hard 23322 queries 79350
FITTED AUDIT manny 507 fine/hip_abduction/008 hard 23368 queries 79631
FITTED AUDIT manny 508 fine/hip_abduction/009 hard 23414 queries 79917
FITTED AUDIT manny 509 fine/hip_abduction/010 hard 23460 queries 79917
FITTED AUDIT manny 510 fine/palms_turn/000 hard 23506 queries 79917
FITTED AUDIT manny 511 fine/palms_turn/001 hard 23552 queries 80081
FITTED AUDIT manny 512 fine/palms_turn/002 hard 23598 queries 80119
FITTED AUDIT manny 513 fine/palms_turn/003 hard 23644 queries 80119
FITTED AUDIT manny 514 fine/palms_turn/004 hard 23690 queries 80164
FITTED AUDIT manny 515 fine/palms_turn/005 hard 23736 queries 80341
FITTED AUDIT manny 516 fine/palms_turn/006 hard 23782 queries 80341
FITTED AUDIT manny 517 fine/palms_turn/007 hard 23828 queries 80524
FITTED AUDIT manny 518 fine/palms_turn/008 hard 23874 queries 80586
FITTED AUDIT manny 519 fine/palms_turn/009 hard 23920 queries 80586
FITTED AUDIT manny 520 fine/palms_turn/010 hard 23966 queries 80673
FITTED AUDIT manny 521 fine/palms_turn/011 hard 24012 queries 80879
FITTED AUDIT manny 522 fine/palms_turn/012 hard 24058 queries 80879
FITTED AUDIT manny 523 fine/palms_turn/013 hard 24104 queries 81069
FITTED AUDIT manny 524 fine/palms_turn/014 hard 24150 queries 81123
FITTED AUDIT manny 525 fine/palms_turn/015 hard 24196 queries 81123
FITTED AUDIT manny 526 fine/palms_turn/016 hard 24242 queries 81170
FITTED AUDIT manny 527 fine/palms_turn/017 hard 24288 queries 81349
FITTED AUDIT manny 528 fine/palms_turn/018 hard 24334 queries 81349
FITTED AUDIT manny 529 fine/hands_low_behind/000 hard 24380 queries 81349
FITTED AUDIT manny 530 fine/hands_low_behind/001 hard 24426 queries 81430
FITTED AUDIT manny 531 fine/hands_low_behind/002 hard 24472 queries 81516
FITTED AUDIT manny 532 fine/hands_low_behind/003 hard 24518 queries 81606
FITTED AUDIT manny 533 fine/hands_low_behind/004 hard 24564 queries 81700
FITTED AUDIT manny 534 fine/hands_low_behind/005 hard 24610 queries 81800
FITTED AUDIT manny 535 fine/hands_low_behind/006 hard 24656 queries 81908
FITTED AUDIT manny 536 fine/hands_low_behind/007 hard 24702 queries 82023
FITTED AUDIT manny 537 fine/hands_low_behind/008 hard 24748 queries 82141
FITTED AUDIT manny 538 fine/hands_low_behind/009 hard 24794 queries 82261
FITTED AUDIT manny 539 fine/hands_low_behind/010 hard 24840 queries 82387
FITTED AUDIT manny 540 fine/hands_low_behind/011 hard 24886 queries 82387
FITTED AUDIT manny 541 fine/one_hand_up_back/000 hard 24932 queries 82387
FITTED AUDIT manny 542 fine/one_hand_up_back/001 hard 24978 queries 82592
FITTED AUDIT manny 543 fine/one_hand_up_back/002 hard 25024 queries 82663
FITTED AUDIT manny 544 fine/one_hand_up_back/003 hard 25070 queries 82873
FITTED AUDIT manny 545 fine/one_hand_up_back/004 hard 25116 queries 82948
FITTED AUDIT manny 546 fine/one_hand_up_back/005 hard 25162 queries 83164
FITTED AUDIT manny 547 fine/one_hand_up_back/006 hard 25208 queries 83241
FITTED AUDIT manny 548 fine/one_hand_up_back/007 hard 25254 queries 83459
FITTED AUDIT manny 549 fine/one_hand_up_back/008 hard 25300 queries 83537
FITTED AUDIT manny 550 fine/one_hand_up_back/009 hard 25346 queries 83758
FITTED AUDIT manny 551 fine/one_hand_up_back/010 hard 25392 queries 83841
FITTED AUDIT manny 552 fine/one_hand_up_back/011 hard 25438 queries 84072
FITTED AUDIT manny 553 fine/one_hand_up_back/012 hard 25484 queries 84164
FITTED AUDIT manny 554 fine/one_hand_up_back/013 hard 25530 queries 84261
FITTED AUDIT manny 555 fine/one_hand_up_back/014 hard 25576 queries 84362
FITTED AUDIT manny 556 fine/one_hand_up_back/015 hard 25622 queries 84618
FITTED AUDIT manny 557 fine/one_hand_up_back/016 hard 25668 queries 84724
FITTED AUDIT manny 558 fine/one_hand_up_back/017 hard 25714 queries 84977
FITTED AUDIT manny 559 fine/one_hand_up_back/018 hard 25760 queries 85081
FITTED AUDIT manny 560 fine/one_hand_up_back/019 hard 25806 queries 85327
FITTED AUDIT manny 561 fine/one_hand_up_back/020 hard 25852 queries 85423
FITTED AUDIT manny 562 fine/one_hand_up_back/021 hard 25898 queries 85671
FITTED AUDIT manny 563 fine/one_hand_up_back/022 hard 25944 queries 85771
FITTED AUDIT manny 564 fine/one_hand_up_back/023 hard 25990 queries 86022
FITTED AUDIT manny 565 fine/one_hand_up_back/024 hard 26036 queries 86135
FITTED AUDIT manny 566 fine/one_hand_up_back/025 hard 26082 queries 86404
FITTED AUDIT manny 567 fine/one_hand_up_back/026 hard 26128 queries 86404
FITTED AUDIT manny 568 fine/touch_back_head/000 hard 26174 queries 86404
FITTED AUDIT manny 569 fine/touch_back_head/001 hard 26220 queries 86624
FITTED AUDIT manny 570 fine/touch_back_head/002 hard 26266 queries 86850
FITTED AUDIT manny 571 fine/touch_back_head/003 hard 26312 queries 86850
FITTED AUDIT manny 572 fine/touch_back_head/004 hard 26358 queries 87095
FITTED AUDIT manny 573 fine/touch_back_head/005 hard 26404 queries 87212
FITTED AUDIT manny 574 fine/touch_back_head/006 hard 26450 queries 87212
FITTED AUDIT manny 575 fine/touch_back_head/007 hard 26496 queries 87470
FITTED AUDIT manny 576 fine/touch_back_head/008 hard 26542 queries 87729
FITTED AUDIT manny 577 fine/touch_back_head/009 hard 26588 queries 87729
FITTED AUDIT manny 578 fine/touch_back_head/010 hard 26634 queries 87848
FITTED AUDIT manny 579 fine/touch_back_head/011 hard 26680 queries 88109
FITTED AUDIT manny 580 fine/touch_back_head/012 hard 26726 queries 88109
FITTED AUDIT manny 581 fine/touch_back_head/013 hard 26772 queries 88375
FITTED AUDIT manny 582 fine/touch_back_head/014 hard 26818 queries 88643
FITTED AUDIT manny 583 fine/touch_back_head/015 hard 26864 queries 88643
FITTED AUDIT manny 584 fine/touch_back_head/016 hard 26910 queries 88927
FITTED AUDIT manny 585 fine/touch_back_head/017 hard 26956 queries 89206
FITTED AUDIT manny 586 fine/touch_back_head/018 hard 27002 queries 89206
FITTED AUDIT manny 587 fine/touch_back_head/019 hard 27048 queries 89485
FITTED AUDIT manny 588 fine/touch_back_head/020 hard 27094 queries 89610
FITTED AUDIT manny 589 fine/touch_back_head/021 hard 27140 queries 89610
FITTED AUDIT manny 590 fine/touch_back_head/022 hard 27186 queries 89905
FITTED AUDIT manny 591 fine/touch_back_head/023 hard 27232 queries 90206
FITTED AUDIT manny 592 fine/touch_back_head/024 hard 27278 queries 90206
FITTED AUDIT manny 593 fine/touch_back_head/025 hard 27324 queries 90366
FITTED AUDIT manny 594 fine/touch_back_head/026 hard 27370 queries 90689
FITTED AUDIT manny 595 fine/touch_back_head/027 hard 27416 queries 90689
FITTED AUDIT manny 596 fine/touch_back_head/028 hard 27462 queries 91012
FITTED AUDIT manny 597 fine/touch_back_head/029 hard 27508 queries 91334
FITTED AUDIT manny 598 fine/touch_back_head/030 hard 27554 queries 91334
FITTED AUDIT manny 599 fine/kneeling/000 hard 27600 queries 91334
FITTED AUDIT manny 600 fine/kneeling/001 hard 27646 queries 91536
FITTED AUDIT manny 601 fine/kneeling/002 hard 27692 queries 91739
FITTED AUDIT manny 602 fine/kneeling/003 hard 27738 queries 91944
FITTED AUDIT manny 603 fine/kneeling/004 hard 27784 queries 92151
FITTED AUDIT manny 604 fine/kneeling/005 hard 27830 queries 92360
FITTED AUDIT manny 605 fine/kneeling/006 hard 27876 queries 92571
FITTED AUDIT manny 606 fine/kneeling/007 hard 27922 queries 92789
FITTED AUDIT manny 607 fine/kneeling/008 hard 27968 queries 93007
FITTED AUDIT manny 608 fine/kneeling/009 hard 28014 queries 93231
FITTED AUDIT manny 609 fine/kneeling/010 hard 28060 queries 93458
FITTED AUDIT manny 610 fine/kneeling/011 hard 28106 queries 93687
FITTED AUDIT manny 611 fine/kneeling/012 hard 28152 queries 93923
FITTED AUDIT manny 612 fine/kneeling/013 hard 28198 queries 94079
FITTED AUDIT manny 613 fine/kneeling/014 hard 28244 queries 94323
FITTED AUDIT manny 614 fine/kneeling/015 hard 28290 queries 94571
FITTED AUDIT manny 615 fine/kneeling/016 hard 28336 queries 94820
FITTED AUDIT manny 616 fine/kneeling/017 hard 28382 queries 95072
FITTED AUDIT manny 617 fine/kneeling/018 hard 28428 queries 95325
FITTED AUDIT manny 618 fine/kneeling/019 hard 28474 queries 95579
FITTED AUDIT manny 619 fine/kneeling/020 hard 28520 queries 95832
FITTED AUDIT manny 620 fine/kneeling/021 hard 28566 queries 96086
FITTED AUDIT manny 621 fine/kneeling/022 hard 28612 queries 96344
FITTED AUDIT manny 622 fine/kneeling/023 hard 28658 queries 96608
FITTED AUDIT manny 623 fine/kneeling/024 hard 28704 queries 96876
FITTED AUDIT manny 624 fine/kneeling/025 hard 28750 queries 97145
FITTED AUDIT manny 625 fine/kneeling/026 hard 28796 queries 97145
FITTED AUDIT manny 626 fine/trunk_bend_twist/000 hard 28842 queries 97145
FITTED AUDIT manny 627 fine/trunk_bend_twist/001 hard 28888 queries 97307
FITTED AUDIT manny 628 fine/trunk_bend_twist/002 hard 28934 queries 97499
FITTED AUDIT manny 629 fine/trunk_bend_twist/003 hard 28980 queries 97723
FITTED AUDIT manny 630 fine/trunk_bend_twist/004 hard 29026 queries 97959
FITTED AUDIT manny 631 fine/trunk_bend_twist/005 hard 29072 queries 98208
FITTED AUDIT manny 632 fine/trunk_bend_twist/006 hard 29118 queries 98488
FITTED AUDIT manny 633 fine/trunk_bend_twist/007 hard 29164 queries 98488
FITTED AUDIT manny 634 fine/shoulder_extend_internal/000 hard 29210 queries 98488
FITTED AUDIT manny 635 fine/shoulder_extend_internal/001 hard 29256 queries 98567
FITTED AUDIT manny 636 fine/shoulder_extend_internal/002 hard 29302 queries 98642
FITTED AUDIT manny 637 fine/shoulder_extend_internal/003 hard 29348 queries 98730
FITTED AUDIT manny 638 fine/shoulder_extend_internal/004 hard 29394 queries 98808
FITTED AUDIT manny 639 fine/shoulder_extend_internal/005 hard 29440 queries 98901
FITTED AUDIT manny 640 fine/shoulder_extend_internal/006 hard 29486 queries 98987
FITTED AUDIT manny 641 fine/shoulder_extend_internal/007 hard 29532 queries 99077
FITTED AUDIT manny 642 fine/shoulder_extend_internal/008 hard 29578 queries 99169
FITTED AUDIT manny 643 fine/shoulder_extend_internal/009 hard 29624 queries 99282
FITTED AUDIT manny 644 fine/shoulder_extend_internal/010 hard 29670 queries 99380
FITTED AUDIT manny 645 fine/shoulder_extend_internal/011 hard 29716 queries 99497
FITTED AUDIT manny 646 fine/shoulder_extend_internal/012 hard 29762 queries 99598
FITTED AUDIT manny 647 fine/shoulder_extend_internal/013 hard 29808 queries 99718
FITTED AUDIT manny 648 fine/shoulder_extend_internal/014 hard 29854 queries 99718
FITTED AUDIT manny 649 fine/legs_together/000 hard 29900 queries 99718
FITTED AUDIT manny 650 fine/legs_together/001 hard 29946 queries 99718
FITTED AUDIT manny 651 fine/legs_together/002 hard 29992 queries 99718
FITTED AUDIT manny 652 fine/legs_together/003 hard 30038 queries 99718
FITTED AUDIT manny 653 fine/legs_together/004 hard 30084 queries 99718
FITTED AUDIT manny 654 fine/legs_together/005 hard 30130 queries 99718
FITTED AUDIT manny 655 fine/legs_together/006 hard 30176 queries 99718
FITTED AUDIT manny 656 fine/legs_together/007 hard 30222 queries 99718
FITTED AUDIT manny 657 fine/legs_crossed/000 hard 30268 queries 99718
FITTED AUDIT manny 658 fine/legs_crossed/001 hard 30314 queries 99848
FITTED AUDIT manny 659 fine/legs_crossed/002 hard 30360 queries 99978
FITTED AUDIT manny 660 fine/legs_crossed/003 hard 30406 queries 100113
FITTED AUDIT manny 661 fine/legs_crossed/004 hard 30452 queries 100254
FITTED AUDIT manny 662 fine/legs_crossed/005 hard 30498 queries 100398
FITTED AUDIT manny 663 fine/legs_crossed/006 hard 30544 queries 100549
FITTED AUDIT manny 664 fine/legs_crossed/007 hard 30590 queries 100549
FITTED AUDIT manny 665 fine/left_side_lying/000 hard 30636 queries 100549
FITTED AUDIT manny 666 fine/left_side_lying/001 hard 30682 queries 100549
FITTED AUDIT manny 667 fine/left_side_lying/002 hard 30728 queries 100549
FITTED AUDIT manny 668 fine/left_side_lying/003 hard 30774 queries 100549
FITTED AUDIT manny 669 fine/left_side_lying/004 hard 30820 queries 100549
FITTED AUDIT manny 670 fine/left_side_lying/005 hard 30866 queries 100549
FITTED AUDIT manny 671 fine/left_side_lying/006 hard 30912 queries 100549
FITTED AUDIT manny 672 fine/left_side_lying/007 hard 30958 queries 100549
FITTED AUDIT manny 673 fine/right_side_lying/000 hard 31004 queries 100549
FITTED AUDIT manny 674 fine/right_side_lying/001 hard 31050 queries 100549
FITTED AUDIT manny 675 fine/right_side_lying/002 hard 31096 queries 100549
FITTED AUDIT manny 676 fine/right_side_lying/003 hard 31142 queries 100549
FITTED AUDIT manny 677 fine/right_side_lying/004 hard 31188 queries 100549
FITTED AUDIT manny 678 fine/right_side_lying/005 hard 31234 queries 100549
FITTED AUDIT manny 679 fine/right_side_lying/006 hard 31280 queries 100549
FITTED AUDIT manny 680 fine/right_side_lying/007 hard 31326 queries 100549
FITTED AUDIT manny 681 fine/prone/000 hard 31372 queries 100549
FITTED AUDIT manny 682 fine/prone/001 hard 31418 queries 100549
FITTED AUDIT manny 683 fine/prone/002 hard 31464 queries 100549
FITTED AUDIT manny 684 fine/prone/003 hard 31510 queries 100549
FITTED AUDIT manny 685 fine/prone/004 hard 31556 queries 100549
FITTED AUDIT manny 686 fine/prone/005 hard 31602 queries 100549
FITTED AUDIT manny 687 fine/prone/006 hard 31648 queries 100549
FITTED AUDIT manny 688 fine/prone/007 hard 31694 queries 100549
FITTED SUMMARY manny 31694 0
