FITTED AUDIT quinn 0 assembly hard 46 queries 841
FITTED AUDIT quinn 1 neutral hard 92 queries 1087
FITTED AUDIT quinn 2 arms_forward hard 138 queries 1201
FITTED AUDIT quinn 3 arms_overhead hard 184 queries 1356
FITTED AUDIT quinn 4 arms_side hard 230 queries 1450
FITTED AUDIT quinn 5 hands_on_hips hard 276 queries 1597
FITTED AUDIT quinn 6 arms_crossed hard 322 queries 1777
FITTED AUDIT quinn 7 forehead hard 368 queries 1838
FITTED AUDIT quinn 8 sitting hard 414 queries 1896
FITTED AUDIT quinn 9 crouch hard 460 queries 2452
FITTED AUDIT quinn 10 head_tilt hard 506 queries 2555
FITTED AUDIT quinn 11 hip_abduction hard 552 queries 2670
FITTED AUDIT quinn 12 palms_turn hard 598 queries 2703
FITTED AUDIT quinn 13 hands_low_behind hard 644 queries 2836
FITTED AUDIT quinn 14 one_hand_up_back hard 690 queries 2897
FITTED AUDIT quinn 15 touch_back_head hard 736 queries 2935
FITTED AUDIT quinn 16 kneeling hard 782 queries 2967
FITTED AUDIT quinn 17 trunk_bend_twist hard 828 queries 3871
FITTED AUDIT quinn 18 shoulder_extend_internal hard 874 queries 3932
FITTED AUDIT quinn 19 legs_crossed hard 920 queries 3959
FITTED AUDIT quinn 20 bilateral_clavicle_1 hard 966 queries 4171
FITTED AUDIT quinn 21 bilateral_clavicle_2 hard 1012 queries 4363
FITTED AUDIT quinn 22 bilateral_clavicle_3 hard 1058 queries 4436
FITTED AUDIT quinn 23 bilateral_clavicle_4 hard 1104 queries 4521
FITTED AUDIT quinn 24 bilateral_clavicle_5 hard 1150 queries 4622
FITTED AUDIT quinn 25 bilateral_clavicle_6 hard 1196 queries 4644
FITTED AUDIT quinn 26 bilateral_clavicle_7 hard 1242 queries 4730
FITTED AUDIT quinn 27 waist.yaw.0 hard 1288 queries 4768
FITTED AUDIT quinn 28 waist.yaw.1 hard 1334 queries 4788
FITTED AUDIT quinn 29 waist.pitch.0 hard 1380 queries 4854
FITTED AUDIT quinn 30 waist.pitch.1 hard 1426 queries 4923
FITTED AUDIT quinn 31 waist.roll.0 hard 1472 queries 4938
FITTED AUDIT quinn 32 waist.roll.1 hard 1518 queries 4954
FITTED AUDIT quinn 33 chest.yaw.0 hard 1564 queries 4999
FITTED AUDIT quinn 34 chest.yaw.1 hard 1610 queries 5054
FITTED AUDIT quinn 35 chest.pitch.0 hard 1656 queries 5179
FITTED AUDIT quinn 36 chest.pitch.1 hard 1702 queries 5268
FITTED AUDIT quinn 37 chest.roll.0 hard 1748 queries 5353
FITTED AUDIT quinn 38 chest.roll.1 hard 1794 queries 5405
FITTED AUDIT quinn 39 head.yaw.0 hard 1840 queries 5486
FITTED AUDIT quinn 40 head.yaw.1 hard 1886 queries 5567
FITTED AUDIT quinn 41 head.pitch.0 hard 1932 queries 5574
FITTED AUDIT quinn 42 head.pitch.1 hard 1978 queries 5663
FITTED AUDIT quinn 43 head.roll.0 hard 2024 queries 5738
FITTED AUDIT quinn 44 head.roll.1 hard 2070 queries 5828
FITTED AUDIT quinn 45 clavicle_l.protract.0 hard 2116 queries 5828
FITTED AUDIT quinn 46 clavicle_l.protract.1 hard 2162 queries 5828
FITTED AUDIT quinn 47 clavicle_l.elevate.0 hard 2208 queries 5828
FITTED AUDIT quinn 48 clavicle_l.elevate.1 hard 2254 queries 5828
FITTED AUDIT quinn 49 upperarm_l.flex.0 hard 2300 queries 5893
FITTED AUDIT quinn 50 upperarm_l.flex.1 hard 2346 queries 5893
FITTED AUDIT quinn 51 upperarm_l.abduct.0 hard 2392 queries 5949
FITTED AUDIT quinn 52 upperarm_l.abduct.1 hard 2438 queries 5949
FITTED AUDIT quinn 53 upperarm_l.twist.0 hard 2484 queries 5987
FITTED AUDIT quinn 54 upperarm_l.twist.1 hard 2530 queries 6041
FITTED AUDIT quinn 55 elbow_l.flex.0 hard 2576 queries 6041
FITTED AUDIT quinn 56 elbow_l.flex.1 hard 2622 queries 6053
FITTED AUDIT quinn 57 forearm_l.twist.0 hard 2668 queries 6062
FITTED AUDIT quinn 58 forearm_l.twist.1 hard 2714 queries 6073
FITTED AUDIT quinn 59 hand_l.flex.0 hard 2760 queries 6080
FITTED AUDIT quinn 60 hand_l.flex.1 hard 2806 queries 6090
FITTED AUDIT quinn 61 hand_l.deviate.0 hard 2852 queries 6090
FITTED AUDIT quinn 62 hand_l.deviate.1 hard 2898 queries 6090
FITTED AUDIT quinn 63 thigh_l.flex.0 hard 2944 queries 6107
FITTED AUDIT quinn 64 thigh_l.flex.1 hard 2990 queries 6139
FITTED AUDIT quinn 65 thigh_l.abduct.0 hard 3036 queries 6153
FITTED AUDIT quinn 66 thigh_l.abduct.1 hard 3082 queries 6173
FITTED AUDIT quinn 67 thigh_l.twist.0 hard 3128 queries 6185
FITTED AUDIT quinn 68 thigh_l.twist.1 hard 3174 queries 6186
FITTED AUDIT quinn 69 calf_l.flex.0 hard 3220 queries 6186
FITTED AUDIT quinn 70 calf_l.flex.1 hard 3266 queries 6190
FITTED AUDIT quinn 71 foot_l.dorsiflex.0 hard 3312 queries 6190
FITTED AUDIT quinn 72 foot_l.dorsiflex.1 hard 3358 queries 6190
FITTED AUDIT quinn 73 foot_l.invert.0 hard 3404 queries 6190
FITTED AUDIT quinn 74 foot_l.invert.1 hard 3450 queries 6190
FITTED AUDIT quinn 75 ball_l.flex.0 hard 3496 queries 6190
FITTED AUDIT quinn 76 ball_l.flex.1 hard 3542 queries 6190
FITTED AUDIT quinn 77 clavicle_r.protract.0 hard 3588 queries 6190
FITTED AUDIT quinn 78 clavicle_r.protract.1 hard 3634 queries 6190
FITTED AUDIT quinn 79 clavicle_r.elevate.0 hard 3680 queries 6190
FITTED AUDIT quinn 80 clavicle_r.elevate.1 hard 3726 queries 6190
FITTED AUDIT quinn 81 upperarm_r.flex.0 hard 3772 queries 6256
FITTED AUDIT quinn 82 upperarm_r.flex.1 hard 3818 queries 6256
FITTED AUDIT quinn 83 upperarm_r.abduct.0 hard 3864 queries 6312
FITTED AUDIT quinn 84 upperarm_r.abduct.1 hard 3910 queries 6312
FITTED AUDIT quinn 85 upperarm_r.twist.0 hard 3956 queries 6350
FITTED AUDIT quinn 86 upperarm_r.twist.1 hard 4002 queries 6404
FITTED AUDIT quinn 87 elbow_r.flex.0 hard 4048 queries 6404
FITTED AUDIT quinn 88 elbow_r.flex.1 hard 4094 queries 6415
FITTED AUDIT quinn 89 forearm_r.twist.0 hard 4140 queries 6423
FITTED AUDIT quinn 90 forearm_r.twist.1 hard 4186 queries 6431
FITTED AUDIT quinn 91 hand_r.flex.0 hard 4232 queries 6439
FITTED AUDIT quinn 92 hand_r.flex.1 hard 4278 queries 6447
FITTED AUDIT quinn 93 hand_r.deviate.0 hard 4324 queries 6447
FITTED AUDIT quinn 94 hand_r.deviate.1 hard 4370 queries 6447
FITTED AUDIT quinn 95 thigh_r.flex.0 hard 4416 queries 6462
FITTED AUDIT quinn 96 thigh_r.flex.1 hard 4462 queries 6499
FITTED AUDIT quinn 97 thigh_r.abduct.0 hard 4508 queries 6513
FITTED AUDIT quinn 98 thigh_r.abduct.1 hard 4554 queries 6533
FITTED AUDIT quinn 99 thigh_r.twist.0 hard 4600 queries 6545
FITTED AUDIT quinn 100 thigh_r.twist.1 hard 4646 queries 6548
FITTED AUDIT quinn 101 calf_r.flex.0 hard 4692 queries 6548
FITTED AUDIT quinn 102 calf_r.flex.1 hard 4738 queries 6552
FITTED AUDIT quinn 103 foot_r.dorsiflex.0 hard 4784 queries 6555
FITTED AUDIT quinn 104 foot_r.dorsiflex.1 hard 4830 queries 6557
FITTED AUDIT quinn 105 foot_r.invert.0 hard 4876 queries 6557
FITTED AUDIT quinn 106 foot_r.invert.1 hard 4922 queries 6557
FITTED AUDIT quinn 107 ball_r.flex.0 hard 4968 queries 6559
FITTED AUDIT quinn 108 ball_r.flex.1 hard 5014 queries 6561
FITTED AUDIT quinn 109 raw/neutral/000 hard 5060 queries 6561
FITTED AUDIT quinn 110 raw/neutral/001 hard 5106 queries 6638
FITTED AUDIT quinn 111 raw/neutral/002 hard 5152 queries 6738
FITTED AUDIT quinn 112 raw/neutral/003 hard 5198 queries 6738
FITTED AUDIT quinn 113 raw/arms_forward/000 hard 5244 queries 6738
FITTED AUDIT quinn 114 raw/arms_forward/001 hard 5290 queries 6831
FITTED AUDIT quinn 115 raw/arms_forward/002 hard 5336 queries 6947
FITTED AUDIT quinn 116 raw/arms_forward/003 hard 5382 queries 7064
FITTED AUDIT quinn 117 raw/arms_forward/004 hard 5428 queries 7178
FITTED AUDIT quinn 118 raw/arms_forward/005 hard 5474 queries 7178
FITTED AUDIT quinn 119 raw/arms_overhead/000 hard 5520 queries 7178
FITTED AUDIT quinn 120 raw/arms_overhead/001 hard 5566 queries 7294
FITTED AUDIT quinn 121 raw/arms_overhead/002 hard 5612 queries 7434
FITTED AUDIT quinn 122 raw/arms_overhead/003 hard 5658 queries 7583
FITTED AUDIT quinn 123 raw/arms_overhead/004 hard 5704 queries 7715
FITTED AUDIT quinn 124 raw/arms_overhead/005 hard 5750 queries 7845
FITTED AUDIT quinn 125 raw/arms_overhead/006 hard 5796 queries 7969
FITTED AUDIT quinn 126 raw/arms_overhead/007 hard 5842 queries 8084
FITTED AUDIT quinn 127 raw/arms_overhead/008 hard 5888 queries 8183
FITTED AUDIT quinn 128 raw/arms_overhead/009 hard 5934 queries 8292
FITTED AUDIT quinn 129 raw/arms_overhead/010 hard 5980 queries 8395
FITTED AUDIT quinn 130 raw/arms_overhead/011 hard 6026 queries 8495
FITTED AUDIT quinn 131 raw/arms_overhead/012 hard 6072 queries 8595
FITTED AUDIT quinn 132 raw/arms_overhead/013 hard 6118 queries 8595
FITTED AUDIT quinn 133 raw/arms_side/000 hard 6164 queries 8595
FITTED AUDIT quinn 134 raw/arms_side/001 hard 6210 queries 8687
FITTED AUDIT quinn 135 raw/arms_side/002 hard 6256 queries 8792
FITTED AUDIT quinn 136 raw/arms_side/003 hard 6302 queries 8896
FITTED AUDIT quinn 137 raw/arms_side/004 hard 6348 queries 8994
FITTED AUDIT quinn 138 raw/arms_side/005 hard 6394 queries 8994
FITTED AUDIT quinn 139 raw/hands_on_hips/000 hard 6440 queries 8994
FITTED AUDIT quinn 140 raw/hands_on_hips/001 hard 6486 queries 9078
FITTED AUDIT quinn 141 raw/hands_on_hips/002 hard 6532 queries 9167
FITTED AUDIT quinn 142 raw/hands_on_hips/003 hard 6578 queries 9266
FITTED AUDIT quinn 143 raw/hands_on_hips/004 hard 6624 queries 9350
FITTED AUDIT quinn 144 raw/hands_on_hips/005 hard 6670 queries 9455
FITTED AUDIT quinn 145 raw/hands_on_hips/006 hard 6716 queries 9561
FITTED AUDIT quinn 146 raw/hands_on_hips/007 hard 6762 queries 9674
FITTED AUDIT quinn 147 raw/hands_on_hips/008 hard 6808 queries 9674
FITTED AUDIT quinn 148 raw/arms_crossed/000 hard 6854 queries 9674
FITTED AUDIT quinn 149 raw/arms_crossed/001 hard 6900 queries 9768
FITTED AUDIT quinn 150 raw/arms_crossed/002 hard 6946 queries 9872
FITTED AUDIT quinn 151 raw/arms_crossed/003 hard 6992 queries 9989
FITTED AUDIT quinn 152 raw/arms_crossed/004 hard 7038 queries 10115
FITTED AUDIT quinn 153 raw/arms_crossed/005 hard 7084 queries 10245
FITTED AUDIT quinn 154 raw/arms_crossed/006 hard 7130 queries 10391
FITTED AUDIT quinn 155 raw/arms_crossed/007 hard 7176 queries 10542
FITTED AUDIT quinn 156 raw/arms_crossed/008 hard 7222 queries 10542
FITTED AUDIT quinn 157 raw/forehead/000 hard 7268 queries 10542
FITTED AUDIT quinn 158 raw/forehead/001 hard 7314 queries 10626
FITTED AUDIT quinn 159 raw/forehead/002 hard 7360 queries 10730
FITTED AUDIT quinn 160 raw/forehead/003 hard 7406 queries 10842
FITTED AUDIT quinn 161 raw/forehead/004 hard 7452 queries 10947
FITTED AUDIT quinn 162 raw/forehead/005 hard 7498 queries 11053
FITTED AUDIT quinn 163 raw/forehead/006 hard 7544 queries 11161
FITTED AUDIT quinn 164 raw/forehead/007 hard 7590 queries 11275
FITTED AUDIT quinn 165 raw/forehead/008 hard 7636 queries 11390
FITTED AUDIT quinn 166 raw/forehead/009 hard 7682 queries 11497
FITTED AUDIT quinn 167 raw/forehead/010 hard 7728 queries 11595
FITTED AUDIT quinn 168 raw/forehead/011 hard 7774 queries 11696
FITTED AUDIT quinn 169 raw/forehead/012 hard 7820 queries 11806
FITTED AUDIT quinn 170 raw/forehead/013 hard 7866 queries 11806
FITTED AUDIT quinn 171 raw/sitting/000 hard 7912 queries 11806
FITTED AUDIT quinn 172 raw/sitting/001 hard 7958 queries 11901
FITTED AUDIT quinn 173 raw/sitting/002 hard 8004 queries 11962
FITTED AUDIT quinn 174 raw/sitting/003 hard 8050 queries 12128
FITTED AUDIT quinn 175 raw/sitting/004 hard 8096 queries 12205
FITTED AUDIT quinn 176 raw/sitting/005 hard 8142 queries 12359
FITTED AUDIT quinn 177 raw/sitting/006 hard 8188 queries 12359
FITTED AUDIT quinn 178 raw/crouch/000 hard 8234 queries 12359
FITTED AUDIT quinn 179 raw/crouch/001 hard 8280 queries 12483
FITTED AUDIT quinn 180 raw/crouch/002 hard 8326 queries 12641
FITTED AUDIT quinn 181 raw/crouch/003 hard 8372 queries 12742
FITTED AUDIT quinn 182 raw/crouch/004 hard 8418 queries 12911
FITTED AUDIT quinn 183 raw/crouch/005 hard 8464 queries 13073
FITTED AUDIT quinn 184 raw/crouch/006 hard 8510 queries 13136
FITTED AUDIT quinn 185 raw/crouch/007 hard 8556 queries 13312
FITTED AUDIT quinn 186 raw/crouch/008 hard 8602 queries 13520
FITTED AUDIT quinn 187 raw/crouch/009 hard 8648 queries 13520
FITTED AUDIT quinn 188 raw/head_tilt/000 hard 8694 queries 13520
FITTED AUDIT quinn 189 raw/head_tilt/001 hard 8740 queries 13605
FITTED AUDIT quinn 190 raw/head_tilt/002 hard 8786 queries 13689
FITTED AUDIT quinn 191 raw/head_tilt/003 hard 8832 queries 13781
FITTED AUDIT quinn 192 raw/head_tilt/004 hard 8878 queries 13870
FITTED AUDIT quinn 193 raw/head_tilt/005 hard 8924 queries 13970
FITTED AUDIT quinn 194 raw/head_tilt/006 hard 8970 queries 13970
FITTED AUDIT quinn 195 raw/hip_abduction/000 hard 9016 queries 13970
FITTED AUDIT quinn 196 raw/hip_abduction/001 hard 9062 queries 14061
FITTED AUDIT quinn 197 raw/hip_abduction/002 hard 9108 queries 14098
FITTED AUDIT quinn 198 raw/hip_abduction/003 hard 9154 queries 14239
FITTED AUDIT quinn 199 raw/hip_abduction/004 hard 9200 queries 14239
FITTED AUDIT quinn 200 raw/palms_turn/000 hard 9246 queries 14239
FITTED AUDIT quinn 201 raw/palms_turn/001 hard 9292 queries 14268
FITTED AUDIT quinn 202 raw/palms_turn/002 hard 9338 queries 14314
FITTED AUDIT quinn 203 raw/palms_turn/003 hard 9384 queries 14377
FITTED AUDIT quinn 204 raw/palms_turn/004 hard 9430 queries 14436
FITTED AUDIT quinn 205 raw/palms_turn/005 hard 9476 queries 14478
FITTED AUDIT quinn 206 raw/palms_turn/006 hard 9522 queries 14478
FITTED AUDIT quinn 207 raw/hands_low_behind/000 hard 9568 queries 14478
FITTED AUDIT quinn 208 raw/hands_low_behind/001 hard 9614 queries 14549
FITTED AUDIT quinn 209 raw/hands_low_behind/002 hard 9660 queries 14642
FITTED AUDIT quinn 210 raw/hands_low_behind/003 hard 9706 queries 14745
FITTED AUDIT quinn 211 raw/hands_low_behind/004 hard 9752 queries 14745
FITTED AUDIT quinn 212 raw/one_hand_up_back/000 hard 9798 queries 14745
FITTED AUDIT quinn 213 raw/one_hand_up_back/001 hard 9844 queries 14793
FITTED AUDIT quinn 214 raw/one_hand_up_back/002 hard 9890 queries 14841
FITTED AUDIT quinn 215 raw/one_hand_up_back/003 hard 9936 queries 14882
FITTED AUDIT quinn 216 raw/one_hand_up_back/004 hard 9982 queries 14941
FITTED AUDIT quinn 217 raw/one_hand_up_back/005 hard 10028 queries 15012
FITTED AUDIT quinn 218 raw/one_hand_up_back/006 hard 10074 queries 15071
FITTED AUDIT quinn 219 raw/one_hand_up_back/007 hard 10120 queries 15140
FITTED AUDIT quinn 220 raw/one_hand_up_back/008 hard 10166 queries 15210
FITTED AUDIT quinn 221 raw/one_hand_up_back/009 hard 10212 queries 15210
FITTED AUDIT quinn 222 raw/touch_back_head/000 hard 10258 queries 15210
FITTED AUDIT quinn 223 raw/touch_back_head/001 hard 10304 queries 15316
FITTED AUDIT quinn 224 raw/touch_back_head/002 hard 10350 queries 15424
FITTED AUDIT quinn 225 raw/touch_back_head/003 hard 10396 queries 15529
FITTED AUDIT quinn 226 raw/touch_back_head/004 hard 10442 queries 15633
FITTED AUDIT quinn 227 raw/touch_back_head/005 hard 10488 queries 15692
FITTED AUDIT quinn 228 raw/touch_back_head/006 hard 10534 queries 15796
FITTED AUDIT quinn 229 raw/touch_back_head/007 hard 10580 queries 15910
FITTED AUDIT quinn 230 raw/touch_back_head/008 hard 10626 queries 16014
FITTED AUDIT quinn 231 raw/touch_back_head/009 hard 10672 queries 16123
FITTED AUDIT quinn 232 raw/touch_back_head/010 hard 10718 queries 16123
FITTED AUDIT quinn 233 raw/kneeling/000 hard 10764 queries 16123
FITTED AUDIT quinn 234 raw/kneeling/001 hard 10810 queries 16133
FITTED AUDIT quinn 235 raw/kneeling/002 hard 10856 queries 16144
FITTED AUDIT quinn 236 raw/kneeling/003 hard 10902 queries 16157
FITTED AUDIT quinn 237 raw/kneeling/004 hard 10948 queries 16175
FITTED AUDIT quinn 238 raw/kneeling/005 hard 10994 queries 16196
FITTED AUDIT quinn 239 raw/kneeling/006 hard 11040 queries 16220
FITTED AUDIT quinn 240 raw/kneeling/007 hard 11086 queries 16244
FITTED AUDIT quinn 241 raw/kneeling/008 hard 11132 queries 16274
FITTED AUDIT quinn 242 raw/kneeling/009 hard 11178 queries 16274
FITTED AUDIT quinn 243 raw/trunk_bend_twist/000 hard 11224 queries 16274
FITTED AUDIT quinn 244 raw/trunk_bend_twist/001 hard 11270 queries 16627
FITTED AUDIT quinn 245 raw/trunk_bend_twist/002 hard 11316 queries 17145
FITTED AUDIT quinn 246 raw/trunk_bend_twist/003 hard 11362 queries 17149
FITTED AUDIT quinn 247 raw/shoulder_extend_internal/000 hard 11408 queries 17149
FITTED AUDIT quinn 248 raw/shoulder_extend_internal/001 hard 11454 queries 17183
FITTED AUDIT quinn 249 raw/shoulder_extend_internal/002 hard 11500 queries 17220
FITTED AUDIT quinn 250 raw/shoulder_extend_internal/003 hard 11546 queries 17266
FITTED AUDIT quinn 251 raw/shoulder_extend_internal/004 hard 11592 queries 17318
FITTED AUDIT quinn 252 raw/shoulder_extend_internal/005 hard 11638 queries 17318
FITTED AUDIT quinn 253 raw/legs_together/000 hard 11684 queries 17318
FITTED AUDIT quinn 254 raw/legs_together/001 hard 11730 queries 17318
FITTED AUDIT quinn 255 raw/legs_together/002 hard 11776 queries 17318
FITTED AUDIT quinn 256 raw/legs_together/003 hard 11822 queries 17318
FITTED AUDIT quinn 257 raw/legs_crossed/000 hard 11868 queries 17318
FITTED AUDIT quinn 258 raw/legs_crossed/001 hard 11914 queries 17327
FITTED AUDIT quinn 259 raw/legs_crossed/002 hard 11960 queries 17342
FITTED AUDIT quinn 260 raw/legs_crossed/003 hard 12006 queries 17342
FITTED AUDIT quinn 261 raw/left_side_lying/000 hard 12052 queries 17342
FITTED AUDIT quinn 262 raw/left_side_lying/001 hard 12098 queries 17342
FITTED AUDIT quinn 263 raw/left_side_lying/002 hard 12144 queries 17342
FITTED AUDIT quinn 264 raw/left_side_lying/003 hard 12190 queries 17342
FITTED AUDIT quinn 265 raw/right_side_lying/000 hard 12236 queries 17342
FITTED AUDIT quinn 266 raw/right_side_lying/001 hard 12282 queries 17342
FITTED AUDIT quinn 267 raw/right_side_lying/002 hard 12328 queries 17342
FITTED AUDIT quinn 268 raw/right_side_lying/003 hard 12374 queries 17342
FITTED AUDIT quinn 269 raw/prone/000 hard 12420 queries 17342
FITTED AUDIT quinn 270 raw/prone/001 hard 12466 queries 17342
FITTED AUDIT quinn 271 raw/prone/002 hard 12512 queries 17342
FITTED AUDIT quinn 272 raw/prone/003 hard 12558 queries 17342
FITTED AUDIT quinn 273 fine/neutral/000 hard 12604 queries 17342
FITTED AUDIT quinn 274 fine/neutral/001 hard 12650 queries 17413
FITTED AUDIT quinn 275 fine/neutral/002 hard 12696 queries 17486
FITTED AUDIT quinn 276 fine/neutral/003 hard 12742 queries 17565
FITTED AUDIT quinn 277 fine/neutral/004 hard 12788 queries 17660
FITTED AUDIT quinn 278 fine/neutral/005 hard 12834 queries 17761
FITTED AUDIT quinn 279 fine/neutral/006 hard 12880 queries 17865
FITTED AUDIT quinn 280 fine/neutral/007 hard 12926 queries 17865
FITTED AUDIT quinn 281 fine/arms_forward/000 hard 12972 queries 17865
FITTED AUDIT quinn 282 fine/arms_forward/001 hard 13018 queries 17949
FITTED AUDIT quinn 283 fine/arms_forward/002 hard 13064 queries 18036
FITTED AUDIT quinn 284 fine/arms_forward/003 hard 13110 queries 18131
FITTED AUDIT quinn 285 fine/arms_forward/004 hard 13156 queries 18230
FITTED AUDIT quinn 286 fine/arms_forward/005 hard 13202 queries 18341
FITTED AUDIT quinn 287 fine/arms_forward/006 hard 13248 queries 18446
FITTED AUDIT quinn 288 fine/arms_forward/007 hard 13294 queries 18558
FITTED AUDIT quinn 289 fine/arms_forward/008 hard 13340 queries 18668
FITTED AUDIT quinn 290 fine/arms_forward/009 hard 13386 queries 18785
FITTED AUDIT quinn 291 fine/arms_forward/010 hard 13432 queries 18888
FITTED AUDIT quinn 292 fine/arms_forward/011 hard 13478 queries 18999
FITTED AUDIT quinn 293 fine/arms_forward/012 hard 13524 queries 19104
FITTED AUDIT quinn 294 fine/arms_forward/013 hard 13570 queries 19220
FITTED AUDIT quinn 295 fine/arms_forward/014 hard 13616 queries 19220
FITTED AUDIT quinn 296 fine/arms_overhead/000 hard 13662 queries 19220
FITTED AUDIT quinn 297 fine/arms_overhead/001 hard 13708 queries 19306
FITTED AUDIT quinn 298 fine/arms_overhead/002 hard 13754 queries 19405
FITTED AUDIT quinn 299 fine/arms_overhead/003 hard 13800 queries 19520
FITTED AUDIT quinn 300 fine/arms_overhead/004 hard 13846 queries 19642
FITTED AUDIT quinn 301 fine/arms_overhead/005 hard 13892 queries 19768
FITTED AUDIT quinn 302 fine/arms_overhead/006 hard 13938 queries 19899
FITTED AUDIT quinn 303 fine/arms_overhead/007 hard 13984 queries 20039
FITTED AUDIT quinn 304 fine/arms_overhead/008 hard 14030 queries 20175
FITTED AUDIT quinn 305 fine/arms_overhead/009 hard 14076 queries 20311
FITTED AUDIT quinn 306 fine/arms_overhead/010 hard 14122 queries 20445
FITTED AUDIT quinn 307 fine/arms_overhead/011 hard 14168 queries 20577
FITTED AUDIT quinn 308 fine/arms_overhead/012 hard 14214 queries 20707
FITTED AUDIT quinn 309 fine/arms_overhead/013 hard 14260 queries 20837
FITTED AUDIT quinn 310 fine/arms_overhead/014 hard 14306 queries 20967
FITTED AUDIT quinn 311 fine/arms_overhead/015 hard 14352 queries 21095
FITTED AUDIT quinn 312 fine/arms_overhead/016 hard 14398 queries 21219
FITTED AUDIT quinn 313 fine/arms_overhead/017 hard 14444 queries 21343
FITTED AUDIT quinn 314 fine/arms_overhead/018 hard 14490 queries 21467
FITTED AUDIT quinn 315 fine/arms_overhead/019 hard 14536 queries 21590
FITTED AUDIT quinn 316 fine/arms_overhead/020 hard 14582 queries 21703
FITTED AUDIT quinn 317 fine/arms_overhead/021 hard 14628 queries 21812
FITTED AUDIT quinn 318 fine/arms_overhead/022 hard 14674 queries 21911
FITTED AUDIT quinn 319 fine/arms_overhead/023 hard 14720 queries 22009
FITTED AUDIT quinn 320 fine/arms_overhead/024 hard 14766 queries 22105
FITTED AUDIT quinn 321 fine/arms_overhead/025 hard 14812 queries 22208
FITTED AUDIT quinn 322 fine/arms_overhead/026 hard 14858 queries 22312
FITTED AUDIT quinn 323 fine/arms_overhead/027 hard 14904 queries 22421
FITTED AUDIT quinn 324 fine/arms_overhead/028 hard 14950 queries 22527
FITTED AUDIT quinn 325 fine/arms_overhead/029 hard 14996 queries 22630
FITTED AUDIT quinn 326 fine/arms_overhead/030 hard 15042 queries 22731
FITTED AUDIT quinn 327 fine/arms_overhead/031 hard 15088 queries 22830
FITTED AUDIT quinn 328 fine/arms_overhead/032 hard 15134 queries 22931
FITTED AUDIT quinn 329 fine/arms_overhead/033 hard 15180 queries 23028
FITTED AUDIT quinn 330 fine/arms_overhead/034 hard 15226 queries 23126
FITTED AUDIT quinn 331 fine/arms_overhead/035 hard 15272 queries 23228
FITTED AUDIT quinn 332 fine/arms_overhead/036 hard 15318 queries 23329
FITTED AUDIT quinn 333 fine/arms_overhead/037 hard 15364 queries 23329
FITTED AUDIT quinn 334 fine/arms_side/000 hard 15410 queries 23329
FITTED AUDIT quinn 335 fine/arms_side/001 hard 15456 queries 23403
FITTED AUDIT quinn 336 fine/arms_side/002 hard 15502 queries 23485
FITTED AUDIT quinn 337 fine/arms_side/003 hard 15548 queries 23577
FITTED AUDIT quinn 338 fine/arms_side/004 hard 15594 queries 23676
FITTED AUDIT quinn 339 fine/arms_side/005 hard 15640 queries 23781
FITTED AUDIT quinn 340 fine/arms_side/006 hard 15686 queries 23886
FITTED AUDIT quinn 341 fine/arms_side/007 hard 15732 queries 23991
FITTED AUDIT quinn 342 fine/arms_side/008 hard 15778 queries 24095
FITTED AUDIT quinn 343 fine/arms_side/009 hard 15824 queries 24199
FITTED AUDIT quinn 344 fine/arms_side/010 hard 15870 queries 24301
FITTED AUDIT quinn 345 fine/arms_side/011 hard 15916 queries 24399
FITTED AUDIT quinn 346 fine/arms_side/012 hard 15962 queries 24495
FITTED AUDIT quinn 347 fine/arms_side/013 hard 16008 queries 24589
FITTED AUDIT quinn 348 fine/arms_side/014 hard 16054 queries 24589
FITTED AUDIT quinn 349 fine/hands_on_hips/000 hard 16100 queries 24589
FITTED AUDIT quinn 350 fine/hands_on_hips/001 hard 16146 queries 24671
FITTED AUDIT quinn 351 fine/hands_on_hips/002 hard 16192 queries 24753
FITTED AUDIT quinn 352 fine/hands_on_hips/003 hard 16238 queries 24827
FITTED AUDIT quinn 353 fine/hands_on_hips/004 hard 16284 queries 24914
FITTED AUDIT quinn 354 fine/hands_on_hips/005 hard 16330 queries 25003
FITTED AUDIT quinn 355 fine/hands_on_hips/006 hard 16376 queries 25082
FITTED AUDIT quinn 356 fine/hands_on_hips/007 hard 16422 queries 25177
FITTED AUDIT quinn 357 fine/hands_on_hips/008 hard 16468 queries 25276
FITTED AUDIT quinn 358 fine/hands_on_hips/009 hard 16514 queries 25359
FITTED AUDIT quinn 359 fine/hands_on_hips/010 hard 16560 queries 25461
FITTED AUDIT quinn 360 fine/hands_on_hips/011 hard 16606 queries 25461
FITTED AUDIT quinn 361 fine/hands_on_hips/012 hard 16652 queries 25549
FITTED AUDIT quinn 362 fine/hands_on_hips/013 hard 16698 queries 25653
FITTED AUDIT quinn 363 fine/hands_on_hips/014 hard 16744 queries 25757
FITTED AUDIT quinn 364 fine/hands_on_hips/015 hard 16790 queries 25847
FITTED AUDIT quinn 365 fine/hands_on_hips/016 hard 16836 queries 25953
FITTED AUDIT quinn 366 fine/hands_on_hips/017 hard 16882 queries 26061
FITTED AUDIT quinn 367 fine/hands_on_hips/018 hard 16928 queries 26160
FITTED AUDIT quinn 368 fine/hands_on_hips/019 hard 16974 queries 26272
FITTED AUDIT quinn 369 fine/hands_on_hips/020 hard 17020 queries 26386
FITTED AUDIT quinn 370 fine/hands_on_hips/021 hard 17066 queries 26493
FITTED AUDIT quinn 371 fine/hands_on_hips/022 hard 17112 queries 26493
FITTED AUDIT quinn 372 fine/arms_crossed/000 hard 17158 queries 26493
FITTED AUDIT quinn 373 fine/arms_crossed/001 hard 17204 queries 26571
FITTED AUDIT quinn 374 fine/arms_crossed/002 hard 17250 queries 26658
FITTED AUDIT quinn 375 fine/arms_crossed/003 hard 17296 queries 26747
FITTED AUDIT quinn 376 fine/arms_crossed/004 hard 17342 queries 26845
FITTED AUDIT quinn 377 fine/arms_crossed/005 hard 17388 queries 26946
FITTED AUDIT quinn 378 fine/arms_crossed/006 hard 17434 queries 27041
FITTED AUDIT quinn 379 fine/arms_crossed/007 hard 17480 queries 27147
FITTED AUDIT quinn 380 fine/arms_crossed/008 hard 17526 queries 27251
FITTED AUDIT quinn 381 fine/arms_crossed/009 hard 17572 queries 27358
FITTED AUDIT quinn 382 fine/arms_crossed/010 hard 17618 queries 27465
FITTED AUDIT quinn 383 fine/arms_crossed/011 hard 17664 queries 27576
FITTED AUDIT quinn 384 fine/arms_crossed/012 hard 17710 queries 27686
FITTED AUDIT quinn 385 fine/arms_crossed/013 hard 17756 queries 27798
FITTED AUDIT quinn 386 fine/arms_crossed/014 hard 17802 queries 27914
FITTED AUDIT quinn 387 fine/arms_crossed/015 hard 17848 queries 28035
FITTED AUDIT quinn 388 fine/arms_crossed/016 hard 17894 queries 28158
FITTED AUDIT quinn 389 fine/arms_crossed/017 hard 17940 queries 28287
FITTED AUDIT quinn 390 fine/arms_crossed/018 hard 17986 queries 28422
FITTED AUDIT quinn 391 fine/arms_crossed/019 hard 18032 queries 28559
FITTED AUDIT quinn 392 fine/arms_crossed/020 hard 18078 queries 28695
FITTED AUDIT quinn 393 fine/arms_crossed/021 hard 18124 queries 28831
FITTED AUDIT quinn 394 fine/arms_crossed/022 hard 18170 queries 28973
FITTED AUDIT quinn 395 fine/arms_crossed/023 hard 18216 queries 28973
FITTED AUDIT quinn 396 fine/forehead/000 hard 18262 queries 28973
FITTED AUDIT quinn 397 fine/forehead/001 hard 18308 queries 29058
FITTED AUDIT quinn 398 fine/forehead/002 hard 18354 queries 29148
FITTED AUDIT quinn 399 fine/forehead/003 hard 18400 queries 29241
FITTED AUDIT quinn 400 fine/forehead/004 hard 18446 queries 29346
FITTED AUDIT quinn 401 fine/forehead/005 hard 18492 queries 29453
FITTED AUDIT quinn 402 fine/forehead/006 hard 18538 queries 29566
FITTED AUDIT quinn 403 fine/forehead/007 hard 18584 queries 29685
FITTED AUDIT quinn 404 fine/forehead/008 hard 18630 queries 29808
FITTED AUDIT quinn 405 fine/forehead/009 hard 18676 queries 29926
FITTED AUDIT quinn 406 fine/forehead/010 hard 18722 queries 30041
FITTED AUDIT quinn 407 fine/forehead/011 hard 18768 queries 30155
FITTED AUDIT quinn 408 fine/forehead/012 hard 18814 queries 30269
FITTED AUDIT quinn 409 fine/forehead/013 hard 18860 queries 30384
FITTED AUDIT quinn 410 fine/forehead/014 hard 18906 queries 30496
FITTED AUDIT quinn 411 fine/forehead/015 hard 18952 queries 30610
FITTED AUDIT quinn 412 fine/forehead/016 hard 18998 queries 30724
FITTED AUDIT quinn 413 fine/forehead/017 hard 19044 queries 30837
FITTED AUDIT quinn 414 fine/forehead/018 hard 19090 queries 30954
FITTED AUDIT quinn 415 fine/forehead/019 hard 19136 queries 31022
FITTED AUDIT quinn 416 fine/forehead/020 hard 19182 queries 31144
FITTED AUDIT quinn 417 fine/forehead/021 hard 19228 queries 31265
FITTED AUDIT quinn 418 fine/forehead/022 hard 19274 queries 31389
FITTED AUDIT quinn 419 fine/forehead/023 hard 19320 queries 31514
FITTED AUDIT quinn 420 fine/forehead/024 hard 19366 queries 31637
FITTED AUDIT quinn 421 fine/forehead/025 hard 19412 queries 31756
FITTED AUDIT quinn 422 fine/forehead/026 hard 19458 queries 31872
FITTED AUDIT quinn 423 fine/forehead/027 hard 19504 queries 31983
FITTED AUDIT quinn 424 fine/forehead/028 hard 19550 queries 32087
FITTED AUDIT quinn 425 fine/forehead/029 hard 19596 queries 32193
FITTED AUDIT quinn 426 fine/forehead/030 hard 19642 queries 32303
FITTED AUDIT quinn 427 fine/forehead/031 hard 19688 queries 32418
FITTED AUDIT quinn 428 fine/forehead/032 hard 19734 queries 32530
FITTED AUDIT quinn 429 fine/forehead/033 hard 19780 queries 32645
FITTED AUDIT quinn 430 fine/forehead/034 hard 19826 queries 32761
FITTED AUDIT quinn 431 fine/forehead/035 hard 19872 queries 32882
FITTED AUDIT quinn 432 fine/forehead/036 hard 19918 queries 33004
FITTED AUDIT quinn 433 fine/forehead/037 hard 19964 queries 33124
FITTED AUDIT quinn 434 fine/forehead/038 hard 20010 queries 33124
FITTED AUDIT quinn 435 fine/sitting/000 hard 20056 queries 33124
FITTED AUDIT quinn 436 fine/sitting/001 hard 20102 queries 33200
FITTED AUDIT quinn 437 fine/sitting/002 hard 20148 queries 33222
FITTED AUDIT quinn 438 fine/sitting/003 hard 20194 queries 33222
FITTED AUDIT quinn 439 fine/sitting/004 hard 20240 queries 33266
FITTED AUDIT quinn 440 fine/sitting/005 hard 20286 queries 33374
FITTED AUDIT quinn 441 fine/sitting/006 hard 20332 queries 33374
FITTED AUDIT quinn 442 fine/sitting/007 hard 20378 queries 33516
FITTED AUDIT quinn 443 fine/sitting/008 hard 20424 queries 33588
FITTED AUDIT quinn 444 fine/sitting/009 hard 20470 queries 33588
FITTED AUDIT quinn 445 fine/sitting/010 hard 20516 queries 33650
FITTED AUDIT quinn 446 fine/sitting/011 hard 20562 queries 33818
FITTED AUDIT quinn 447 fine/sitting/012 hard 20608 queries 33818
FITTED AUDIT quinn 448 fine/sitting/013 hard 20654 queries 33983
FITTED AUDIT quinn 449 fine/sitting/014 hard 20700 queries 34050
FITTED AUDIT quinn 450 fine/sitting/015 hard 20746 queries 34050
FITTED AUDIT quinn 451 fine/sitting/016 hard 20792 queries 34108
FITTED AUDIT quinn 452 fine/sitting/017 hard 20838 queries 34242
FITTED AUDIT quinn 453 fine/sitting/018 hard 20884 queries 34242
FITTED AUDIT quinn 454 fine/crouch/000 hard 20930 queries 34242
FITTED AUDIT quinn 455 fine/crouch/001 hard 20976 queries 34324
FITTED AUDIT quinn 456 fine/crouch/002 hard 21022 queries 34424
FITTED AUDIT quinn 457 fine/crouch/003 hard 21068 queries 34424
FITTED AUDIT quinn 458 fine/crouch/004 hard 21114 queries 34555
FITTED AUDIT quinn 459 fine/crouch/005 hard 21160 queries 34700
FITTED AUDIT quinn 460 fine/crouch/006 hard 21206 queries 34700
FITTED AUDIT quinn 461 fine/crouch/007 hard 21252 queries 34861
FITTED AUDIT quinn 462 fine/crouch/008 hard 21298 queries 35022
FITTED AUDIT quinn 463 fine/crouch/009 hard 21344 queries 35022
FITTED AUDIT quinn 464 fine/crouch/010 hard 21390 queries 35179
FITTED AUDIT quinn 465 fine/crouch/011 hard 21436 queries 35340
FITTED AUDIT quinn 466 fine/crouch/012 hard 21482 queries 35340
FITTED AUDIT quinn 467 fine/crouch/013 hard 21528 queries 35503
FITTED AUDIT quinn 468 fine/crouch/014 hard 21574 queries 35665
FITTED AUDIT quinn 469 fine/crouch/015 hard 21620 queries 35665
FITTED AUDIT quinn 470 fine/crouch/016 hard 21666 queries 35823
FITTED AUDIT quinn 471 fine/crouch/017 hard 21712 queries 35984
FITTED AUDIT quinn 472 fine/crouch/018 hard 21758 queries 35984
FITTED AUDIT quinn 473 fine/crouch/019 hard 21804 queries 36150
FITTED AUDIT quinn 474 fine/crouch/020 hard 21850 queries 36319
FITTED AUDIT quinn 475 fine/crouch/021 hard 21896 queries 36319
FITTED AUDIT quinn 476 fine/crouch/022 hard 21942 queries 36508
FITTED AUDIT quinn 477 fine/crouch/023 hard 21988 queries 36705
FITTED AUDIT quinn 478 fine/crouch/024 hard 22034 queries 36705
FITTED AUDIT quinn 479 fine/crouch/025 hard 22080 queries 36912
FITTED AUDIT quinn 480 fine/crouch/026 hard 22126 queries 37113
FITTED AUDIT quinn 481 fine/crouch/027 hard 22172 queries 37113
FITTED AUDIT quinn 482 fine/head_tilt/000 hard 22218 queries 37113
FITTED AUDIT quinn 483 fine/head_tilt/001 hard 22264 queries 37263
FITTED AUDIT quinn 484 fine/head_tilt/002 hard 22310 queries 37407
FITTED AUDIT quinn 485 fine/head_tilt/003 hard 22356 queries 37560
FITTED AUDIT quinn 486 fine/head_tilt/004 hard 22402 queries 37638
FITTED AUDIT quinn 487 fine/head_tilt/005 hard 22448 queries 37794
FITTED AUDIT quinn 488 fine/head_tilt/006 hard 22494 queries 37950
FITTED AUDIT quinn 489 fine/head_tilt/007 hard 22540 queries 38121
FITTED AUDIT quinn 490 fine/head_tilt/008 hard 22586 queries 38121
FITTED AUDIT quinn 491 fine/head_tilt/009 hard 22632 queries 38308
FITTED AUDIT quinn 492 fine/head_tilt/010 hard 22678 queries 38487
FITTED AUDIT quinn 493 fine/head_tilt/011 hard 22724 queries 38677
FITTED AUDIT quinn 494 fine/head_tilt/012 hard 22770 queries 38769
FITTED AUDIT quinn 495 fine/head_tilt/013 hard 22816 queries 38964
FITTED AUDIT quinn 496 fine/head_tilt/014 hard 22862 queries 39148
FITTED AUDIT quinn 497 fine/head_tilt/015 hard 22908 queries 39342
FITTED AUDIT quinn 498 fine/head_tilt/016 hard 22954 queries 39342
FITTED AUDIT quinn 499 fine/hip_abduction/000 hard 23000 queries 39342
FITTED AUDIT quinn 500 fine/hip_abduction/001 hard 23046 queries 39389
FITTED AUDIT quinn 501 fine/hip_abduction/002 hard 23092 queries 39441
FITTED AUDIT quinn 502 fine/hip_abduction/003 hard 23138 queries 39497
FITTED AUDIT quinn 503 fine/hip_abduction/004 hard 23184 queries 39559
FITTED AUDIT quinn 504 fine/hip_abduction/005 hard 23230 queries 39559
FITTED AUDIT quinn 505 fine/hip_abduction/006 hard 23276 queries 39645
FITTED AUDIT quinn 506 fine/hip_abduction/007 hard 23322 queries 39731
FITTED AUDIT quinn 507 fine/hip_abduction/008 hard 23368 queries 39820
FITTED AUDIT quinn 508 fine/hip_abduction/009 hard 23414 queries 39909
FITTED AUDIT quinn 509 fine/hip_abduction/010 hard 23460 queries 39909
FITTED AUDIT quinn 510 fine/palms_turn/000 hard 23506 queries 39909
FITTED AUDIT quinn 511 fine/palms_turn/001 hard 23552 queries 39927
FITTED AUDIT quinn 512 fine/palms_turn/002 hard 23598 queries 39942
FITTED AUDIT quinn 513 fine/palms_turn/003 hard 23644 queries 39942
FITTED AUDIT quinn 514 fine/palms_turn/004 hard 23690 queries 39966
FITTED AUDIT quinn 515 fine/palms_turn/005 hard 23736 queries 40000
FITTED AUDIT quinn 516 fine/palms_turn/006 hard 23782 queries 40000
FITTED AUDIT quinn 517 fine/palms_turn/007 hard 23828 queries 40038
FITTED AUDIT quinn 518 fine/palms_turn/008 hard 23874 queries 40078
FITTED AUDIT quinn 519 fine/palms_turn/009 hard 23920 queries 40078
FITTED AUDIT quinn 520 fine/palms_turn/010 hard 23966 queries 40125
FITTED AUDIT quinn 521 fine/palms_turn/011 hard 24012 queries 40177
FITTED AUDIT quinn 522 fine/palms_turn/012 hard 24058 queries 40177
FITTED AUDIT quinn 523 fine/palms_turn/013 hard 24104 queries 40219
FITTED AUDIT quinn 524 fine/palms_turn/014 hard 24150 queries 40250
FITTED AUDIT quinn 525 fine/palms_turn/015 hard 24196 queries 40250
FITTED AUDIT quinn 526 fine/palms_turn/016 hard 24242 queries 40275
FITTED AUDIT quinn 527 fine/palms_turn/017 hard 24288 queries 40309
FITTED AUDIT quinn 528 fine/palms_turn/018 hard 24334 queries 40309
FITTED AUDIT quinn 529 fine/hands_low_behind/000 hard 24380 queries 40309
FITTED AUDIT quinn 530 fine/hands_low_behind/001 hard 24426 queries 40376
FITTED AUDIT quinn 531 fine/hands_low_behind/002 hard 24472 queries 40443
FITTED AUDIT quinn 532 fine/hands_low_behind/003 hard 24518 queries 40514
FITTED AUDIT quinn 533 fine/hands_low_behind/004 hard 24564 queries 40588
FITTED AUDIT quinn 534 fine/hands_low_behind/005 hard 24610 queries 40669
FITTED AUDIT quinn 535 fine/hands_low_behind/006 hard 24656 queries 40759
FITTED AUDIT quinn 536 fine/hands_low_behind/007 hard 24702 queries 40856
FITTED AUDIT quinn 537 fine/hands_low_behind/008 hard 24748 queries 40957
FITTED AUDIT quinn 538 fine/hands_low_behind/009 hard 24794 queries 41061
FITTED AUDIT quinn 539 fine/hands_low_behind/010 hard 24840 queries 41168
FITTED AUDIT quinn 540 fine/hands_low_behind/011 hard 24886 queries 41168
FITTED AUDIT quinn 541 fine/one_hand_up_back/000 hard 24932 queries 41168
FITTED AUDIT quinn 542 fine/one_hand_up_back/001 hard 24978 queries 41238
FITTED AUDIT quinn 543 fine/one_hand_up_back/002 hard 25024 queries 41272
FITTED AUDIT quinn 544 fine/one_hand_up_back/003 hard 25070 queries 41348
FITTED AUDIT quinn 545 fine/one_hand_up_back/004 hard 25116 queries 41380
FITTED AUDIT quinn 546 fine/one_hand_up_back/005 hard 25162 queries 41455
FITTED AUDIT quinn 547 fine/one_hand_up_back/006 hard 25208 queries 41488
FITTED AUDIT quinn 548 fine/one_hand_up_back/007 hard 25254 queries 41565
FITTED AUDIT quinn 549 fine/one_hand_up_back/008 hard 25300 queries 41599
FITTED AUDIT quinn 550 fine/one_hand_up_back/009 hard 25346 queries 41677
FITTED AUDIT quinn 551 fine/one_hand_up_back/010 hard 25392 queries 41714
FITTED AUDIT quinn 552 fine/one_hand_up_back/011 hard 25438 queries 41797
FITTED AUDIT quinn 553 fine/one_hand_up_back/012 hard 25484 queries 41838
FITTED AUDIT quinn 554 fine/one_hand_up_back/013 hard 25530 queries 41887
FITTED AUDIT quinn 555 fine/one_hand_up_back/014 hard 25576 queries 41938
FITTED AUDIT quinn 556 fine/one_hand_up_back/015 hard 25622 queries 42042
FITTED AUDIT quinn 557 fine/one_hand_up_back/016 hard 25668 queries 42092
FITTED AUDIT quinn 558 fine/one_hand_up_back/017 hard 25714 queries 42194
FITTED AUDIT quinn 559 fine/one_hand_up_back/018 hard 25760 queries 42245
FITTED AUDIT quinn 560 fine/one_hand_up_back/019 hard 25806 queries 42350
FITTED AUDIT quinn 561 fine/one_hand_up_back/020 hard 25852 queries 42401
FITTED AUDIT quinn 562 fine/one_hand_up_back/021 hard 25898 queries 42509
FITTED AUDIT quinn 563 fine/one_hand_up_back/022 hard 25944 queries 42560
FITTED AUDIT quinn 564 fine/one_hand_up_back/023 hard 25990 queries 42668
FITTED AUDIT quinn 565 fine/one_hand_up_back/024 hard 26036 queries 42728
FITTED AUDIT quinn 566 fine/one_hand_up_back/025 hard 26082 queries 42848
FITTED AUDIT quinn 567 fine/one_hand_up_back/026 hard 26128 queries 42848
FITTED AUDIT quinn 568 fine/touch_back_head/000 hard 26174 queries 42848
FITTED AUDIT quinn 569 fine/touch_back_head/001 hard 26220 queries 42932
FITTED AUDIT quinn 570 fine/touch_back_head/002 hard 26266 queries 43025
FITTED AUDIT quinn 571 fine/touch_back_head/003 hard 26312 queries 43025
FITTED AUDIT quinn 572 fine/touch_back_head/004 hard 26358 queries 43134
FITTED AUDIT quinn 573 fine/touch_back_head/005 hard 26404 queries 43211
FITTED AUDIT quinn 574 fine/touch_back_head/006 hard 26450 queries 43211
FITTED AUDIT quinn 575 fine/touch_back_head/007 hard 26496 queries 43329
FITTED AUDIT quinn 576 fine/touch_back_head/008 hard 26542 queries 43444
FITTED AUDIT quinn 577 fine/touch_back_head/009 hard 26588 queries 43444
FITTED AUDIT quinn 578 fine/touch_back_head/010 hard 26634 queries 43514
FITTED AUDIT quinn 579 fine/touch_back_head/011 hard 26680 queries 43624
FITTED AUDIT quinn 580 fine/touch_back_head/012 hard 26726 queries 43624
FITTED AUDIT quinn 581 fine/touch_back_head/013 hard 26772 queries 43737
FITTED AUDIT quinn 582 fine/touch_back_head/014 hard 26818 queries 43854
FITTED AUDIT quinn 583 fine/touch_back_head/015 hard 26864 queries 43854
FITTED AUDIT quinn 584 fine/touch_back_head/016 hard 26910 queries 43973
FITTED AUDIT quinn 585 fine/touch_back_head/017 hard 26956 queries 44087
FITTED AUDIT quinn 586 fine/touch_back_head/018 hard 27002 queries 44087
FITTED AUDIT quinn 587 fine/touch_back_head/019 hard 27048 queries 44197
FITTED AUDIT quinn 588 fine/touch_back_head/020 hard 27094 queries 44251
FITTED AUDIT quinn 589 fine/touch_back_head/021 hard 27140 queries 44251
FITTED AUDIT quinn 590 fine/touch_back_head/022 hard 27186 queries 44364
FITTED AUDIT quinn 591 fine/touch_back_head/023 hard 27232 queries 44477
FITTED AUDIT quinn 592 fine/touch_back_head/024 hard 27278 queries 44477
FITTED AUDIT quinn 593 fine/touch_back_head/025 hard 27324 queries 44530
FITTED AUDIT quinn 594 fine/touch_back_head/026 hard 27370 queries 44640
FITTED AUDIT quinn 595 fine/touch_back_head/027 hard 27416 queries 44640
FITTED AUDIT quinn 596 fine/touch_back_head/028 hard 27462 queries 44751
FITTED AUDIT quinn 597 fine/touch_back_head/029 hard 27508 queries 44863
FITTED AUDIT quinn 598 fine/touch_back_head/030 hard 27554 queries 44863
FITTED AUDIT quinn 599 fine/kneeling/000 hard 27600 queries 44863
FITTED AUDIT quinn 600 fine/kneeling/001 hard 27646 queries 44903
FITTED AUDIT quinn 601 fine/kneeling/002 hard 27692 queries 44944
FITTED AUDIT quinn 602 fine/kneeling/003 hard 27738 queries 44985
FITTED AUDIT quinn 603 fine/kneeling/004 hard 27784 queries 45023
FITTED AUDIT quinn 604 fine/kneeling/005 hard 27830 queries 45062
FITTED AUDIT quinn 605 fine/kneeling/006 hard 27876 queries 45102
FITTED AUDIT quinn 606 fine/kneeling/007 hard 27922 queries 45145
FITTED AUDIT quinn 607 fine/kneeling/008 hard 27968 queries 45186
FITTED AUDIT quinn 608 fine/kneeling/009 hard 28014 queries 45230
FITTED AUDIT quinn 609 fine/kneeling/010 hard 28060 queries 45276
FITTED AUDIT quinn 610 fine/kneeling/011 hard 28106 queries 45322
FITTED AUDIT quinn 611 fine/kneeling/012 hard 28152 queries 45375
FITTED AUDIT quinn 612 fine/kneeling/013 hard 28198 queries 45391
FITTED AUDIT quinn 613 fine/kneeling/014 hard 28244 queries 45448
FITTED AUDIT quinn 614 fine/kneeling/015 hard 28290 queries 45508
FITTED AUDIT quinn 615 fine/kneeling/016 hard 28336 queries 45568
FITTED AUDIT quinn 616 fine/kneeling/017 hard 28382 queries 45631
FITTED AUDIT quinn 617 fine/kneeling/018 hard 28428 queries 45697
FITTED AUDIT quinn 618 fine/kneeling/019 hard 28474 queries 45763
FITTED AUDIT quinn 619 fine/kneeling/020 hard 28520 queries 45830
FITTED AUDIT quinn 620 fine/kneeling/021 hard 28566 queries 45897
FITTED AUDIT quinn 621 fine/kneeling/022 hard 28612 queries 45966
FITTED AUDIT quinn 622 fine/kneeling/023 hard 28658 queries 46039
FITTED AUDIT quinn 623 fine/kneeling/024 hard 28704 queries 46114
FITTED AUDIT quinn 624 fine/kneeling/025 hard 28750 queries 46190
FITTED AUDIT quinn 625 fine/kneeling/026 hard 28796 queries 46190
FITTED AUDIT quinn 626 fine/trunk_bend_twist/000 hard 28842 queries 46190
FITTED AUDIT quinn 627 fine/trunk_bend_twist/001 hard 28888 queries 46426
FITTED AUDIT quinn 628 fine/trunk_bend_twist/002 hard 28934 queries 46764
FITTED AUDIT quinn 629 fine/trunk_bend_twist/003 hard 28980 queries 47187
FITTED AUDIT quinn 630 fine/trunk_bend_twist/004 hard 29026 queries 47665
FITTED AUDIT quinn 631 fine/trunk_bend_twist/005 hard 29072 queries 48190
FITTED AUDIT quinn 632 fine/trunk_bend_twist/006 hard 29118 queries 48761
FITTED AUDIT quinn 633 fine/trunk_bend_twist/007 hard 29164 queries 48761
FITTED AUDIT quinn 634 fine/shoulder_extend_internal/000 hard 29210 queries 48761
FITTED AUDIT quinn 635 fine/shoulder_extend_internal/001 hard 29256 queries 48826
FITTED AUDIT quinn 636 fine/shoulder_extend_internal/002 hard 29302 queries 48860
FITTED AUDIT quinn 637 fine/shoulder_extend_internal/003 hard 29348 queries 48930
FITTED AUDIT quinn 638 fine/shoulder_extend_internal/004 hard 29394 queries 48965
FITTED AUDIT quinn 639 fine/shoulder_extend_internal/005 hard 29440 queries 49038
FITTED AUDIT quinn 640 fine/shoulder_extend_internal/006 hard 29486 queries 49076
FITTED AUDIT quinn 641 fine/shoulder_extend_internal/007 hard 29532 queries 49120
FITTED AUDIT quinn 642 fine/shoulder_extend_internal/008 hard 29578 queries 49165
FITTED AUDIT quinn 643 fine/shoulder_extend_internal/009 hard 29624 queries 49259
FITTED AUDIT quinn 644 fine/shoulder_extend_internal/010 hard 29670 queries 49311
FITTED AUDIT quinn 645 fine/shoulder_extend_internal/011 hard 29716 queries 49409
FITTED AUDIT quinn 646 fine/shoulder_extend_internal/012 hard 29762 queries 49460
FITTED AUDIT quinn 647 fine/shoulder_extend_internal/013 hard 29808 queries 49557
FITTED AUDIT quinn 648 fine/shoulder_extend_internal/014 hard 29854 queries 49557
FITTED AUDIT quinn 649 fine/legs_together/000 hard 29900 queries 49557
FITTED AUDIT quinn 650 fine/legs_together/001 hard 29946 queries 49557
FITTED AUDIT quinn 651 fine/legs_together/002 hard 29992 queries 49557
FITTED AUDIT quinn 652 fine/legs_together/003 hard 30038 queries 49557
FITTED AUDIT quinn 653 fine/legs_together/004 hard 30084 queries 49557
FITTED AUDIT quinn 654 fine/legs_together/005 hard 30130 queries 49557
FITTED AUDIT quinn 655 fine/legs_together/006 hard 30176 queries 49557
FITTED AUDIT quinn 656 fine/legs_together/007 hard 30222 queries 49557
FITTED AUDIT quinn 657 fine/legs_crossed/000 hard 30268 queries 49557
FITTED AUDIT quinn 658 fine/legs_crossed/001 hard 30314 queries 49565
FITTED AUDIT quinn 659 fine/legs_crossed/002 hard 30360 queries 49573
FITTED AUDIT quinn 660 fine/legs_crossed/003 hard 30406 queries 49585
FITTED AUDIT quinn 661 fine/legs_crossed/004 hard 30452 queries 49600
FITTED AUDIT quinn 662 fine/legs_crossed/005 hard 30498 queries 49615
FITTED AUDIT quinn 663 fine/legs_crossed/006 hard 30544 queries 49632
FITTED AUDIT quinn 664 fine/legs_crossed/007 hard 30590 queries 49632
FITTED AUDIT quinn 665 fine/left_side_lying/000 hard 30636 queries 49632
FITTED AUDIT quinn 666 fine/left_side_lying/001 hard 30682 queries 49632
FITTED AUDIT quinn 667 fine/left_side_lying/002 hard 30728 queries 49632
FITTED AUDIT quinn 668 fine/left_side_lying/003 hard 30774 queries 49632
FITTED AUDIT quinn 669 fine/left_side_lying/004 hard 30820 queries 49632
FITTED AUDIT quinn 670 fine/left_side_lying/005 hard 30866 queries 49632
FITTED AUDIT quinn 671 fine/left_side_lying/006 hard 30912 queries 49632
FITTED AUDIT quinn 672 fine/left_side_lying/007 hard 30958 queries 49632
FITTED AUDIT quinn 673 fine/right_side_lying/000 hard 31004 queries 49632
FITTED AUDIT quinn 674 fine/right_side_lying/001 hard 31050 queries 49632
FITTED AUDIT quinn 675 fine/right_side_lying/002 hard 31096 queries 49632
FITTED AUDIT quinn 676 fine/right_side_lying/003 hard 31142 queries 49632
FITTED AUDIT quinn 677 fine/right_side_lying/004 hard 31188 queries 49632
FITTED AUDIT quinn 678 fine/right_side_lying/005 hard 31234 queries 49632
FITTED AUDIT quinn 679 fine/right_side_lying/006 hard 31280 queries 49632
FITTED AUDIT quinn 680 fine/right_side_lying/007 hard 31326 queries 49632
FITTED AUDIT quinn 681 fine/prone/000 hard 31372 queries 49632
FITTED AUDIT quinn 682 fine/prone/001 hard 31418 queries 49632
FITTED AUDIT quinn 683 fine/prone/002 hard 31464 queries 49632
FITTED AUDIT quinn 684 fine/prone/003 hard 31510 queries 49632
FITTED AUDIT quinn 685 fine/prone/004 hard 31556 queries 49632
FITTED AUDIT quinn 686 fine/prone/005 hard 31602 queries 49632
FITTED AUDIT quinn 687 fine/prone/006 hard 31648 queries 49632
FITTED AUDIT quinn 688 fine/prone/007 hard 31694 queries 49632
FITTED SUMMARY quinn 31694 0
