FULL quinn neutral/000 hard 0 queries 5837
FULL quinn neutral/001 hard 0 queries 6385
FULL quinn neutral/002 hard 0 queries 6853
FULL quinn neutral/003 hard 0 queries 7344
FULL quinn neutral/004 hard 0 queries 7847
FULL quinn neutral/005 hard 0 queries 8359
FULL quinn neutral/006 hard 0 queries 8870
FULL quinn neutral/007 hard 0 queries 9363
FULL quinn arms_forward/000 hard 0 queries 9363
FULL quinn arms_forward/001 hard 0 queries 9803
FULL quinn arms_forward/002 hard 0 queries 10117
FULL quinn arms_forward/003 hard 0 queries 10575
FULL quinn arms_forward/004 hard 0 queries 10889
FULL quinn arms_forward/005 hard 0 queries 11363
FULL quinn arms_forward/006 hard 0 queries 11677
FULL quinn arms_forward/007 hard 0 queries 12106
FULL quinn arms_forward/008 hard 0 queries 12404
FULL quinn arms_forward/009 hard 0 queries 12842
FULL quinn arms_forward/010 hard 0 queries 13122
FULL quinn arms_forward/011 hard 0 queries 13537
FULL quinn arms_forward/012 hard 0 queries 13837
FULL quinn arms_forward/013 hard 0 queries 14278
FULL quinn arms_forward/014 hard 0 queries 14609
FULL quinn arms_overhead/000 hard 0 queries 14609
FULL quinn arms_overhead/001 hard 0 queries 14960
FULL quinn arms_overhead/002 hard 0 queries 15360
FULL quinn arms_overhead/003 hard 0 queries 15794
FULL quinn arms_overhead/004 hard 0 queries 16253
FULL quinn arms_overhead/005 hard 0 queries 16711
FULL quinn arms_overhead/006 hard 0 queries 17168
FULL quinn arms_overhead/007 hard 0 queries 17639
FULL quinn arms_overhead/008 hard 0 queries 18105
FULL quinn arms_overhead/009 hard 0 queries 18544
FULL quinn arms_overhead/010 hard 0 queries 18973
FULL quinn arms_overhead/011 hard 0 queries 19387
FULL quinn arms_overhead/012 hard 0 queries 19801
FULL quinn arms_overhead/013 hard 0 queries 20188
FULL quinn arms_overhead/014 hard 0 queries 20577
FULL quinn arms_overhead/015 hard 0 queries 20964
FULL quinn arms_overhead/016 hard 0 queries 21356
FULL quinn arms_overhead/017 hard 0 queries 21746
FULL quinn arms_overhead/018 hard 0 queries 22154
FULL quinn arms_overhead/019 hard 0 queries 22572
FULL quinn arms_overhead/020 hard 0 queries 22997
FULL quinn arms_overhead/021 hard 0 queries 23427
FULL quinn arms_overhead/022 hard 0 queries 23860
FULL quinn arms_overhead/023 hard 0 queries 24314
FULL quinn arms_overhead/024 hard 0 queries 24778
FULL quinn arms_overhead/025 hard 0 queries 25259
FULL quinn arms_overhead/026 hard 0 queries 25740
FULL quinn arms_overhead/027 hard 0 queries 26223
FULL quinn arms_overhead/028 hard 0 queries 26682
FULL quinn arms_overhead/029 hard 0 queries 27128
FULL quinn arms_overhead/030 hard 0 queries 27574
FULL quinn arms_overhead/031 hard 0 queries 28011
FULL quinn arms_overhead/032 hard 0 queries 28448
FULL quinn arms_overhead/033 hard 0 queries 28894
FULL quinn arms_overhead/034 hard 0 queries 29359
FULL quinn arms_overhead/035 hard 0 queries 29850
FULL quinn arms_overhead/036 hard 0 queries 30363
FULL quinn arms_overhead/037 hard 0 queries 30740
FULL quinn arms_side/000 hard 0 queries 30740
FULL quinn arms_side/001 hard 0 queries 30943
FULL quinn arms_side/002 hard 0 queries 31145
FULL quinn arms_side/003 hard 0 queries 31359
FULL quinn arms_side/004 hard 0 queries 31586
FULL quinn arms_side/005 hard 0 queries 31828
FULL quinn arms_side/006 hard 0 queries 32071
FULL quinn arms_side/007 hard 0 queries 32316
FULL quinn arms_side/008 hard 0 queries 32572
FULL quinn arms_side/009 hard 0 queries 32825
FULL quinn arms_side/010 hard 0 queries 33068
FULL quinn arms_side/011 hard 0 queries 33312
FULL quinn arms_side/012 hard 0 queries 33551
FULL quinn arms_side/013 hard 0 queries 33793
FULL quinn arms_side/014 hard 0 queries 34029
FULL quinn hands_on_hips/000 hard 0 queries 34029
FULL quinn hands_on_hips/001 hard 0 queries 34435
FULL quinn hands_on_hips/002 hard 0 queries 34848
FULL quinn hands_on_hips/003 hard 0 queries 35264
FULL quinn hands_on_hips/004 hard 0 queries 35684
FULL quinn hands_on_hips/005 hard 0 queries 36112
FULL quinn hands_on_hips/006 hard 0 queries 36549
FULL quinn hands_on_hips/007 hard 0 queries 36999
FULL quinn hands_on_hips/008 hard 0 queries 37461
FULL quinn hands_on_hips/009 hard 0 queries 37938
FULL quinn hands_on_hips/010 hard 0 queries 38422
FULL quinn hands_on_hips/011 hard 0 queries 38762
FULL quinn hands_on_hips/012 hard 0 queries 39250
FULL quinn hands_on_hips/013 hard 0 queries 39727
FULL quinn hands_on_hips/014 hard 0 queries 40211
FULL quinn hands_on_hips/015 hard 0 queries 40691
FULL quinn hands_on_hips/016 hard 0 queries 41170
FULL quinn hands_on_hips/017 hard 0 queries 41647
FULL quinn hands_on_hips/018 hard 0 queries 42132
FULL quinn hands_on_hips/019 hard 0 queries 42630
FULL quinn hands_on_hips/020 hard 0 queries 43141
FULL quinn hands_on_hips/021 hard 0 queries 43667
FULL quinn hands_on_hips/022 hard 0 queries 44076
FULL quinn arms_crossed/000 hard 0 queries 44076
FULL quinn arms_crossed/001 hard 0 queries 44424
FULL quinn arms_crossed/002 hard 0 queries 44777
FULL quinn arms_crossed/003 hard 0 queries 45131
FULL quinn arms_crossed/004 hard 0 queries 45493
FULL quinn arms_crossed/005 hard 0 queries 45865
FULL quinn arms_crossed/006 hard 0 queries 46242
FULL quinn arms_crossed/007 hard 0 queries 46638
FULL quinn arms_crossed/008 hard 0 queries 47029
FULL quinn arms_crossed/009 hard 0 queries 47430
FULL quinn arms_crossed/010 hard 0 queries 47836
FULL quinn arms_crossed/011 hard 0 queries 48257
FULL quinn arms_crossed/012 hard 0 queries 48694
FULL quinn arms_crossed/013 hard 0 queries 49151
FULL quinn arms_crossed/014 hard 0 queries 49616
FULL quinn arms_crossed/015 hard 0 queries 50083
FULL quinn arms_crossed/016 hard 0 queries 50556
FULL quinn arms_crossed/017 hard 0 queries 51036
FULL quinn arms_crossed/018 hard 0 queries 51511
FULL quinn arms_crossed/019 hard 0 queries 51988
FULL quinn arms_crossed/020 hard 0 queries 52468
FULL quinn arms_crossed/021 hard 0 queries 52969
FULL quinn arms_crossed/022 hard 0 queries 53473
FULL quinn arms_crossed/023 hard 0 queries 54024
FULL quinn forehead/000 hard 0 queries 54024
FULL quinn forehead/001 hard 0 queries 54400
FULL quinn forehead/002 hard 0 queries 54778
FULL quinn forehead/003 hard 0 queries 55163
FULL quinn forehead/004 hard 0 queries 55564
FULL quinn forehead/005 hard 0 queries 55975
FULL quinn forehead/006 hard 0 queries 56400
FULL quinn forehead/007 hard 0 queries 56843
FULL quinn forehead/008 hard 0 queries 57303
FULL quinn forehead/009 hard 0 queries 57759
FULL quinn forehead/010 hard 0 queries 58208
FULL quinn forehead/011 hard 0 queries 58653
FULL quinn forehead/012 hard 0 queries 59093
FULL quinn forehead/013 hard 0 queries 59537
FULL quinn forehead/014 hard 0 queries 59987
FULL quinn forehead/015 hard 0 queries 60444
FULL quinn forehead/016 hard 0 queries 60913
FULL quinn forehead/017 hard 0 queries 61378
FULL quinn forehead/018 hard 0 queries 61860
FULL quinn forehead/019 hard 0 queries 62202
FULL quinn forehead/020 hard 0 queries 62695
FULL quinn forehead/021 hard 0 queries 63197
FULL quinn forehead/022 hard 0 queries 63702
FULL quinn forehead/023 hard 0 queries 64204
FULL quinn forehead/024 hard 0 queries 64698
FULL quinn forehead/025 hard 0 queries 65174
FULL quinn forehead/026 hard 0 queries 65642
FULL quinn forehead/027 hard 0 queries 66112
FULL quinn forehead/028 hard 0 queries 66581
FULL quinn forehead/029 hard 0 queries 67043
FULL quinn forehead/030 hard 0 queries 67501
FULL quinn forehead/031 hard 0 queries 67965
FULL quinn forehead/032 hard 0 queries 68424
FULL quinn forehead/033 hard 0 queries 68894
FULL quinn forehead/034 hard 0 queries 69382
FULL quinn forehead/035 hard 0 queries 69883
FULL quinn forehead/036 hard 0 queries 70401
FULL quinn forehead/037 hard 0 queries 70920
FULL quinn forehead/038 hard 0 queries 71095
FULL quinn sitting/000 hard 0 queries 71095
FULL quinn sitting/001 hard 0 queries 71609
FULL quinn sitting/002 hard 0 queries 72176
FULL quinn sitting/003 hard 0 queries 72787
FULL quinn sitting/004 hard 0 queries 73364
FULL quinn sitting/005 hard 0 queries 73922
FULL quinn sitting/006 hard 0 queries 74503
FULL quinn sitting/007 hard 0 queries 75029
FULL quinn sitting/008 hard 0 queries 75557
FULL quinn sitting/009 hard 0 queries 75956
FULL quinn sitting/010 hard 0 queries 76472
FULL quinn sitting/011 hard 0 queries 76975
FULL quinn sitting/012 hard 0 queries 77485
FULL quinn sitting/013 hard 0 queries 77994
FULL quinn sitting/014 hard 0 queries 78498
FULL quinn sitting/015 hard 0 queries 79012
FULL quinn sitting/016 hard 0 queries 79525
FULL quinn sitting/017 hard 0 queries 80054
FULL quinn sitting/018 hard 0 queries 80319
FULL quinn crouch/000 hard 0 queries 80319
FULL quinn crouch/001 hard 0 queries 80953
FULL quinn crouch/002 hard 0 queries 81485
FULL quinn crouch/003 hard 0 queries 81878
FULL quinn crouch/004 hard 0 queries 82513
FULL quinn crouch/005 hard 0 queries 83171
FULL quinn crouch/006 hard 0 queries 83644
FULL quinn crouch/007 hard 0 queries 84327
FULL quinn crouch/008 hard 0 queries 84995
FULL quinn crouch/009 hard 0 queries 85438
FULL quinn crouch/010 hard 0 queries 86100
FULL quinn crouch/011 hard 0 queries 86761
FULL quinn crouch/012 hard 0 queries 87203
FULL quinn crouch/013 hard 0 queries 87873
FULL quinn crouch/014 hard 0 queries 88563
FULL quinn crouch/015 hard 0 queries 89025
FULL quinn crouch/016 hard 0 queries 89743
FULL quinn crouch/017 hard 0 queries 90462
FULL quinn crouch/018 hard 0 queries 90923
FULL quinn crouch/019 hard 0 queries 91700
FULL quinn crouch/020 hard 0 queries 92493
FULL quinn crouch/021 hard 0 queries 93065
FULL quinn crouch/022 hard 0 queries 93855
FULL quinn crouch/023 hard 0 queries 94636
FULL quinn crouch/024 hard 0 queries 95204
FULL quinn crouch/025 hard 0 queries 95995
FULL quinn crouch/026 hard 0 queries 96795
FULL quinn crouch/027 hard 0 queries 97345
FULL quinn head_tilt/000 hard 0 queries 97345
FULL quinn head_tilt/001 hard 0 queries 97835
FULL quinn head_tilt/002 hard 0 queries 98309
FULL quinn head_tilt/003 hard 0 queries 98795
FULL quinn head_tilt/004 hard 0 queries 99289
FULL quinn head_tilt/005 hard 0 queries 99798
FULL quinn head_tilt/006 hard 0 queries 100315
FULL quinn head_tilt/007 hard 0 queries 100831
FULL quinn head_tilt/008 hard 0 queries 100988
FULL quinn head_tilt/009 hard 0 queries 101519
FULL quinn head_tilt/010 hard 0 queries 102043
FULL quinn head_tilt/011 hard 0 queries 102568
FULL quinn head_tilt/012 hard 0 queries 103098
FULL quinn head_tilt/013 hard 0 queries 103628
FULL quinn head_tilt/014 hard 0 queries 104165
FULL quinn head_tilt/015 hard 0 queries 104707
FULL quinn head_tilt/016 hard 0 queries 104868
FULL quinn hip_abduction/000 hard 0 queries 104868
FULL quinn hip_abduction/001 hard 0 queries 105228
FULL quinn hip_abduction/002 hard 0 queries 105604
FULL quinn hip_abduction/003 hard 0 queries 105987
FULL quinn hip_abduction/004 hard 0 queries 106384
FULL quinn hip_abduction/005 hard 0 queries 106571
FULL quinn hip_abduction/006 hard 0 queries 106993
FULL quinn hip_abduction/007 hard 0 queries 107424
FULL quinn hip_abduction/008 hard 0 queries 107847
FULL quinn hip_abduction/009 hard 0 queries 108289
FULL quinn hip_abduction/010 hard 0 queries 108482
FULL quinn palms_turn/000 hard 0 queries 108482
FULL quinn palms_turn/001 hard 0 queries 108690
FULL quinn palms_turn/002 hard 0 queries 108907
FULL quinn palms_turn/003 hard 0 queries 109130
FULL quinn palms_turn/004 hard 0 queries 109360
FULL quinn palms_turn/005 hard 0 queries 109603
FULL quinn palms_turn/006 hard 0 queries 109855
FULL quinn palms_turn/007 hard 0 queries 110116
FULL quinn palms_turn/008 hard 0 queries 110391
FULL quinn palms_turn/009 hard 0 queries 110526
FULL quinn palms_turn/010 hard 0 queries 110814
FULL quinn palms_turn/011 hard 0 queries 111094
FULL quinn palms_turn/012 hard 0 queries 111361
FULL quinn palms_turn/013 hard 0 queries 111612
FULL quinn palms_turn/014 hard 0 queries 111857
FULL quinn palms_turn/015 hard 0 queries 112090
FULL quinn palms_turn/016 hard 0 queries 112316
FULL quinn palms_turn/017 hard 0 queries 112538
FULL quinn palms_turn/018 hard 0 queries 112610
FULL quinn hands_low_behind/000 hard 0 queries 112610
FULL quinn hands_low_behind/001 hard 0 queries 112815
FULL quinn hands_low_behind/002 hard 0 queries 113027
FULL quinn hands_low_behind/003 hard 0 queries 113241
FULL quinn hands_low_behind/004 hard 0 queries 113461
FULL quinn hands_low_behind/005 hard 0 queries 113699
FULL quinn hands_low_behind/006 hard 0 queries 113958
FULL quinn hands_low_behind/007 hard 0 queries 114232
FULL quinn hands_low_behind/008 hard 0 queries 114526
FULL quinn hands_low_behind/009 hard 0 queries 114840
FULL quinn hands_low_behind/010 hard 0 queries 115172
FULL quinn hands_low_behind/011 hard 0 queries 115513
FULL quinn one_hand_up_back/000 hard 0 queries 115513
FULL quinn one_hand_up_back/001 hard 0 queries 115855
FULL quinn one_hand_up_back/002 hard 0 queries 116200
FULL quinn one_hand_up_back/003 hard 0 queries 116552
FULL quinn one_hand_up_back/004 hard 0 queries 116905
FULL quinn one_hand_up_back/005 hard 0 queries 117262
FULL quinn one_hand_up_back/006 hard 0 queries 117620
FULL quinn one_hand_up_back/007 hard 0 queries 117980
FULL quinn one_hand_up_back/008 hard 0 queries 118339
FULL quinn one_hand_up_back/009 hard 0 queries 118700
FULL quinn one_hand_up_back/010 hard 0 queries 119067
FULL quinn one_hand_up_back/011 hard 0 queries 119443
FULL quinn one_hand_up_back/012 hard 0 queries 119825
FULL quinn one_hand_up_back/013 hard 0 queries 119961
FULL quinn one_hand_up_back/014 hard 0 queries 120365
FULL quinn one_hand_up_back/015 hard 0 queries 120775
FULL quinn one_hand_up_back/016 hard 0 queries 121195
FULL quinn one_hand_up_back/017 hard 0 queries 121626
FULL quinn one_hand_up_back/018 hard 0 queries 122056
FULL quinn one_hand_up_back/019 hard 0 queries 122478
FULL quinn one_hand_up_back/020 hard 0 queries 122890
FULL quinn one_hand_up_back/021 hard 0 queries 123299
FULL quinn one_hand_up_back/022 hard 0 queries 123717
FULL quinn one_hand_up_back/023 hard 0 queries 124131
FULL quinn one_hand_up_back/024 hard 0 queries 124610
FULL quinn one_hand_up_back/025 hard 0 queries 125097
FULL quinn one_hand_up_back/026 hard 0 queries 125319
FULL quinn touch_back_head/000 hard 0 queries 125319
FULL quinn touch_back_head/001 hard 0 queries 125694
FULL quinn touch_back_head/002 hard 0 queries 126075
FULL quinn touch_back_head/003 hard 0 queries 126374
FULL quinn touch_back_head/004 hard 0 queries 126794
FULL quinn touch_back_head/005 hard 0 queries 126991
FULL quinn touch_back_head/006 hard 0 queries 127339
FULL quinn touch_back_head/007 hard 0 queries 127802
FULL quinn touch_back_head/008 hard 0 queries 128259
FULL quinn touch_back_head/009 hard 0 queries 128599
FULL quinn touch_back_head/010 hard 0 queries 128785
FULL quinn touch_back_head/011 hard 0 queries 129214
FULL quinn touch_back_head/012 hard 0 queries 129542
FULL quinn touch_back_head/013 hard 0 queries 129985
FULL quinn touch_back_head/014 hard 0 queries 130434
FULL quinn touch_back_head/015 hard 0 queries 130633
FULL quinn touch_back_head/016 hard 0 queries 131099
FULL quinn touch_back_head/017 hard 0 queries 131564
FULL quinn touch_back_head/018 hard 0 queries 131892
FULL quinn touch_back_head/019 hard 0 queries 132328
FULL quinn touch_back_head/020 hard 0 queries 132497
FULL quinn touch_back_head/021 hard 0 queries 132832
FULL quinn touch_back_head/022 hard 0 queries 133301
FULL quinn touch_back_head/023 hard 0 queries 133793
FULL quinn touch_back_head/024 hard 0 queries 134178
FULL quinn touch_back_head/025 hard 0 queries 134414
FULL quinn touch_back_head/026 hard 0 queries 134916
FULL quinn touch_back_head/027 hard 0 queries 135312
FULL quinn touch_back_head/028 hard 0 queries 135831
FULL quinn touch_back_head/029 hard 0 queries 136364
FULL quinn touch_back_head/030 hard 0 queries 136571
FULL quinn kneeling/000 hard 0 queries 136571
FULL quinn kneeling/001 hard 0 queries 136816
FULL quinn kneeling/002 hard 0 queries 137063
FULL quinn kneeling/003 hard 0 queries 137313
FULL quinn kneeling/004 hard 0 queries 137563
FULL quinn kneeling/005 hard 0 queries 137814
FULL quinn kneeling/006 hard 0 queries 138065
FULL quinn kneeling/007 hard 0 queries 138333
FULL quinn kneeling/008 hard 0 queries 138603
FULL quinn kneeling/009 hard 0 queries 138890
FULL quinn kneeling/010 hard 0 queries 139172
FULL quinn kneeling/011 hard 0 queries 139456
FULL quinn kneeling/012 hard 0 queries 139740
FULL quinn kneeling/013 hard 0 queries 139913
FULL quinn kneeling/014 hard 0 queries 140199
FULL quinn kneeling/015 hard 0 queries 140490
FULL quinn kneeling/016 hard 0 queries 140780
FULL quinn kneeling/017 hard 0 queries 141071
FULL quinn kneeling/018 hard 0 queries 141360
FULL quinn kneeling/019 hard 0 queries 141650
FULL quinn kneeling/020 hard 0 queries 141938
FULL quinn kneeling/021 hard 0 queries 142228
FULL quinn kneeling/022 hard 0 queries 142519
FULL quinn kneeling/023 hard 0 queries 142810
FULL quinn kneeling/024 hard 0 queries 143107
FULL quinn kneeling/025 hard 0 queries 143404
FULL quinn kneeling/026 hard 0 queries 143578
FULL quinn trunk_bend_twist/000 hard 0 queries 143578
FULL quinn trunk_bend_twist/001 hard 0 queries 144198
FULL quinn trunk_bend_twist/002 hard 0 queries 145125
FULL quinn trunk_bend_twist/003 hard 0 queries 146244
FULL quinn trunk_bend_twist/004 hard 0 queries 147515
FULL quinn trunk_bend_twist/005 hard 0 queries 148879
FULL quinn trunk_bend_twist/006 hard 0 queries 150335
FULL quinn trunk_bend_twist/007 hard 0 queries 151663
FULL quinn shoulder_extend_internal/000 hard 0 queries 151663
FULL quinn shoulder_extend_internal/001 hard 0 queries 151864
FULL quinn shoulder_extend_internal/002 hard 0 queries 151967
FULL quinn shoulder_extend_internal/003 hard 0 queries 152181
FULL quinn shoulder_extend_internal/004 hard 0 queries 152291
FULL quinn shoulder_extend_internal/005 hard 0 queries 152507
FULL quinn shoulder_extend_internal/006 hard 0 queries 152628
FULL quinn shoulder_extend_internal/007 hard 0 queries 152760
FULL quinn shoulder_extend_internal/008 hard 0 queries 152897
FULL quinn shoulder_extend_internal/009 hard 0 queries 153164
FULL quinn shoulder_extend_internal/010 hard 0 queries 153318
FULL quinn shoulder_extend_internal/011 hard 0 queries 153593
FULL quinn shoulder_extend_internal/012 hard 0 queries 153756
FULL quinn shoulder_extend_internal/013 hard 0 queries 154043
FULL quinn shoulder_extend_internal/014 hard 0 queries 154208
FULL quinn legs_together/000 hard 0 queries 154208
FULL quinn legs_together/001 hard 0 queries 154208
FULL quinn legs_together/002 hard 0 queries 154208
FULL quinn legs_together/003 hard 0 queries 154208
FULL quinn legs_together/004 hard 0 queries 154208
FULL quinn legs_together/005 hard 0 queries 154208
FULL quinn legs_together/006 hard 0 queries 154208
FULL quinn legs_together/007 hard 0 queries 154208
FULL quinn legs_crossed/000 hard 0 queries 154208
FULL quinn legs_crossed/001 hard 0 queries 154353
FULL quinn legs_crossed/002 hard 0 queries 154499
FULL quinn legs_crossed/003 hard 0 queries 154647
FULL quinn legs_crossed/004 hard 0 queries 154800
FULL quinn legs_crossed/005 hard 0 queries 154955
FULL quinn legs_crossed/006 hard 0 queries 155114
FULL quinn legs_crossed/007 hard 0 queries 155278
FULL quinn left_side_lying/000 hard 0 queries 155278
FULL quinn left_side_lying/001 hard 0 queries 155278
FULL quinn left_side_lying/002 hard 0 queries 155278
FULL quinn left_side_lying/003 hard 0 queries 155278
FULL quinn left_side_lying/004 hard 0 queries 155278
FULL quinn left_side_lying/005 hard 0 queries 155278
FULL quinn left_side_lying/006 hard 0 queries 155278
FULL quinn left_side_lying/007 hard 0 queries 155278
FULL quinn right_side_lying/000 hard 0 queries 155278
FULL quinn right_side_lying/001 hard 0 queries 155278
FULL quinn right_side_lying/002 hard 0 queries 155278
FULL quinn right_side_lying/003 hard 0 queries 155278
FULL quinn right_side_lying/004 hard 0 queries 155278
FULL quinn right_side_lying/005 hard 0 queries 155278
FULL quinn right_side_lying/006 hard 0 queries 155278
FULL quinn right_side_lying/007 hard 0 queries 155278
FULL quinn prone/000 hard 0 queries 155278
FULL quinn prone/001 hard 0 queries 155278
FULL quinn prone/002 hard 0 queries 155278
FULL quinn prone/003 hard 0 queries 155278
FULL quinn prone/004 hard 0 queries 155278
FULL quinn prone/005 hard 0 queries 155278
FULL quinn prone/006 hard 0 queries 155278
FULL quinn prone/007 hard 0 queries 155278
FULL SUMMARY quinn 416 hard 0
