FULL manny neutral/000 hard 0 queries 5693
FULL manny neutral/001 hard 0 queries 6207
FULL manny neutral/002 hard 0 queries 6639
FULL manny neutral/003 hard 0 queries 7099
FULL manny neutral/004 hard 0 queries 7582
FULL manny neutral/005 hard 0 queries 8075
FULL manny neutral/006 hard 0 queries 8568
FULL manny neutral/007 hard 0 queries 9040
FULL manny arms_forward/000 hard 0 queries 9040
FULL manny arms_forward/001 hard 0 queries 9436
FULL manny arms_forward/002 hard 0 queries 9708
FULL manny arms_forward/003 hard 0 queries 10140
FULL manny arms_forward/004 hard 0 queries 10416
FULL manny arms_forward/005 hard 0 queries 10848
FULL manny arms_forward/006 hard 0 queries 11122
FULL manny arms_forward/007 hard 0 queries 11516
FULL manny arms_forward/008 hard 0 queries 11797
FULL manny arms_forward/009 hard 0 queries 12206
FULL manny arms_forward/010 hard 0 queries 12468
FULL manny arms_forward/011 hard 0 queries 12857
FULL manny arms_forward/012 hard 0 queries 13128
FULL manny arms_forward/013 hard 0 queries 13533
FULL manny arms_forward/014 hard 0 queries 13825
FULL manny arms_overhead/000 hard 0 queries 13825
FULL manny arms_overhead/001 hard 0 queries 14139
FULL manny arms_overhead/002 hard 0 queries 14502
FULL manny arms_overhead/003 hard 0 queries 14896
FULL manny arms_overhead/004 hard 0 queries 15320
FULL manny arms_overhead/005 hard 0 queries 15740
FULL manny arms_overhead/006 hard 0 queries 16170
FULL manny arms_overhead/007 hard 0 queries 16602
FULL manny arms_overhead/008 hard 0 queries 17028
FULL manny arms_overhead/009 hard 0 queries 17448
FULL manny arms_overhead/010 hard 0 queries 17851
FULL manny arms_overhead/011 hard 0 queries 18248
FULL manny arms_overhead/012 hard 0 queries 18650
FULL manny arms_overhead/013 hard 0 queries 19030
FULL manny arms_overhead/014 hard 0 queries 19414
FULL manny arms_overhead/015 hard 0 queries 19794
FULL manny arms_overhead/016 hard 0 queries 20175
FULL manny arms_overhead/017 hard 0 queries 20553
FULL manny arms_overhead/018 hard 0 queries 20947
FULL manny arms_overhead/019 hard 0 queries 21345
FULL manny arms_overhead/020 hard 0 queries 21748
FULL manny arms_overhead/021 hard 0 queries 22159
FULL manny arms_overhead/022 hard 0 queries 22583
FULL manny arms_overhead/023 hard 0 queries 23024
FULL manny arms_overhead/024 hard 0 queries 23474
FULL manny arms_overhead/025 hard 0 queries 23932
FULL manny arms_overhead/026 hard 0 queries 24393
FULL manny arms_overhead/027 hard 0 queries 24856
FULL manny arms_overhead/028 hard 0 queries 25291
FULL manny arms_overhead/029 hard 0 queries 25702
FULL manny arms_overhead/030 hard 0 queries 26116
FULL manny arms_overhead/031 hard 0 queries 26531
FULL manny arms_overhead/032 hard 0 queries 26944
FULL manny arms_overhead/033 hard 0 queries 27365
FULL manny arms_overhead/034 hard 0 queries 27799
FULL manny arms_overhead/035 hard 0 queries 28249
FULL manny arms_overhead/036 hard 0 queries 28714
FULL manny arms_overhead/037 hard 0 queries 29054
FULL manny arms_side/000 hard 0 queries 29054
FULL manny arms_side/001 hard 0 queries 29226
FULL manny arms_side/002 hard 0 queries 29401
FULL manny arms_side/003 hard 0 queries 29590
FULL manny arms_side/004 hard 0 queries 29786
FULL manny arms_side/005 hard 0 queries 29997
FULL manny arms_side/006 hard 0 queries 30213
FULL manny arms_side/007 hard 0 queries 30433
FULL manny arms_side/008 hard 0 queries 30671
FULL manny arms_side/009 hard 0 queries 30908
FULL manny arms_side/010 hard 0 queries 31141
FULL manny arms_side/011 hard 0 queries 31377
FULL manny arms_side/012 hard 0 queries 31604
FULL manny arms_side/013 hard 0 queries 31835
FULL manny arms_side/014 hard 0 queries 32060
FULL manny hands_on_hips/000 hard 0 queries 32060
FULL manny hands_on_hips/001 hard 0 queries 32427
FULL manny hands_on_hips/002 hard 0 queries 32796
FULL manny hands_on_hips/003 hard 0 queries 33167
FULL manny hands_on_hips/004 hard 0 queries 33539
FULL manny hands_on_hips/005 hard 0 queries 33919
FULL manny hands_on_hips/006 hard 0 queries 34307
FULL manny hands_on_hips/007 hard 0 queries 34708
FULL manny hands_on_hips/008 hard 0 queries 35117
FULL manny hands_on_hips/009 hard 0 queries 35544
FULL manny hands_on_hips/010 hard 0 queries 35972
FULL manny hands_on_hips/011 hard 0 queries 36265
FULL manny hands_on_hips/012 hard 0 queries 36701
FULL manny hands_on_hips/013 hard 0 queries 37135
FULL manny hands_on_hips/014 hard 0 queries 37572
FULL manny hands_on_hips/015 hard 0 queries 38008
FULL manny hands_on_hips/016 hard 0 queries 38448
FULL manny hands_on_hips/017 hard 0 queries 38888
FULL manny hands_on_hips/018 hard 0 queries 39331
FULL manny hands_on_hips/019 hard 0 queries 39785
FULL manny hands_on_hips/020 hard 0 queries 40255
FULL manny hands_on_hips/021 hard 0 queries 40745
FULL manny hands_on_hips/022 hard 0 queries 41117
FULL manny arms_crossed/000 hard 0 queries 41117
FULL manny arms_crossed/001 hard 0 queries 41428
FULL manny arms_crossed/002 hard 0 queries 41748
FULL manny arms_crossed/003 hard 0 queries 42070
FULL manny arms_crossed/004 hard 0 queries 42400
FULL manny arms_crossed/005 hard 0 queries 42737
FULL manny arms_crossed/006 hard 0 queries 43083
FULL manny arms_crossed/007 hard 0 queries 43443
FULL manny arms_crossed/008 hard 0 queries 43811
FULL manny arms_crossed/009 hard 0 queries 44183
FULL manny arms_crossed/010 hard 0 queries 44555
FULL manny arms_crossed/011 hard 0 queries 44955
FULL manny arms_crossed/012 hard 0 queries 45363
FULL manny arms_crossed/013 hard 0 queries 45781
FULL manny arms_crossed/014 hard 0 queries 46220
FULL manny arms_crossed/015 hard 0 queries 46658
FULL manny arms_crossed/016 hard 0 queries 47106
FULL manny arms_crossed/017 hard 0 queries 47551
FULL manny arms_crossed/018 hard 0 queries 47991
FULL manny arms_crossed/019 hard 0 queries 48447
FULL manny arms_crossed/020 hard 0 queries 48893
FULL manny arms_crossed/021 hard 0 queries 49359
FULL manny arms_crossed/022 hard 0 queries 49843
FULL manny arms_crossed/023 hard 0 queries 50366
FULL manny forehead/000 hard 0 queries 50366
FULL manny forehead/001 hard 0 queries 50704
FULL manny forehead/002 hard 0 queries 51045
FULL manny forehead/003 hard 0 queries 51396
FULL manny forehead/004 hard 0 queries 51757
FULL manny forehead/005 hard 0 queries 52132
FULL manny forehead/006 hard 0 queries 52520
FULL manny forehead/007 hard 0 queries 52918
FULL manny forehead/008 hard 0 queries 53330
FULL manny forehead/009 hard 0 queries 53743
FULL manny forehead/010 hard 0 queries 54159
FULL manny forehead/011 hard 0 queries 54565
FULL manny forehead/012 hard 0 queries 54976
FULL manny forehead/013 hard 0 queries 55393
FULL manny forehead/014 hard 0 queries 55816
FULL manny forehead/015 hard 0 queries 56246
FULL manny forehead/016 hard 0 queries 56685
FULL manny forehead/017 hard 0 queries 57122
FULL manny forehead/018 hard 0 queries 57573
FULL manny forehead/019 hard 0 queries 57892
FULL manny forehead/020 hard 0 queries 58356
FULL manny forehead/021 hard 0 queries 58833
FULL manny forehead/022 hard 0 queries 59309
FULL manny forehead/023 hard 0 queries 59787
FULL manny forehead/024 hard 0 queries 60256
FULL manny forehead/025 hard 0 queries 60708
FULL manny forehead/026 hard 0 queries 61146
FULL manny forehead/027 hard 0 queries 61582
FULL manny forehead/028 hard 0 queries 62012
FULL manny forehead/029 hard 0 queries 62442
FULL manny forehead/030 hard 0 queries 62866
FULL manny forehead/031 hard 0 queries 63290
FULL manny forehead/032 hard 0 queries 63714
FULL manny forehead/033 hard 0 queries 64148
FULL manny forehead/034 hard 0 queries 64592
FULL manny forehead/035 hard 0 queries 65050
FULL manny forehead/036 hard 0 queries 65520
FULL manny forehead/037 hard 0 queries 65997
FULL manny forehead/038 hard 0 queries 66150
FULL manny sitting/000 hard 0 queries 66150
FULL manny sitting/001 hard 0 queries 66631
FULL manny sitting/002 hard 0 queries 67166
FULL manny sitting/003 hard 0 queries 67738
FULL manny sitting/004 hard 0 queries 68281
FULL manny sitting/005 hard 0 queries 68803
FULL manny sitting/006 hard 0 queries 69357
FULL manny sitting/007 hard 0 queries 69865
FULL manny sitting/008 hard 0 queries 70381
FULL manny sitting/009 hard 0 queries 70774
FULL manny sitting/010 hard 0 queries 71277
FULL manny sitting/011 hard 0 queries 71769
FULL manny sitting/012 hard 0 queries 72268
FULL manny sitting/013 hard 0 queries 72764
FULL manny sitting/014 hard 0 queries 73257
FULL manny sitting/015 hard 0 queries 73762
FULL manny sitting/016 hard 0 queries 74266
FULL manny sitting/017 hard 0 queries 74785
FULL manny sitting/018 hard 0 queries 75053
FULL manny crouch/000 hard 0 queries 75053
FULL manny crouch/001 hard 0 queries 75634
FULL manny crouch/002 hard 0 queries 76129
FULL manny crouch/003 hard 0 queries 76503
FULL manny crouch/004 hard 0 queries 77095
FULL manny crouch/005 hard 0 queries 77725
FULL manny crouch/006 hard 0 queries 78186
FULL manny crouch/007 hard 0 queries 78848
FULL manny crouch/008 hard 0 queries 79494
FULL manny crouch/009 hard 0 queries 79929
FULL manny crouch/010 hard 0 queries 80573
FULL manny crouch/011 hard 0 queries 81208
FULL manny crouch/012 hard 0 queries 81651
FULL manny crouch/013 hard 0 queries 82314
FULL manny crouch/014 hard 0 queries 82995
FULL manny crouch/015 hard 0 queries 83469
FULL manny crouch/016 hard 0 queries 84168
FULL manny crouch/017 hard 0 queries 84881
FULL manny crouch/018 hard 0 queries 85353
FULL manny crouch/019 hard 0 queries 86120
FULL manny crouch/020 hard 0 queries 86893
FULL manny crouch/021 hard 0 queries 87464
FULL manny crouch/022 hard 0 queries 88246
FULL manny crouch/023 hard 0 queries 89012
FULL manny crouch/024 hard 0 queries 89570
FULL manny crouch/025 hard 0 queries 90342
FULL manny crouch/026 hard 0 queries 91119
FULL manny crouch/027 hard 0 queries 91662
FULL manny head_tilt/000 hard 0 queries 91662
FULL manny head_tilt/001 hard 0 queries 92051
FULL manny head_tilt/002 hard 0 queries 92427
FULL manny head_tilt/003 hard 0 queries 92821
FULL manny head_tilt/004 hard 0 queries 93233
FULL manny head_tilt/005 hard 0 queries 93664
FULL manny head_tilt/006 hard 0 queries 94101
FULL manny head_tilt/007 hard 0 queries 94535
FULL manny head_tilt/008 hard 0 queries 94633
FULL manny head_tilt/009 hard 0 queries 95084
FULL manny head_tilt/010 hard 0 queries 95529
FULL manny head_tilt/011 hard 0 queries 95973
FULL manny head_tilt/012 hard 0 queries 96420
FULL manny head_tilt/013 hard 0 queries 96871
FULL manny head_tilt/014 hard 0 queries 97328
FULL manny head_tilt/015 hard 0 queries 97793
FULL manny head_tilt/016 hard 0 queries 97895
FULL manny hip_abduction/000 hard 0 queries 97895
FULL manny hip_abduction/001 hard 0 queries 98220
FULL manny hip_abduction/002 hard 0 queries 98563
FULL manny hip_abduction/003 hard 0 queries 98920
FULL manny hip_abduction/004 hard 0 queries 99294
FULL manny hip_abduction/005 hard 0 queries 99477
FULL manny hip_abduction/006 hard 0 queries 99882
FULL manny hip_abduction/007 hard 0 queries 100295
FULL manny hip_abduction/008 hard 0 queries 100708
FULL manny hip_abduction/009 hard 0 queries 101137
FULL manny hip_abduction/010 hard 0 queries 101326
FULL manny palms_turn/000 hard 0 queries 101326
FULL manny palms_turn/001 hard 0 queries 101525
FULL manny palms_turn/002 hard 0 queries 101730
FULL manny palms_turn/003 hard 0 queries 101938
FULL manny palms_turn/004 hard 0 queries 102155
FULL manny palms_turn/005 hard 0 queries 102382
FULL manny palms_turn/006 hard 0 queries 102616
FULL manny palms_turn/007 hard 0 queries 102863
FULL manny palms_turn/008 hard 0 queries 103118
FULL manny palms_turn/009 hard 0 queries 103243
FULL manny palms_turn/010 hard 0 queries 103509
FULL manny palms_turn/011 hard 0 queries 103758
FULL manny palms_turn/012 hard 0 queries 104001
FULL manny palms_turn/013 hard 0 queries 104236
FULL manny palms_turn/014 hard 0 queries 104461
FULL manny palms_turn/015 hard 0 queries 104680
FULL manny palms_turn/016 hard 0 queries 104896
FULL manny palms_turn/017 hard 0 queries 105106
FULL manny palms_turn/018 hard 0 queries 105176
FULL manny hands_low_behind/000 hard 0 queries 105176
FULL manny hands_low_behind/001 hard 0 queries 105354
FULL manny hands_low_behind/002 hard 0 queries 105542
FULL manny hands_low_behind/003 hard 0 queries 105735
FULL manny hands_low_behind/004 hard 0 queries 105939
FULL manny hands_low_behind/005 hard 0 queries 106162
FULL manny hands_low_behind/006 hard 0 queries 106407
FULL manny hands_low_behind/007 hard 0 queries 106665
FULL manny hands_low_behind/008 hard 0 queries 106946
FULL manny hands_low_behind/009 hard 0 queries 107246
FULL manny hands_low_behind/010 hard 0 queries 107566
FULL manny hands_low_behind/011 hard 0 queries 107888
FULL manny one_hand_up_back/000 hard 0 queries 107888
FULL manny one_hand_up_back/001 hard 0 queries 108196
FULL manny one_hand_up_back/002 hard 0 queries 108507
FULL manny one_hand_up_back/003 hard 0 queries 108821
FULL manny one_hand_up_back/004 hard 0 queries 109141
FULL manny one_hand_up_back/005 hard 0 queries 109464
FULL manny one_hand_up_back/006 hard 0 queries 109787
FULL manny one_hand_up_back/007 hard 0 queries 110115
FULL manny one_hand_up_back/008 hard 0 queries 110451
FULL manny one_hand_up_back/009 hard 0 queries 110789
FULL manny one_hand_up_back/010 hard 0 queries 111137
FULL manny one_hand_up_back/011 hard 0 queries 111493
FULL manny one_hand_up_back/012 hard 0 queries 111857
FULL manny one_hand_up_back/013 hard 0 queries 111984
FULL manny one_hand_up_back/014 hard 0 queries 112364
FULL manny one_hand_up_back/015 hard 0 queries 112751
FULL manny one_hand_up_back/016 hard 0 queries 113144
FULL manny one_hand_up_back/017 hard 0 queries 113548
FULL manny one_hand_up_back/018 hard 0 queries 113951
FULL manny one_hand_up_back/019 hard 0 queries 114347
FULL manny one_hand_up_back/020 hard 0 queries 114735
FULL manny one_hand_up_back/021 hard 0 queries 115127
FULL manny one_hand_up_back/022 hard 0 queries 115525
FULL manny one_hand_up_back/023 hard 0 queries 115922
FULL manny one_hand_up_back/024 hard 0 queries 116383
FULL manny one_hand_up_back/025 hard 0 queries 116852
FULL manny one_hand_up_back/026 hard 0 queries 117067
FULL manny touch_back_head/000 hard 0 queries 117067
FULL manny touch_back_head/001 hard 0 queries 117407
FULL manny touch_back_head/002 hard 0 queries 117756
FULL manny touch_back_head/003 hard 0 queries 118030
FULL manny touch_back_head/004 hard 0 queries 118411
FULL manny touch_back_head/005 hard 0 queries 118587
FULL manny touch_back_head/006 hard 0 queries 118911
FULL manny touch_back_head/007 hard 0 queries 119329
FULL manny touch_back_head/008 hard 0 queries 119750
FULL manny touch_back_head/009 hard 0 queries 120073
FULL manny touch_back_head/010 hard 0 queries 120252
FULL manny touch_back_head/011 hard 0 queries 120665
FULL manny touch_back_head/012 hard 0 queries 120977
FULL manny touch_back_head/013 hard 0 queries 121397
FULL manny touch_back_head/014 hard 0 queries 121824
FULL manny touch_back_head/015 hard 0 queries 122009
FULL manny touch_back_head/016 hard 0 queries 122457
FULL manny touch_back_head/017 hard 0 queries 122895
FULL manny touch_back_head/018 hard 0 queries 123206
FULL manny touch_back_head/019 hard 0 queries 123631
FULL manny touch_back_head/020 hard 0 queries 123802
FULL manny touch_back_head/021 hard 0 queries 124130
FULL manny touch_back_head/022 hard 0 queries 124590
FULL manny touch_back_head/023 hard 0 queries 125062
FULL manny touch_back_head/024 hard 0 queries 125427
FULL manny touch_back_head/025 hard 0 queries 125654
FULL manny touch_back_head/026 hard 0 queries 126140
FULL manny touch_back_head/027 hard 0 queries 126519
FULL manny touch_back_head/028 hard 0 queries 127013
FULL manny touch_back_head/029 hard 0 queries 127519
FULL manny touch_back_head/030 hard 0 queries 127725
FULL manny kneeling/000 hard 0 queries 127725
FULL manny kneeling/001 hard 0 queries 127948
FULL manny kneeling/002 hard 0 queries 128174
FULL manny kneeling/003 hard 0 queries 128402
FULL manny kneeling/004 hard 0 queries 128632
FULL manny kneeling/005 hard 0 queries 128863
FULL manny kneeling/006 hard 0 queries 129095
FULL manny kneeling/007 hard 0 queries 129343
FULL manny kneeling/008 hard 0 queries 129592
FULL manny kneeling/009 hard 0 queries 129859
FULL manny kneeling/010 hard 0 queries 130137
FULL manny kneeling/011 hard 0 queries 130413
FULL manny kneeling/012 hard 0 queries 130680
FULL manny kneeling/013 hard 0 queries 130846
FULL manny kneeling/014 hard 0 queries 131120
FULL manny kneeling/015 hard 0 queries 131399
FULL manny kneeling/016 hard 0 queries 131677
FULL manny kneeling/017 hard 0 queries 131955
FULL manny kneeling/018 hard 0 queries 132229
FULL manny kneeling/019 hard 0 queries 132505
FULL manny kneeling/020 hard 0 queries 132780
FULL manny kneeling/021 hard 0 queries 133057
FULL manny kneeling/022 hard 0 queries 133336
FULL manny kneeling/023 hard 0 queries 133617
FULL manny kneeling/024 hard 0 queries 133900
FULL manny kneeling/025 hard 0 queries 134183
FULL manny kneeling/026 hard 0 queries 134349
FULL manny trunk_bend_twist/000 hard 0 queries 134349
FULL manny trunk_bend_twist/001 hard 0 queries 134891
FULL manny trunk_bend_twist/002 hard 0 queries 135748
FULL manny trunk_bend_twist/003 hard 0 queries 136807
FULL manny trunk_bend_twist/004 hard 0 queries 138011
FULL manny trunk_bend_twist/005 hard 0 queries 139306
FULL manny trunk_bend_twist/006 hard 0 queries 140664
FULL manny trunk_bend_twist/007 hard 0 queries 141902
FULL manny shoulder_extend_internal/000 hard 0 queries 141902
FULL manny shoulder_extend_internal/001 hard 0 queries 142077
FULL manny shoulder_extend_internal/002 hard 0 queries 142168
FULL manny shoulder_extend_internal/003 hard 0 queries 142356
FULL manny shoulder_extend_internal/004 hard 0 queries 142456
FULL manny shoulder_extend_internal/005 hard 0 queries 142659
FULL manny shoulder_extend_internal/006 hard 0 queries 142773
FULL manny shoulder_extend_internal/007 hard 0 queries 142897
FULL manny shoulder_extend_internal/008 hard 0 queries 143027
FULL manny shoulder_extend_internal/009 hard 0 queries 143280
FULL manny shoulder_extend_internal/010 hard 0 queries 143425
FULL manny shoulder_extend_internal/011 hard 0 queries 143693
FULL manny shoulder_extend_internal/012 hard 0 queries 143850
FULL manny shoulder_extend_internal/013 hard 0 queries 144129
FULL manny shoulder_extend_internal/014 hard 0 queries 144288
FULL manny legs_together/000 hard 0 queries 144288
FULL manny legs_together/001 hard 0 queries 144288
FULL manny legs_together/002 hard 0 queries 144288
FULL manny legs_together/003 hard 0 queries 144288
FULL manny legs_together/004 hard 0 queries 144288
FULL manny legs_together/005 hard 0 queries 144288
FULL manny legs_together/006 hard 0 queries 144288
FULL manny legs_together/007 hard 0 queries 144288
FULL manny legs_crossed/000 hard 0 queries 144288
FULL manny legs_crossed/001 hard 0 queries 144425
FULL manny legs_crossed/002 hard 0 queries 144562
FULL manny legs_crossed/003 hard 0 queries 144702
FULL manny legs_crossed/004 hard 0 queries 144849
FULL manny legs_crossed/005 hard 0 queries 145001
FULL manny legs_crossed/006 hard 0 queries 145158
FULL manny legs_crossed/007 hard 0 queries 145318
FULL manny left_side_lying/000 hard 0 queries 145318
FULL manny left_side_lying/001 hard 0 queries 145318
FULL manny left_side_lying/002 hard 0 queries 145318
FULL manny left_side_lying/003 hard 0 queries 145318
FULL manny left_side_lying/004 hard 0 queries 145318
FULL manny left_side_lying/005 hard 0 queries 145318
FULL manny left_side_lying/006 hard 0 queries 145318
FULL manny left_side_lying/007 hard 0 queries 145318
FULL manny right_side_lying/000 hard 0 queries 145318
FULL manny right_side_lying/001 hard 0 queries 145318
FULL manny right_side_lying/002 hard 0 queries 145318
FULL manny right_side_lying/003 hard 0 queries 145318
FULL manny right_side_lying/004 hard 0 queries 145318
FULL manny right_side_lying/005 hard 0 queries 145318
FULL manny right_side_lying/006 hard 0 queries 145318
FULL manny right_side_lying/007 hard 0 queries 145318
FULL manny prone/000 hard 0 queries 145318
FULL manny prone/001 hard 0 queries 145318
FULL manny prone/002 hard 0 queries 145318
FULL manny prone/003 hard 0 queries 145318
FULL manny prone/004 hard 0 queries 145318
FULL manny prone/005 hard 0 queries 145318
FULL manny prone/006 hard 0 queries 145318
FULL manny prone/007 hard 0 queries 145318
FULL SUMMARY manny 416 hard 0
