-- Minimal build - OFF
-- Building ESP-IDF components for target esp32s3
-- KCONFIG_REPORT_VERBOSITY not set, using default
-- Project sdkconfig file E:/UnrealProjects/PoseDollLab_UE58_Design/PoseDoll_HW44_Plan/design/Firmware/PoseDollFullBody/revO15/.local/build-o15-c1/BODY/sdkconfig
-- Compiler supported targets: xtensa-esp-elf
-- Detecting C compiler ABI info
-- Detecting C compiler ABI info - done
-- Detecting CXX compiler ABI info
-- Detecting CXX compiler ABI info - done
-- Detecting C compiler ABI info
-- Detecting C compiler ABI info - done
-- Detecting CXX compiler ABI info
-- Detecting CXX compiler ABI info - done
-- App "posedoll_o15_raw46" version: fallback/revN1-91cm-20260923-4-
-- Setting up mbedtls configuration
-- Linkage type is PUBLIC
-- Adding linker script D:/ProgramFiles/esp/v6.1/esp-idf/components/esp_hal_wdt/esp32s3/rom.wdt.ld
-- Adding linker script D:/ProgramFiles/esp/v6.1/esp-idf/components/esp_system/ld/esp32s3/memory.ld.in
--   -> Preprocessing .in script: D:/ProgramFiles/esp/v6.1/esp-idf/components/esp_system/ld/esp32s3/memory.ld.in
-- Adding linker script D:/ProgramFiles/esp/v6.1/esp-idf/components/esp_system/ld/esp32s3/sections.ld.in
--   -> Preprocessing .in script: D:/ProgramFiles/esp/v6.1/esp-idf/components/esp_system/ld/esp32s3/sections.ld.in
--   -> Applying ldgen processing: E:/UnrealProjects/PoseDollLab_UE58_Design/PoseDoll_HW44_Plan/design/Firmware/PoseDollFullBody/revO15/.local/build-o15-c1/BODY/esp-idf/esp_system/ld/sections.ld.in
-- Adding linker script D:/ProgramFiles/esp/v6.1/esp-idf/components/esp_rom/esp32s3/ld/esp32s3.rom.ld
-- Adding linker script D:/ProgramFiles/esp/v6.1/esp-idf/components/esp_rom/esp32s3/ld/esp32s3.rom.api.ld
-- Adding linker script D:/ProgramFiles/esp/v6.1/esp-idf/components/esp_rom/esp32s3/ld/esp32s3.rom.bt_funcs.ld
-- Adding linker script D:/ProgramFiles/esp/v6.1/esp-idf/components/esp_rom/esp32s3/ld/esp32s3.rom.libgcc.ld
-- Adding linker script D:/ProgramFiles/esp/v6.1/esp-idf/components/esp_rom/esp32s3/ld/esp32s3.rom.version.ld
-- Adding linker script D:/ProgramFiles/esp/v6.1/esp-idf/components/esp_rom/esp32s3/ld/esp32s3.rom.ble_master.ld
-- Adding linker script D:/ProgramFiles/esp/v6.1/esp-idf/components/esp_rom/esp32s3/ld/esp32s3.rom.ble_50.ld
-- Adding linker script D:/ProgramFiles/esp/v6.1/esp-idf/components/esp_rom/esp32s3/ld/esp32s3.rom.ble_smp.ld
-- Adding linker script D:/ProgramFiles/esp/v6.1/esp-idf/components/esp_rom/esp32s3/ld/esp32s3.rom.ble_dtm.ld
-- Adding linker script D:/ProgramFiles/esp/v6.1/esp-idf/components/esp_rom/esp32s3/ld/esp32s3.rom.ble_test.ld
-- Adding linker script D:/ProgramFiles/esp/v6.1/esp-idf/components/esp_rom/esp32s3/ld/esp32s3.rom.ble_scan.ld
-- Adding linker script D:/ProgramFiles/esp/v6.1/esp-idf/components/esp_rom/esp32s3/ld/esp32s3.rom.libc.ld
-- Adding linker script D:/ProgramFiles/esp/v6.1/esp-idf/components/soc/esp32s3/ld/esp32s3.peripherals.ld
-- Adding linker script D:/ProgramFiles/esp/v6.1/esp-idf/components/esp_hal_regi2c/esp32s3/rom.regi2c.ld
-- Component idf::esp_trace will be linked with -Wl,--whole-archive
-- Components: app_trace app_update bootloader bootloader_support bt cmock console cxx driver efuse esp-tls esp_adc esp_app_format esp_asrc_adapter esp_blockdev esp_blockdev_util esp_bootloader_format esp_coex esp_common esp_driver_ana_cmpr esp_driver_bitscrambler esp_driver_cam esp_driver_cordic esp_driver_dac esp_driver_dma esp_driver_gpio esp_driver_gptimer esp_driver_i2c esp_driver_i2s esp_driver_i3c esp_driver_isp esp_driver_jpeg esp_driver_ledc esp_driver_mcpwm esp_driver_parlio esp_driver_pcnt esp_driver_ppa esp_driver_rmt esp_driver_sd_intf esp_driver_sdio esp_driver_sdm esp_driver_sdmmc esp_driver_sdspi esp_driver_spi esp_driver_touch_sens esp_driver_tsens esp_driver_twai esp_driver_uart esp_driver_usb_serial_jtag esp_eth esp_event esp_gdbstub esp_hal_ana_cmpr esp_hal_ana_conv esp_hal_asrc esp_hal_cam esp_hal_clock esp_hal_cordic esp_hal_dma esp_hal_emac esp_hal_gpio esp_hal_gpspi esp_hal_i2c esp_hal_i2s esp_hal_i3c esp_hal_ieee802154 esp_hal_jpeg esp_hal_lcd esp_hal_ledc esp_hal_mcpwm esp_hal_mspi esp_hal_parlio esp_hal_pcnt esp_hal_pmu esp_hal_ppa esp_hal_regi2c esp_hal_rmt esp_hal_rtc_timer esp_hal_sd esp_hal_security esp_hal_systimer esp_hal_timg esp_hal_touch_sens esp_hal_twai esp_hal_uart esp_hal_usb esp_hal_wdt esp_hid esp_http_client esp_http_server esp_https_ota esp_https_server esp_hw_support esp_lcd esp_libc esp_local_ctrl esp_mm esp_netif esp_netif_stack esp_partition esp_phy esp_pm esp_psram esp_ringbuf esp_rom esp_security esp_stdio esp_system esp_timer esp_trace esp_usb_cdc_rom_console esp_wifi espcoredump esptool_py fatfs freertos hal heap http_parser ieee802154 log lwip main mbedtls nvs_flash nvs_sec_provider openthread partition_table perfmon protobuf-c protocomm pthread rt sdmmc soc spi_flash spiffs tcp_transport ulp unity vfs wear_levelling wpa_supplicant xtensa
-- Component paths: D:/ProgramFiles/esp/v6.1/esp-idf/components/app_trace D:/ProgramFiles/esp/v6.1/esp-idf/components/app_update D:/ProgramFiles/esp/v6.1/esp-idf/components/bootloader D:/ProgramFiles/esp/v6.1/esp-idf/components/bootloader_support D:/ProgramFiles/esp/v6.1/esp-idf/components/bt D:/ProgramFiles/esp/v6.1/esp-idf/components/cmock D:/ProgramFiles/esp/v6.1/esp-idf/components/console D:/ProgramFiles/esp/v6.1/esp-idf/components/cxx D:/ProgramFiles/esp/v6.1/esp-idf/components/driver D:/ProgramFiles/esp/v6.1/esp-idf/components/efuse D:/ProgramFiles/esp/v6.1/esp-idf/components/esp-tls D:/ProgramFiles/esp/v6.1/esp-idf/components/esp_adc D:/ProgramFiles/esp/v6.1/esp-idf/components/esp_app_format D:/ProgramFiles/esp/v6.1/esp-idf/components/esp_asrc_adapter D:/ProgramFiles/esp/v6.1/esp-idf/components/esp_blockdev D:/ProgramFiles/esp/v6.1/esp-idf/components/esp_blockdev_util D:/ProgramFiles/esp/v6.1/esp-idf/components/esp_bootloader_format D:/ProgramFiles/esp/v6.1/esp-idf/components/esp_coex D:/ProgramFiles/esp/v6.1/esp-idf/components/esp_common D:/ProgramFiles/esp/v6.1/esp-idf/components/esp_driver_ana_cmpr D:/ProgramFiles/esp/v6.1/esp-idf/components/esp_driver_bitscrambler D:/ProgramFiles/esp/v6.1/esp-idf/components/esp_driver_cam D:/ProgramFiles/esp/v6.1/esp-idf/components/esp_driver_cordic D:/ProgramFiles/esp/v6.1/esp-idf/components/esp_driver_dac D:/ProgramFiles/esp/v6.1/esp-idf/components/esp_driver_dma D:/ProgramFiles/esp/v6.1/esp-idf/components/esp_driver_gpio D:/ProgramFiles/esp/v6.1/esp-idf/components/esp_driver_gptimer D:/ProgramFiles/esp/v6.1/esp-idf/components/esp_driver_i2c D:/ProgramFiles/esp/v6.1/esp-idf/components/esp_driver_i2s D:/ProgramFiles/esp/v6.1/esp-idf/components/esp_driver_i3c D:/ProgramFiles/esp/v6.1/esp-idf/components/esp_driver_isp D:/ProgramFiles/esp/v6.1/esp-idf/components/esp_driver_jpeg D:/ProgramFiles/esp/v6.1/esp-idf/components/esp_driver_ledc D:/ProgramFiles/esp/v6.1/esp-idf/components/esp_driver_mcpwm D:/ProgramFiles/esp/v6.1/esp-idf/components/esp_driver_parlio D:/ProgramFiles/esp/v6.1/esp-idf/components/esp_driver_pcnt D:/ProgramFiles/esp/v6.1/esp-idf/components/esp_driver_ppa D:/ProgramFiles/esp/v6.1/esp-idf/components/esp_driver_rmt D:/ProgramFiles/esp/v6.1/esp-idf/components/esp_driver_sd_intf D:/ProgramFiles/esp/v6.1/esp-idf/components/esp_driver_sdio D:/ProgramFiles/esp/v6.1/esp-idf/components/esp_driver_sdm D:/ProgramFiles/esp/v6.1/esp-idf/components/esp_driver_sdmmc D:/ProgramFiles/esp/v6.1/esp-idf/components/esp_driver_sdspi D:/ProgramFiles/esp/v6.1/esp-idf/components/esp_driver_spi D:/ProgramFiles/esp/v6.1/esp-idf/components/esp_driver_touch_sens D:/ProgramFiles/esp/v6.1/esp-idf/components/esp_driver_tsens D:/ProgramFiles/esp/v6.1/esp-idf/components/esp_driver_twai D:/ProgramFiles/esp/v6.1/esp-idf/components/esp_driver_uart D:/ProgramFiles/esp/v6.1/esp-idf/components/esp_driver_usb_serial_jtag D:/ProgramFiles/esp/v6.1/esp-idf/components/esp_eth D:/ProgramFiles/esp/v6.1/esp-idf/components/esp_event D:/ProgramFiles/esp/v6.1/esp-idf/components/esp_gdbstub D:/ProgramFiles/esp/v6.1/esp-idf/components/esp_hal_ana_cmpr D:/ProgramFiles/esp/v6.1/esp-idf/components/esp_hal_ana_conv D:/ProgramFiles/esp/v6.1/esp-idf/components/esp_hal_asrc D:/ProgramFiles/esp/v6.1/esp-idf/components/esp_hal_cam D:/ProgramFiles/esp/v6.1/esp-idf/components/esp_hal_clock D:/ProgramFiles/esp/v6.1/esp-idf/components/esp_hal_cordic D:/ProgramFiles/esp/v6.1/esp-idf/components/esp_hal_dma D:/ProgramFiles/esp/v6.1/esp-idf/components/esp_hal_emac D:/ProgramFiles/esp/v6.1/esp-idf/components/esp_hal_gpio D:/ProgramFiles/esp/v6.1/esp-idf/components/esp_hal_gpspi D:/ProgramFiles/esp/v6.1/esp-idf/components/esp_hal_i2c D:/ProgramFiles/esp/v6.1/esp-idf/components/esp_hal_i2s D:/ProgramFiles/esp/v6.1/esp-idf/components/esp_hal_i3c D:/ProgramFiles/esp/v6.1/esp-idf/components/esp_hal_ieee802154 D:/ProgramFiles/esp/v6.1/esp-idf/components/esp_hal_jpeg D:/ProgramFiles/esp/v6.1/esp-idf/components/esp_hal_lcd D:/ProgramFiles/esp/v6.1/esp-idf/components/esp_hal_ledc D:/ProgramFiles/esp/v6.1/esp-idf/components/esp_hal_mcpwm D:/ProgramFiles/esp/v6.1/esp-idf/components/esp_hal_mspi D:/ProgramFiles/esp/v6.1/esp-idf/components/esp_hal_parlio D:/ProgramFiles/esp/v6.1/esp-idf/components/esp_hal_pcnt D:/ProgramFiles/esp/v6.1/esp-idf/components/esp_hal_pmu D:/ProgramFiles/esp/v6.1/esp-idf/components/esp_hal_ppa D:/ProgramFiles/esp/v6.1/esp-idf/components/esp_hal_regi2c D:/ProgramFiles/esp/v6.1/esp-idf/components/esp_hal_rmt D:/ProgramFiles/esp/v6.1/esp-idf/components/esp_hal_rtc_timer D:/ProgramFiles/esp/v6.1/esp-idf/components/esp_hal_sd D:/ProgramFiles/esp/v6.1/esp-idf/components/esp_hal_security D:/ProgramFiles/esp/v6.1/esp-idf/components/esp_hal_systimer D:/ProgramFiles/esp/v6.1/esp-idf/components/esp_hal_timg D:/ProgramFiles/esp/v6.1/esp-idf/components/esp_hal_touch_sens D:/ProgramFiles/esp/v6.1/esp-idf/components/esp_hal_twai D:/ProgramFiles/esp/v6.1/esp-idf/components/esp_hal_uart D:/ProgramFiles/esp/v6.1/esp-idf/components/esp_hal_usb D:/ProgramFiles/esp/v6.1/esp-idf/components/esp_hal_wdt D:/ProgramFiles/esp/v6.1/esp-idf/components/esp_hid D:/ProgramFiles/esp/v6.1/esp-idf/components/esp_http_client D:/ProgramFiles/esp/v6.1/esp-idf/components/esp_http_server D:/ProgramFiles/esp/v6.1/esp-idf/components/esp_https_ota D:/ProgramFiles/esp/v6.1/esp-idf/components/esp_https_server D:/ProgramFiles/esp/v6.1/esp-idf/components/esp_hw_support D:/ProgramFiles/esp/v6.1/esp-idf/components/esp_lcd D:/ProgramFiles/esp/v6.1/esp-idf/components/esp_libc D:/ProgramFiles/esp/v6.1/esp-idf/components/esp_local_ctrl D:/ProgramFiles/esp/v6.1/esp-idf/components/esp_mm D:/ProgramFiles/esp/v6.1/esp-idf/components/esp_netif D:/ProgramFiles/esp/v6.1/esp-idf/components/esp_netif_stack D:/ProgramFiles/esp/v6.1/esp-idf/components/esp_partition D:/ProgramFiles/esp/v6.1/esp-idf/components/esp_phy D:/ProgramFiles/esp/v6.1/esp-idf/components/esp_pm D:/ProgramFiles/esp/v6.1/esp-idf/components/esp_psram D:/ProgramFiles/esp/v6.1/esp-idf/components/esp_ringbuf D:/ProgramFiles/esp/v6.1/esp-idf/components/esp_rom D:/ProgramFiles/esp/v6.1/esp-idf/components/esp_security D:/ProgramFiles/esp/v6.1/esp-idf/components/esp_stdio D:/ProgramFiles/esp/v6.1/esp-idf/components/esp_system D:/ProgramFiles/esp/v6.1/esp-idf/components/esp_timer D:/ProgramFiles/esp/v6.1/esp-idf/components/esp_trace D:/ProgramFiles/esp/v6.1/esp-idf/components/esp_usb_cdc_rom_console D:/ProgramFiles/esp/v6.1/esp-idf/components/esp_wifi D:/ProgramFiles/esp/v6.1/esp-idf/components/espcoredump D:/ProgramFiles/esp/v6.1/esp-idf/components/esptool_py D:/ProgramFiles/esp/v6.1/esp-idf/components/fatfs D:/ProgramFiles/esp/v6.1/esp-idf/components/freertos D:/ProgramFiles/esp/v6.1/esp-idf/components/hal D:/ProgramFiles/esp/v6.1/esp-idf/components/heap D:/ProgramFiles/esp/v6.1/esp-idf/components/http_parser D:/ProgramFiles/esp/v6.1/esp-idf/components/ieee802154 D:/ProgramFiles/esp/v6.1/esp-idf/components/log D:/ProgramFiles/esp/v6.1/esp-idf/components/lwip E:/UnrealProjects/PoseDollLab_UE58_Design/PoseDoll_HW44_Plan/design/Firmware/PoseDollFullBody/revO15/main D:/ProgramFiles/esp/v6.1/esp-idf/components/mbedtls D:/ProgramFiles/esp/v6.1/esp-idf/components/nvs_flash D:/ProgramFiles/esp/v6.1/esp-idf/components/nvs_sec_provider D:/ProgramFiles/esp/v6.1/esp-idf/components/openthread D:/ProgramFiles/esp/v6.1/esp-idf/components/partition_table D:/ProgramFiles/esp/v6.1/esp-idf/components/perfmon D:/ProgramFiles/esp/v6.1/esp-idf/components/protobuf-c D:/ProgramFiles/esp/v6.1/esp-idf/components/protocomm D:/ProgramFiles/esp/v6.1/esp-idf/components/pthread D:/ProgramFiles/esp/v6.1/esp-idf/components/rt D:/ProgramFiles/esp/v6.1/esp-idf/components/sdmmc D:/ProgramFiles/esp/v6.1/esp-idf/components/soc D:/ProgramFiles/esp/v6.1/esp-idf/components/spi_flash D:/ProgramFiles/esp/v6.1/esp-idf/components/spiffs D:/ProgramFiles/esp/v6.1/esp-idf/components/tcp_transport D:/ProgramFiles/esp/v6.1/esp-idf/components/ulp D:/ProgramFiles/esp/v6.1/esp-idf/components/unity D:/ProgramFiles/esp/v6.1/esp-idf/components/vfs D:/ProgramFiles/esp/v6.1/esp-idf/components/wear_levelling D:/ProgramFiles/esp/v6.1/esp-idf/components/wpa_supplicant D:/ProgramFiles/esp/v6.1/esp-idf/components/xtensa
-- Configuring done (22.1s)
-- Generating done (1.8s)
-- Build files have been written to: E:/UnrealProjects/PoseDollLab_UE58_Design/PoseDoll_HW44_Plan/design/Firmware/PoseDollFullBody/revO15/.local/build-o15-c1/BODY
[1/4] C:\Windows\system32\cmd.exe /C "cd /D E:\UnrealProjects\PoseDollLab_UE58_Design\PoseDoll_HW44_Plan\design\Firmware\PoseDollFullBody\revO15\.local\build-o15-c1\BODY && C:\Espressif\tools\python\v6.1\venv\Scripts\python.exe D:/ProgramFiles/esp/v6.1/esp-idf/components/partition_table/check_sizes.py --offset 0x8000 partition --type app E:/UnrealProjects/PoseDollLab_UE58_Design/PoseDoll_HW44_Plan/design/Firmware/PoseDollFullBody/revO15/.local/build-o15-c1/BODY/partition_table/partition-table.bin E:/UnrealProjects/PoseDollLab_UE58_Design/PoseDoll_HW44_Plan/design/Firmware/PoseDollFullBody/revO15/.local/build-o15-c1/BODY/posedoll_o15_raw46.bin"
posedoll_o15_raw46.bin binary size 0xb6490 bytes. Smallest app partition is 0x100000 bytes. 0x49b70 bytes (29%) free.
[2/4] Performing build step for 'bootloader'
[1/1] C:\Windows\system32\cmd.exe /C "cd /D E:\UnrealProjects\PoseDollLab_UE58_Design\PoseDoll_HW44_Plan\design\Firmware\PoseDollFullBody\revO15\.local\build-o15-c1\BODY\bootloader && C:\Espressif\tools\python\v6.1\venv\Scripts\python.exe D:/ProgramFiles/esp/v6.1/esp-idf/components/partition_table/check_sizes.py --offset 0x8000 bootloader 0x0 E:/UnrealProjects/PoseDollLab_UE58_Design/PoseDoll_HW44_Plan/design/Firmware/PoseDollFullBody/revO15/.local/build-o15-c1/BODY/bootloader/bootloader.bin"
Bootloader binary size 0x5290 bytes. 0x2d70 bytes (35%) free.
[3/4] No install step for 'bootloader'
[4/4] Completed 'bootloader'
Executing action: all (aliases: build)
Running cmake in directory E:\UnrealProjects\PoseDollLab_UE58_Design\PoseDoll_HW44_Plan\design\Firmware\PoseDollFullBody\revO15\.local\build-o15-c1\BODY
Executing "cmake -G Ninja -B E:\UnrealProjects\PoseDollLab_UE58_Design\PoseDoll_HW44_Plan\design\Firmware\PoseDollFullBody\revO15\.local\build-o15-c1\BODY -DPYTHON_DEPS_CHECKED=1 -DPYTHON=C:\Espressif\tools\python\v6.1\venv\Scripts\python.exe -DESP_PLATFORM=1 -DSDKCONFIG=E:\UnrealProjects\PoseDollLab_UE58_Design\PoseDoll_HW44_Plan\design\Firmware\PoseDollFullBody\revO15\.local\build-o15-c1\BODY/sdkconfig -DSDKCONFIG_DEFAULTS=E:\UnrealProjects\PoseDollLab_UE58_Design\PoseDoll_HW44_Plan\design\Firmware\PoseDollFullBody\revO15\sdkconfig.BODY.defaults -DCCACHE_ENABLE=False E:\UnrealProjects\PoseDollLab_UE58_Design\PoseDoll_HW44_Plan\design\Firmware\PoseDollFullBody\revO15"...
Running ninja in directory E:\UnrealProjects\PoseDollLab_UE58_Design\PoseDoll_HW44_Plan\design\Firmware\PoseDollFullBody\revO15\.local\build-o15-c1\BODY
Executing "ninja -j 4 all"...

Project build complete. To flash, run:
 idf.py flash
or
 idf.py -p PORT flash
or
 python -m esptool --chip esp32s3 -b 460800 --before default-reset --after hard-reset write-flash --flash-mode dio --flash-size 8MB --flash-freq 80m 0x0 .local\build-o15-c1\BODY\bootloader\bootloader.bin 0x8000 .local\build-o15-c1\BODY\partition_table\partition-table.bin 0x10000 .local\build-o15-c1\BODY\posedoll_o15_raw46.bin
or from the "E:\UnrealProjects\PoseDollLab_UE58_Design\PoseDoll_HW44_Plan\design\Firmware\PoseDollFullBody\revO15\.local\build-o15-c1\BODY" directory
 python -m esptool --chip esp32s3 -b 460800 --before default-reset --after hard-reset write-flash "@flash_args"
