MOTION BANK 273
ROUTING ball_r obstacles 2007
CARRIER quinn ball_r 1 components 1 issues [] queries 2
ROUTING hand_r obstacles 1802
CARRIER quinn hand_r 1 components 1 issues [] queries 2
ROUTING hand_r.flex_frame obstacles 1976
CARRIER quinn hand_r.flex_frame 2 components 1 issues [] queries 15
ROUTING forearm_r obstacles 2651
CARRIER quinn forearm_r 2 components 1 issues [] queries 272
ROUTING elbow_r obstacles 13770
CARRIER quinn elbow_r 2 components 1 issues [] queries 35
ROUTING clavicle_r.protract_frame obstacles 14824
CARRIER quinn clavicle_r.protract_frame 2 components 1 issues [] queries 2766
ROUTING ball_l obstacles 2013
CARRIER quinn ball_l 1 components 1 issues [] queries 2
ROUTING hand_l obstacles 1808
CARRIER quinn hand_l 1 components 1 issues [] queries 78
ROUTING hand_l.flex_frame obstacles 1982
CARRIER quinn hand_l.flex_frame 2 components 1 issues [] queries 330
ROUTING forearm_l obstacles 3437
CARRIER quinn forearm_l 2 components 1 issues [] queries 3415
ROUTING elbow_l obstacles 17329
CARRIER quinn elbow_l 2 components 1 issues [] queries 5
ROUTING clavicle_l.protract_frame obstacles 16853
PORT RETRY clavicle_l.protract/lever_cup clavicle_l.elevate/base_sensor_half 0 144
PORT RETRY clavicle_l.protract/lever_cup clavicle_l.elevate/base_sensor_half 12 144
PORT RETRY clavicle_l.protract/lever_cup clavicle_l.elevate/base_sensor_half 24 144
PORT RETRY clavicle_l.protract/lever_cup clavicle_l.elevate/base_sensor_half 36 144
PORT RETRY SOLVED clavicle_l.protract/lever_cup clavicle_l.elevate/base_sensor_half alternative 46
CARRIER quinn clavicle_l.protract_frame 2 components 1 issues [] queries 25409
ROUTING foot_r obstacles 2450
CARRIER quinn foot_r 2 components 1 issues [] queries 1174
ROUTING calf_r obstacles 12036
CARRIER quinn calf_r 2 components 1 issues [] queries 5
ROUTING foot_l obstacles 2452
CARRIER quinn foot_l 2 components 1 issues [] queries 1286
ROUTING calf_l obstacles 12038
CARRIER quinn calf_l 2 components 1 issues [] queries 5
ROUTING thigh_r obstacles 21528
CARRIER quinn thigh_r 2 components 1 issues [] queries 169
ROUTING thigh_l obstacles 21529
CARRIER quinn thigh_l 2 components 1 issues [] queries 5
ROUTING upperarm_r obstacles 15280
CARRIER quinn upperarm_r 2 components 1 issues [] queries 1992
ROUTING clavicle_r obstacles 14583
CARRIER quinn clavicle_r 2 components 1 issues [] queries 5069
ROUTING upperarm_l obstacles 19203
CARRIER quinn upperarm_l 2 components 1 issues [] queries 725
ROUTING clavicle_l obstacles 17203
PORT RETRY upperarm_l/P_case_minus clavicle_l.elevate/lever_cup 0 144
PORT RETRY upperarm_l/P_case_minus clavicle_l.elevate/lever_cup 12 144
PORT RETRY upperarm_l/P_case_minus clavicle_l.elevate/lever_cup 24 144
PORT RETRY upperarm_l/P_case_minus clavicle_l.elevate/lever_cup 36 144
PORT RETRY upperarm_l/P_case_minus clavicle_l.elevate/lever_cup 48 144
PORT RETRY upperarm_l/P_case_minus clavicle_l.elevate/lever_cup 60 144
PORT RETRY SOLVED upperarm_l/P_case_minus clavicle_l.elevate/lever_cup alternative 62
CARRIER quinn clavicle_l 2 components 1 issues [] queries 34703
ROUTING head obstacles 6851
CARRIER quinn head 1 components 1 issues [] queries 2
ROUTING chest obstacles 6102
CARRIER quinn chest 4 components 1 issues [] queries 7593
ROUTING waist obstacles 27377
CARRIER quinn waist 2 components 1 issues [] queries 232
ROUTING pelvis obstacles 28416
CARRIER quinn pelvis 3 components 1 issues [] queries 3861
