MOTION BANK 273
ROUTING ball_r obstacles 2007
CARRIER manny ball_r 1 components 1 issues [] queries 2
ROUTING hand_r obstacles 1802
CARRIER manny hand_r 1 components 1 issues [] queries 2
ROUTING hand_r.flex_frame obstacles 1976
CARRIER manny hand_r.flex_frame 2 components 1 issues [] queries 15
ROUTING forearm_r obstacles 2651
CARRIER manny forearm_r 2 components 1 issues [] queries 416
ROUTING elbow_r obstacles 13770
CARRIER manny elbow_r 2 components 1 issues [] queries 52
ROUTING clavicle_r.protract_frame obstacles 14824
CARRIER manny clavicle_r.protract_frame 2 components 1 issues [] queries 1311
ROUTING ball_l obstacles 2013
CARRIER manny ball_l 1 components 1 issues [] queries 2
ROUTING hand_l obstacles 1808
CARRIER manny hand_l 1 components 1 issues [] queries 78
ROUTING hand_l.flex_frame obstacles 1982
CARRIER manny hand_l.flex_frame 2 components 1 issues [] queries 311
ROUTING forearm_l obstacles 3437
CARRIER manny forearm_l 2 components 1 issues [] queries 1188
ROUTING elbow_l obstacles 17329
CARRIER manny elbow_l 2 components 1 issues [] queries 5
ROUTING clavicle_l.protract_frame obstacles 16853
CARRIER manny clavicle_l.protract_frame 2 components 1 issues [] queries 1360
ROUTING foot_r obstacles 2450
CARRIER manny foot_r 2 components 1 issues [] queries 1249
ROUTING calf_r obstacles 12036
CARRIER manny calf_r 2 components 1 issues [] queries 5
ROUTING foot_l obstacles 2452
CARRIER manny foot_l 2 components 1 issues [] queries 1254
ROUTING calf_l obstacles 12038
CARRIER manny calf_l 2 components 1 issues [] queries 5
ROUTING thigh_r obstacles 21528
CARRIER manny thigh_r 2 components 1 issues [] queries 300
ROUTING thigh_l obstacles 21529
CARRIER manny thigh_l 2 components 1 issues [] queries 5
ROUTING upperarm_r obstacles 15280
CARRIER manny upperarm_r 2 components 1 issues [] queries 1516
ROUTING clavicle_r obstacles 14583
CARRIER manny clavicle_r 2 components 1 issues [] queries 3501
ROUTING upperarm_l obstacles 19203
CARRIER manny upperarm_l 2 components 1 issues [] queries 668
ROUTING clavicle_l obstacles 17203
CARRIER manny clavicle_l 2 components 1 issues [] queries 9538
ROUTING head obstacles 6851
CARRIER manny head 1 components 1 issues [] queries 2
ROUTING chest obstacles 6102
CARRIER manny chest 4 components 1 issues [] queries 2532
ROUTING waist obstacles 27377
CARRIER manny waist 2 components 1 issues [] queries 5
ROUTING pelvis obstacles 28416
CARRIER manny pelvis 3 components 1 issues [] queries 4347
