2026-09-30 03:11:29.348 INFO   Freerouting v2.4.1 (build-date: 2026-09-03)
2026-09-30 03:11:29.426 INFO   Configured network proxy: 127.0.0.1:7890
2026-09-30 03:11:30.908 INFO   [1DFA2F\F535E1] Loading board file 'route_input.dsn'...
2026-09-30 03:11:31.017 INFO   [1DFA2F\F535E1] Job '1DFA2F\F535E1' started at 2026-09-29T19:11:31.017814300Z.
2026-09-30 03:11:31.143 INFO   [1DFA2F\F535E1] Fanout stage started on board '6a0920c6c8b65b08c89f33a04fe727fa' with 435 of 451 SMD pins needing fanout (0 already connected, 16 netless).
2026-09-30 03:11:47.283 INFO   [1DFA2F\F535E1] Fanout pass #1 on board 'ad593b79796971cf2ad4df0f7e16ba8a' completed in 16.05 seconds with 355 SMD pins fanouted, 80 not routed, 0 insert errors, +117 extra vias (0 SMD pins still to check in pass, ripup costs=100).
2026-09-30 03:12:03.908 INFO   [1DFA2F\F535E1] Fanout pass #2 on board '50f3d572acd8d60cc830b1d2f0cb0485' completed in 16.60 seconds with 89 SMD pins fanouted, 82 not routed, 0 insert errors, +20 extra vias (0 SMD pins still to check in pass, ripup costs=200).
2026-09-30 03:12:09.950 INFO   [1DFA2F\F535E1] Fanout pass #3 on board '66a8cc7faa33af2e623884bd25001c2b' completed in 6.02 seconds with 22 SMD pins fanouted, 76 not routed, 0 insert errors, +10 extra vias (0 SMD pins still to check in pass, ripup costs=300).
2026-09-30 03:12:12.917 INFO   [1DFA2F\F535E1] Fanout pass #4 on board 'cf12b9bd321fb722d91733b1d78062c9' completed in 2.94 seconds with 7 SMD pins fanouted, 71 not routed, 0 insert errors, +2 extra vias (0 SMD pins still to check in pass, ripup costs=400).
2026-09-30 03:12:17.921 INFO   [1DFA2F\F535E1] Fanout pass #5 on board 'bc55978b28230f8152e6c94b8efa7839' completed in 4.98 seconds with 2 SMD pins fanouted, 70 not routed, 0 insert errors, +0 extra vias (0 SMD pins still to check in pass, ripup costs=500).
2026-09-30 03:12:20.612 INFO   [1DFA2F\F535E1] Fanout pass #6 on board 'bc55978b28230f8152e6c94b8efa7839' completed in 2.66 seconds with 0 SMD pins fanouted, 70 not routed, 0 insert errors, +0 extra vias (0 SMD pins still to check in pass, ripup costs=600).
2026-09-30 03:12:21.112 INFO   [1DFA2F\F535E1] Fanout stage completed: started with 435 total SMD pins, completed in 49.91 seconds, escaped pins: 378/435 (86.9%), using 49.42 total CPU seconds, 261.94 GB total allocated, and 609.4 MB peak heap usage.
2026-09-30 03:12:21.146 INFO   [1DFA2F\F535E1] Auto-routing stage started on board 'bc55978b28230f8152e6c94b8efa7839' for 132 unrouted items.
2026-09-30 03:12:58.237 INFO   [1DFA2F\F535E1] Auto-routing pass #1 on board 'bc55978b28230f8152e6c94b8efa7839' was completed in 36.01 seconds with score 742.54 (95 unrouted and 0 violations), using 86.05 CPU seconds and the job allocated 453.69 GB of memory so far.
2026-09-30 03:13:18.600 INFO   [1DFA2F\F535E1] Auto-routing pass #2 on board '2e45fc16fe9790804d8ddbcebd999d7e' was completed in 19.92 seconds with score 818.42 (67 unrouted and 0 violations), using 105.77 CPU seconds and the job allocated 554.78 GB of memory so far.
2026-09-30 03:13:33.259 INFO   [1DFA2F\F535E1] Auto-routing pass #3 on board 'f0733d64ff4c96cf6de557d9430a4793' was completed in 14.16 seconds with score 834.68 (61 unrouted and 0 violations), using 120.58 CPU seconds and the job allocated 629.11 GB of memory so far.
2026-09-30 03:13:43.378 INFO   [1DFA2F\F535E1] Auto-routing pass #4 on board 'a18b038611f4a0acd775783e48be5d8e' was completed in 9.56 seconds with score 834.68 (61 unrouted and 0 violations), using 130.53 CPU seconds and the job allocated 682.65 GB of memory so far.
2026-09-30 03:13:52.171 INFO   [1DFA2F\F535E1] Auto-routing pass #5 on board '34554b5b74625e40067a8d99718d657a' was completed in 8.21 seconds with score 850.94 (55 unrouted and 0 violations), using 139.44 CPU seconds and the job allocated 733.04 GB of memory so far.
2026-09-30 03:13:59.438 INFO   [1DFA2F\F535E1] Auto-routing pass #6 on board '40c4b564223d71bc4a29f6a8d1f0e0a7' was completed in 6.70 seconds with score 859.07 (52 unrouted and 0 violations), using 146.34 CPU seconds and the job allocated 772.15 GB of memory so far.
2026-09-30 03:14:05.561 INFO   [1DFA2F\F535E1] Auto-routing pass #7 on board 'ef98c02dd54f025d10cfec26a9cdb360' was completed in 5.48 seconds with score 864.49 (50 unrouted and 0 violations), using 152.25 CPU seconds and the job allocated 806.32 GB of memory so far.
2026-09-30 03:14:10.989 INFO   [1DFA2F\F535E1] Auto-routing pass #8 on board '4ff099ff9f9946367b41f9ceaa596bdd' was completed in 4.77 seconds with score 864.49 (50 unrouted and 0 violations), using 157.19 CPU seconds and the job allocated 835.60 GB of memory so far.
2026-09-30 03:14:17.177 INFO   [1DFA2F\F535E1] Auto-routing pass #9 on board '6855eea5eeaa318b9f7a6f7a765a2d69' was completed in 5.57 seconds with score 864.49 (50 unrouted and 0 violations), using 164.14 CPU seconds and the job allocated 872.59 GB of memory so far.
2026-09-30 03:14:23.253 INFO   [1DFA2F\F535E1] Auto-routing pass #10 on board '534d48ba8aae9c36b0a364b498fcf339' was completed in 5.42 seconds with score 864.49 (50 unrouted and 0 violations), using 170.13 CPU seconds and the job allocated 904.62 GB of memory so far.
2026-09-30 03:14:29.202 INFO   [1DFA2F\F535E1] Auto-routing pass #11 on board '715619a1819c0846c690684dc0232337' was completed in 5.33 seconds with score 864.49 (50 unrouted and 0 violations), using 176.09 CPU seconds and the job allocated 937.21 GB of memory so far.
2026-09-30 03:14:36.031 INFO   [1DFA2F\F535E1] Auto-routing pass #12 on board '2dd3b59803823b772f39224319976c82' was completed in 5.86 seconds with score 869.91 (48 unrouted and 0 violations), using 181.98 CPU seconds and the job allocated 969.19 GB of memory so far.
2026-09-30 03:14:42.837 INFO   [1DFA2F\F535E1] Auto-routing pass #13 on board 'e9f4eb850adbefd789166ffef5c50e9e' was completed in 6.17 seconds with score 872.62 (47 unrouted and 0 violations), using 188.97 CPU seconds and the job allocated 1004.65 GB of memory so far.
2026-09-30 03:14:48.439 INFO   [1DFA2F\F535E1] Auto-routing pass #14 on board '74fec923b3df22cf71981948b60f2cf5' was completed in 4.96 seconds with score 872.62 (47 unrouted and 0 violations), using 194.92 CPU seconds and the job allocated 1036.02 GB of memory so far.
2026-09-30 03:14:53.940 INFO   [1DFA2F\F535E1] Auto-routing pass #15 on board '12b7de734ced30d1bfd820331f635144' was completed in 4.87 seconds with score 872.62 (47 unrouted and 0 violations), using 199.88 CPU seconds and the job allocated 1062.50 GB of memory so far.
2026-09-30 03:14:59.203 INFO   [1DFA2F\F535E1] Auto-routing pass #16 on board '0824b701fde319dc6d05aa229663e099' was completed in 4.62 seconds with score 872.62 (47 unrouted and 0 violations), using 205.80 CPU seconds and the job allocated 1095.37 GB of memory so far.
2026-09-30 03:15:05.003 INFO   [1DFA2F\F535E1] Auto-routing pass #17 on board 'c013a60a96777bbf404598af1b4a1c29' was completed in 5.30 seconds with score 872.62 (47 unrouted and 0 violations), using 210.75 CPU seconds and the job allocated 1121.82 GB of memory so far.
2026-09-30 03:15:10.643 INFO   [1DFA2F\F535E1] Auto-routing pass #18 on board '371063bae7a6d7f57cfdc83b2b4e5594' was completed in 4.97 seconds with score 872.62 (47 unrouted and 0 violations), using 216.73 CPU seconds and the job allocated 1152.99 GB of memory so far.
2026-09-30 03:15:16.023 INFO   [1DFA2F\F535E1] Auto-routing pass #19 on board '74ae7ed1221bf59f525c55b71b465f67' was completed in 4.86 seconds with score 872.62 (47 unrouted and 0 violations), using 221.69 CPU seconds and the job allocated 1180.51 GB of memory so far.
2026-09-30 03:15:21.584 INFO   [1DFA2F\F535E1] Auto-routing pass #20 on board 'f8e5201c55bb04379eeef09bb582a565' was completed in 4.90 seconds with score 872.62 (47 unrouted and 0 violations), using 227.66 CPU seconds and the job allocated 1212.13 GB of memory so far.
2026-09-30 03:15:26.792 INFO   [1DFA2F\F535E1] Auto-routing pass #21 on board '07a635002a97e8eb54faa3efe13f1473' was completed in 4.69 seconds with score 872.62 (47 unrouted and 0 violations), using 232.62 CPU seconds and the job allocated 1240.67 GB of memory so far.
2026-09-30 03:15:32.765 INFO   [1DFA2F\F535E1] Auto-routing pass #22 on board 'd8e76f1503591f69f03f42bfe6ab74c0' was completed in 5.33 seconds with score 872.62 (47 unrouted and 0 violations), using 238.55 CPU seconds and the job allocated 1270.80 GB of memory so far.
2026-09-30 03:15:38.866 INFO   [1DFA2F\F535E1] Auto-routing pass #23 on board '0adbf91067ade02e0b1ac82fbae129cc' was completed in 5.43 seconds with score 872.62 (47 unrouted and 0 violations), using 244.45 CPU seconds and the job allocated 1300.74 GB of memory so far.
2026-09-30 03:15:38.939 INFO   [1DFA2F\F535E1] The router's score (872.62) has not improved by more than 0.5 points in the last 10 passes (47 items still unconnected). Stopping the auto-router.
The following connections could not be routed -- please review your design (e.g. check pad clearances, trace width rules, and available routing space):
  Net '/GND' (34 unrouted connections):
    - C605-2  ->  U603-3
    - C404-2  ->  U402-3
    - U602-3  ->  C604-2
    - U503-3  ->  C505-2
    - U401-3  ->  R406-2
    - C600-2  ->  C602-2
    - U101-3  ->  C102-2
    - C205-2  ->  U203-3
    - C603-2  ->  U604-3
    - U504-3  ->  C503-2
    - U104-3  ->  C103-2
    - C303-2  ->  U304-3
    - via  ->  U102-3
    - Q1-2  ->  C103-2
    - C202-2  ->  R206-2
    - C102-2  ->  U100-2
    - C502-2  ->  R506-2
    - Q5-2  ->  C503-2
    - C603-2  ->  Q6-2
    - C403-2  ->  Q4-2
    - C404-2  ->  U401-3
    - U502-3  ->  C505-2
    - U501-3  ->  C504-2
    - U400-2  ->  R400-2
    - U303-3  ->  R309-2
    - U301-3  ->  C304-2
    - C205-2  ->  U202-3
    - U201-3  ->  U202-3
    - U103-3  ->  U102-3
    - U403-3  ->  U402-3
    - U603-3  ->  R609-2
    - R309-2  ->  J3-1
    - R408-2  ->  J4-1
    - R409-2  ->  J5-1
  Net '/SENSOR_3V3' (12 unrouted connections):
    - U100-1  ->  U100-3
    - U200-1  ->  C200-1
    - U100-1  ->  C100-1
    - U500-1  ->  R410-1
    - R510-1  ->  U600-1
    - R410-1  ->  C500-1
    - U400-1  ->  C400-1
    - C2-1  ->  R610-1
    - U500-3  ->  R510-1
    - R410-1  ->  U400-3
    - U100-3  ->  R110-1
    - U300-3  ->  R310-1
  Net '/P2_3V3' (1 unrouted connection):
    - U203-5  ->  C205-1
2026-09-30 03:15:39.564 INFO   [1DFA2F\F535E1] Auto-routing stage completed: started with 368 unrouted nets, completed in 248.18 seconds, final score: 872.62 (47 unrouted and 0 violations), using 245.44 total CPU seconds, 1305.42 GB total allocated, and 900.2 MB peak heap usage.
2026-09-30 03:15:39.875 INFO   [1DFA2F\F535E1] Optimization stage started on board '24affacb29f1dad2c72cc5c6a9cf6c37' with score 872.62 (47 unrouted and 0 violations).
2026-09-30 03:16:12.005 INFO   [1DFA2F\F535E1] Stopping optimization pass #1 early after 50 consecutive items could not be improved.
2026-09-30 03:16:12.334 INFO   [1DFA2F\F535E1] Optimizer pass #1 on board '2b6165c1da7a69abaf05119f751194e7' was completed in 31.49 seconds with the score of 872.62 (47 unrouted and 0 violations).
2026-09-30 03:16:12.635 INFO   [1DFA2F\F535E1] Stopping optimizer because the improvement in this pass (0.0000%) is below the threshold (1.00%).
2026-09-30 03:16:12.930 INFO   [1DFA2F\F535E1] Optimization stage completed: started with score 872.62 (47 unrouted and 0 violations), completed in 32.76 seconds, final score: 872.62 (47 unrouted and 0 violations), using 32.52 total CPU seconds, 162.79 GB total allocated, and 372.1 MB peak heap usage.
2026-09-30 03:16:12.961 INFO   [1DFA2F\F535E1] Job '1DFA2F\F535E1' finished with state: COMPLETED (elapsed: 4 minutes 41.94 seconds, finished at UTC: 2026-09-29T19:16:12.960963300Z).
2026-09-30 03:16:13.057 INFO   Saving output file 'E:\UnrealProjects\PoseDollLab_UE58_Design\PoseDoll_HW44_Plan\design\Hardware\PoseDoll44\electronics\revO15\central_c1\route.ses' (SES)...
2026-09-30 03:16:13.060 INFO   Successfully saved output file 'E:\UnrealProjects\PoseDollLab_UE58_Design\PoseDoll_HW44_Plan\design\Hardware\PoseDoll44\electronics\revO15\central_c1\route.ses' (112726 bytes).
