2026-09-30 03:01:50.869 INFO   Freerouting v2.4.1 (build-date: 2026-09-03)
2026-09-30 03:01:50.934 INFO   Configured network proxy: 127.0.0.1:7890
2026-09-30 03:01:52.383 INFO   [71AF05\BE59D7] Loading board file 'route_input.dsn'...
2026-09-30 03:01:52.445 INFO   Layer 'In1.Cu' has been automatically configured as a dedicated power plane because it contains a large conduction area covering >50% of the board.
2026-09-30 03:01:52.445 INFO   Layer 'In2.Cu' has been automatically configured as a dedicated power plane because it contains a large conduction area covering >50% of the board.
2026-09-30 03:01:52.466 INFO   [71AF05\BE59D7] Job '71AF05\BE59D7' started at 2026-09-29T19:01:52.466626800Z.
2026-09-30 03:01:52.587 INFO   [71AF05\BE59D7] Fanout stage started on board 'f253f5970529bcfb6aa7bb700d3fc5b1' with 411 of 427 SMD pins needing fanout (0 already connected, 16 netless).
2026-09-30 03:02:26.052 INFO   [71AF05\BE59D7] Fanout pass #1 on board '6a194b3768b033f937c04f5643cb2db9' completed in 33.39 seconds with 410 SMD pins fanouted, 1 not routed, 0 insert errors, +171 extra vias (0 SMD pins still to check in pass, ripup costs=100).
2026-09-30 03:02:33.983 INFO   [71AF05\BE59D7] Fanout pass #2 on board 'f904116ae9a19a81f590c711c5d0766a' completed in 7.90 seconds with 94 SMD pins fanouted, 1 not routed, 0 insert errors, +38 extra vias (0 SMD pins still to check in pass, ripup costs=200).
2026-09-30 03:02:42.536 INFO   [71AF05\BE59D7] Fanout pass #3 on board 'f7f04458eb9a4c86adc2499a26e819a4' completed in 8.52 seconds with 29 SMD pins fanouted, 0 not routed, 0 insert errors, +12 extra vias (0 SMD pins still to check in pass, ripup costs=300).
2026-09-30 03:02:44.755 INFO   [71AF05\BE59D7] Fanout pass #4 on board '0f5cfd80e6a9a12a3ce28b9dda7208cb' completed in 2.19 seconds with 5 SMD pins fanouted, 0 not routed, 0 insert errors, +2 extra vias (0 SMD pins still to check in pass, ripup costs=400).
2026-09-30 03:02:46.928 INFO   [71AF05\BE59D7] Fanout pass #5 on board 'f873e260f26d43190dd14ef4d6b261e1' completed in 2.14 seconds with 3 SMD pins fanouted, 0 not routed, 0 insert errors, +1 extra via (0 SMD pins still to check in pass, ripup costs=500).
2026-09-30 03:02:49.089 INFO   [71AF05\BE59D7] Fanout pass #6 on board 'f57e1c6ff2b62b4212a315677776af99' completed in 2.13 seconds with 2 SMD pins fanouted, 0 not routed, 0 insert errors, +0 extra vias (0 SMD pins still to check in pass, ripup costs=600).
2026-09-30 03:02:51.070 INFO   [71AF05\BE59D7] Fanout pass #7 on board '2c5d2107dbfb34c08bf66facd691b2c9' completed in 1.95 seconds with 2 SMD pins fanouted, 0 not routed, 0 insert errors, +0 extra vias (0 SMD pins still to check in pass, ripup costs=700).
2026-09-30 03:02:53.280 INFO   [71AF05\BE59D7] Fanout pass #8 on board '633d7bce41bb4f45827b4a8a0f53caad' completed in 2.17 seconds with 2 SMD pins fanouted, 0 not routed, 0 insert errors, +0 extra vias (0 SMD pins still to check in pass, ripup costs=800).
2026-09-30 03:02:55.211 INFO   [71AF05\BE59D7] Fanout pass #9 on board '7f2e2b685d9a7d5eb30806e101971f13' completed in 1.90 seconds with 2 SMD pins fanouted, 0 not routed, 0 insert errors, +0 extra vias (0 SMD pins still to check in pass, ripup costs=900).
2026-09-30 03:02:55.211 INFO   Fanout stopped after 9 passes: no progress for 3 consecutive passes.
2026-09-30 03:02:55.619 INFO   [71AF05\BE59D7] Fanout stage completed: started with 411 total SMD pins, completed in 62.99 seconds, escaped pins: 410/411 (99.8%), using 62.14 total CPU seconds, 323.27 GB total allocated, and 719.3 MB peak heap usage.
2026-09-30 03:02:55.658 INFO   [71AF05\BE59D7] Auto-routing stage started on board '7f2e2b685d9a7d5eb30806e101971f13' for 113 unrouted items.
2026-09-30 03:03:37.041 INFO   [71AF05\BE59D7] Auto-routing pass #1 on board '7f2e2b685d9a7d5eb30806e101971f13' was completed in 40.21 seconds with score 959.41 (14 unrouted and 0 violations), using 102.44 CPU seconds and the job allocated 524.26 GB of memory so far.
2026-09-30 03:03:45.721 INFO   [71AF05\BE59D7] Auto-routing pass #2 on board 'b766be423d2487ca1d86658f5b00c682' was completed in 7.37 seconds with score 994.19 (2 unrouted and 0 violations), using 111.31 CPU seconds and the job allocated 566.84 GB of memory so far.
2026-09-30 03:03:49.615 INFO   [71AF05\BE59D7] Auto-routing pass #3 on board '8eaf177d6fb62178b97dc8552116c266' was completed in 2.64 seconds with score 999.99 (0 unrouted and 0 violations), using 115.25 CPU seconds and the job allocated 587.32 GB of memory so far.
2026-09-30 03:03:51.471 INFO   [71AF05\BE59D7] Auto-routing pass #4 on board '535ed2d4649704aca432de751016237a' was completed in 0.63 seconds with score 999.99 (0 unrouted and 0 violations), using 116.23 CPU seconds and the job allocated 592.57 GB of memory so far.
2026-09-30 03:03:52.744 INFO   [71AF05\BE59D7] Auto-routing stage completed: started with 344 unrouted nets, completed in 119.63 seconds, final score: 999.99 (0 unrouted and 0 violations), using 118.22 total CPU seconds, 602.73 GB total allocated, and 729.1 MB peak heap usage.
2026-09-30 03:03:53.362 INFO   [71AF05\BE59D7] Optimization stage started on board '535ed2d4649704aca432de751016237a' with score 999.99 (0 unrouted and 0 violations).
2026-09-30 03:03:54.000 INFO   [71AF05\BE59D7] Stopping optimizer because the current board score (999.99) is already close to the maximum score (1000). Remaining potential improvement is less than the threshold (1.00%).
2026-09-30 03:03:54.610 INFO   [71AF05\BE59D7] Optimization stage completed: started with score 999.99 (0 unrouted and 0 violations), completed in 0.64 seconds, final score: 999.99 (0 unrouted and 0 violations), using 0.63 total CPU seconds, 3.08 GB total allocated, and 673.6 MB peak heap usage.
2026-09-30 03:03:54.640 INFO   [71AF05\BE59D7] Job '71AF05\BE59D7' finished with state: COMPLETED (elapsed: 2 minutes 2.17 seconds, finished at UTC: 2026-09-29T19:03:54.639771500Z).
2026-09-30 03:03:54.806 INFO   Saving output file 'E:\UnrealProjects\PoseDollLab_UE58_Design\PoseDoll_HW44_Plan\design\Hardware\PoseDoll44\electronics\revO15\central_c1\route.ses' (SES)...
2026-09-30 03:03:54.808 INFO   Successfully saved output file 'E:\UnrealProjects\PoseDollLab_UE58_Design\PoseDoll_HW44_Plan\design\Hardware\PoseDoll44\electronics\revO15\central_c1\route.ses' (121168 bytes).
