发现 0 条违规项
已将 ERC 报告保存到文件 E:/UnrealProjects/PoseDollLab_UE58_Design/PoseDoll_HW44_Plan/design/Hardware/PoseDoll44/bench/revO15/electronics/central_c1/erc.json
发现 0 条违规项
发现 0 个未连接的项目
发现 0 个原理图一致性问题
保存 DRC 报告到 E:/UnrealProjects/PoseDollLab_UE58_Design/PoseDoll_HW44_Plan/design/Hardware/PoseDoll44/bench/revO15/electronics/central_c1/drc.json
绘制到 'E:\UnrealProjects\PoseDollLab_UE58_Design\PoseDoll_HW44_Plan\design\Hardware\PoseDoll44\bench\revO15\electronics\central_c1\gerbers\PoseDoll_O15_Central_C1-F_Cu.gtl'。
绘制到 'E:\UnrealProjects\PoseDollLab_UE58_Design\PoseDoll_HW44_Plan\design\Hardware\PoseDoll44\bench\revO15\electronics\central_c1\gerbers\PoseDoll_O15_Central_C1-In1_Cu.g1'。
绘制到 'E:\UnrealProjects\PoseDollLab_UE58_Design\PoseDoll_HW44_Plan\design\Hardware\PoseDoll44\bench\revO15\electronics\central_c1\gerbers\PoseDoll_O15_Central_C1-In2_Cu.g2'。
绘制到 'E:\UnrealProjects\PoseDollLab_UE58_Design\PoseDoll_HW44_Plan\design\Hardware\PoseDoll44\bench\revO15\electronics\central_c1\gerbers\PoseDoll_O15_Central_C1-B_Cu.gbl'。
绘制到 'E:\UnrealProjects\PoseDollLab_UE58_Design\PoseDoll_HW44_Plan\design\Hardware\PoseDoll44\bench\revO15\electronics\central_c1\gerbers\PoseDoll_O15_Central_C1-F_Paste.gtp'。
绘制到 'E:\UnrealProjects\PoseDollLab_UE58_Design\PoseDoll_HW44_Plan\design\Hardware\PoseDoll44\bench\revO15\electronics\central_c1\gerbers\PoseDoll_O15_Central_C1-B_Paste.gbp'。
绘制到 'E:\UnrealProjects\PoseDollLab_UE58_Design\PoseDoll_HW44_Plan\design\Hardware\PoseDoll44\bench\revO15\electronics\central_c1\gerbers\PoseDoll_O15_Central_C1-F_Silkscreen.gto'。
绘制到 'E:\UnrealProjects\PoseDollLab_UE58_Design\PoseDoll_HW44_Plan\design\Hardware\PoseDoll44\bench\revO15\electronics\central_c1\gerbers\PoseDoll_O15_Central_C1-B_Silkscreen.gbo'。
绘制到 'E:\UnrealProjects\PoseDollLab_UE58_Design\PoseDoll_HW44_Plan\design\Hardware\PoseDoll44\bench\revO15\electronics\central_c1\gerbers\PoseDoll_O15_Central_C1-F_Mask.gts'。
绘制到 'E:\UnrealProjects\PoseDollLab_UE58_Design\PoseDoll_HW44_Plan\design\Hardware\PoseDoll44\bench\revO15\electronics\central_c1\gerbers\PoseDoll_O15_Central_C1-B_Mask.gbs'。
绘制到 'E:\UnrealProjects\PoseDollLab_UE58_Design\PoseDoll_HW44_Plan\design\Hardware\PoseDoll44\bench\revO15\electronics\central_c1\gerbers\PoseDoll_O15_Central_C1-Edge_Cuts.gm1'。
已创建文件 'E:\UnrealProjects\PoseDollLab_UE58_Design\PoseDoll_HW44_Plan\design\Hardware\PoseDoll44\bench\revO15\electronics\central_c1\gerbers\PoseDoll_O15_Central_C1-PTH.drl'
已创建文件 'E:\UnrealProjects\PoseDollLab_UE58_Design\PoseDoll_HW44_Plan\design\Hardware\PoseDoll44\bench\revO15\electronics\central_c1\gerbers\PoseDoll_O15_Central_C1-NPTH.drl'
完成。
Wrote position data to 'E:\UnrealProjects\PoseDollLab_UE58_Design\PoseDoll_HW44_Plan\design\Hardware\PoseDoll44\bench\revO15\electronics\central_c1\placement.csv'.
发现 0 条违规项
已将 ERC 报告保存到文件 E:/UnrealProjects/PoseDollLab_UE58_Design/PoseDoll_HW44_Plan/design/Hardware/PoseDoll44/bench/revO15/electronics/sensor_mini/erc.json
发现 0 条违规项
发现 0 个未连接的项目
发现 0 个原理图一致性问题
保存 DRC 报告到 E:/UnrealProjects/PoseDollLab_UE58_Design/PoseDoll_HW44_Plan/design/Hardware/PoseDoll44/bench/revO15/electronics/sensor_mini/drc.json
绘制到 'E:\UnrealProjects\PoseDollLab_UE58_Design\PoseDoll_HW44_Plan\design\Hardware\PoseDoll44\bench\revO15\electronics\sensor_mini\gerbers\PoseDoll_AS5048A_revC_mini-F_Cu.gtl'。
绘制到 'E:\UnrealProjects\PoseDollLab_UE58_Design\PoseDoll_HW44_Plan\design\Hardware\PoseDoll44\bench\revO15\electronics\sensor_mini\gerbers\PoseDoll_AS5048A_revC_mini-B_Cu.gbl'。
绘制到 'E:\UnrealProjects\PoseDollLab_UE58_Design\PoseDoll_HW44_Plan\design\Hardware\PoseDoll44\bench\revO15\electronics\sensor_mini\gerbers\PoseDoll_AS5048A_revC_mini-F_Paste.gtp'。
绘制到 'E:\UnrealProjects\PoseDollLab_UE58_Design\PoseDoll_HW44_Plan\design\Hardware\PoseDoll44\bench\revO15\electronics\sensor_mini\gerbers\PoseDoll_AS5048A_revC_mini-B_Paste.gbp'。
绘制到 'E:\UnrealProjects\PoseDollLab_UE58_Design\PoseDoll_HW44_Plan\design\Hardware\PoseDoll44\bench\revO15\electronics\sensor_mini\gerbers\PoseDoll_AS5048A_revC_mini-F_Silkscreen.gto'。
绘制到 'E:\UnrealProjects\PoseDollLab_UE58_Design\PoseDoll_HW44_Plan\design\Hardware\PoseDoll44\bench\revO15\electronics\sensor_mini\gerbers\PoseDoll_AS5048A_revC_mini-B_Silkscreen.gbo'。
绘制到 'E:\UnrealProjects\PoseDollLab_UE58_Design\PoseDoll_HW44_Plan\design\Hardware\PoseDoll44\bench\revO15\electronics\sensor_mini\gerbers\PoseDoll_AS5048A_revC_mini-F_Mask.gts'。
绘制到 'E:\UnrealProjects\PoseDollLab_UE58_Design\PoseDoll_HW44_Plan\design\Hardware\PoseDoll44\bench\revO15\electronics\sensor_mini\gerbers\PoseDoll_AS5048A_revC_mini-B_Mask.gbs'。
绘制到 'E:\UnrealProjects\PoseDollLab_UE58_Design\PoseDoll_HW44_Plan\design\Hardware\PoseDoll44\bench\revO15\electronics\sensor_mini\gerbers\PoseDoll_AS5048A_revC_mini-Edge_Cuts.gm1'。
已创建文件 'E:\UnrealProjects\PoseDollLab_UE58_Design\PoseDoll_HW44_Plan\design\Hardware\PoseDoll44\bench\revO15\electronics\sensor_mini\gerbers\PoseDoll_AS5048A_revC_mini-PTH.drl'
已创建文件 'E:\UnrealProjects\PoseDollLab_UE58_Design\PoseDoll_HW44_Plan\design\Hardware\PoseDoll44\bench\revO15\electronics\sensor_mini\gerbers\PoseDoll_AS5048A_revC_mini-NPTH.drl'
完成。
Wrote position data to 'E:\UnrealProjects\PoseDollLab_UE58_Design\PoseDoll_HW44_Plan\design\Hardware\PoseDoll44\bench\revO15\electronics\sensor_mini\placement.csv'.
ELECTRONICS EXPORTED 2
