EQUIPMENT AUDIT manny 0 assembly hard 0 queries 922
EQUIPMENT AUDIT manny 1 neutral hard 0 queries 1044
EQUIPMENT AUDIT manny 2 arms_forward hard 0 queries 1044
EQUIPMENT AUDIT manny 3 arms_overhead hard 0 queries 1044
EQUIPMENT AUDIT manny 4 arms_side hard 0 queries 1044
EQUIPMENT AUDIT manny 5 hands_on_hips hard 0 queries 1044
EQUIPMENT AUDIT manny 6 arms_crossed hard 0 queries 1044
EQUIPMENT AUDIT manny 7 forehead hard 0 queries 1044
EQUIPMENT AUDIT manny 8 sitting hard 0 queries 1214
EQUIPMENT AUDIT manny 9 crouch hard 0 queries 2022
EQUIPMENT AUDIT manny 10 head_tilt hard 0 queries 2035
EQUIPMENT AUDIT manny 11 hip_abduction hard 0 queries 2179
EQUIPMENT AUDIT manny 12 palms_turn hard 0 queries 2179
EQUIPMENT AUDIT manny 13 hands_low_behind hard 0 queries 2179
EQUIPMENT AUDIT manny 14 one_hand_up_back hard 0 queries 2179
EQUIPMENT AUDIT manny 15 touch_back_head hard 0 queries 2179
EQUIPMENT AUDIT manny 16 kneeling hard 0 queries 2321
EQUIPMENT AUDIT manny 17 trunk_bend_twist hard 0 queries 3367
EQUIPMENT AUDIT manny 18 shoulder_extend_internal hard 0 queries 3367
EQUIPMENT AUDIT manny 19 legs_crossed hard 0 queries 3501
EQUIPMENT AUDIT manny 20 bilateral_clavicle_1 hard 0 queries 3613
EQUIPMENT AUDIT manny 21 bilateral_clavicle_2 hard 0 queries 3709
EQUIPMENT AUDIT manny 22 bilateral_clavicle_3 hard 0 queries 3725
EQUIPMENT AUDIT manny 23 bilateral_clavicle_4 hard 0 queries 3741
EQUIPMENT AUDIT manny 24 bilateral_clavicle_5 hard 0 queries 3818
EQUIPMENT AUDIT manny 25 bilateral_clavicle_6 hard 0 queries 3882
EQUIPMENT AUDIT manny 26 bilateral_clavicle_7 hard 0 queries 3882
EQUIPMENT AUDIT manny 27 waist.yaw.0 hard 0 queries 3991
EQUIPMENT AUDIT manny 28 waist.yaw.1 hard 0 queries 4081
EQUIPMENT AUDIT manny 29 waist.pitch.0 hard 0 queries 4253
EQUIPMENT AUDIT manny 30 waist.pitch.1 hard 0 queries 4394
EQUIPMENT AUDIT manny 31 waist.roll.0 hard 0 queries 4529
EQUIPMENT AUDIT manny 32 waist.roll.1 hard 0 queries 4676
EQUIPMENT AUDIT manny 33 chest.yaw.0 hard 0 queries 4813
EQUIPMENT AUDIT manny 34 chest.yaw.1 hard 0 queries 4955
EQUIPMENT AUDIT manny 35 chest.pitch.0 hard 0 queries 5287
EQUIPMENT AUDIT manny 36 chest.pitch.1 hard 0 queries 5464
EQUIPMENT AUDIT manny 37 chest.roll.0 hard 0 queries 5677
EQUIPMENT AUDIT manny 38 chest.roll.1 hard 0 queries 5886
EQUIPMENT AUDIT manny 39 head.yaw.0 hard 0 queries 5893
EQUIPMENT AUDIT manny 40 head.yaw.1 hard 0 queries 5900
EQUIPMENT AUDIT manny 41 head.pitch.0 hard 0 queries 5900
EQUIPMENT AUDIT manny 42 head.pitch.1 hard 0 queries 5913
EQUIPMENT AUDIT manny 43 head.roll.0 hard 0 queries 5920
EQUIPMENT AUDIT manny 44 head.roll.1 hard 0 queries 5932
EQUIPMENT AUDIT manny 45 clavicle_l.protract.0 hard 0 queries 5932
EQUIPMENT AUDIT manny 46 clavicle_l.protract.1 hard 0 queries 5932
EQUIPMENT AUDIT manny 47 clavicle_l.elevate.0 hard 0 queries 5932
EQUIPMENT AUDIT manny 48 clavicle_l.elevate.1 hard 0 queries 5932
EQUIPMENT AUDIT manny 49 upperarm_l.flex.0 hard 0 queries 5932
EQUIPMENT AUDIT manny 50 upperarm_l.flex.1 hard 0 queries 5932
EQUIPMENT AUDIT manny 51 upperarm_l.abduct.0 hard 0 queries 5932
EQUIPMENT AUDIT manny 52 upperarm_l.abduct.1 hard 0 queries 5932
EQUIPMENT AUDIT manny 53 upperarm_l.twist.0 hard 0 queries 5932
EQUIPMENT AUDIT manny 54 upperarm_l.twist.1 hard 0 queries 5932
EQUIPMENT AUDIT manny 55 elbow_l.flex.0 hard 0 queries 5932
EQUIPMENT AUDIT manny 56 elbow_l.flex.1 hard 0 queries 5932
EQUIPMENT AUDIT manny 57 forearm_l.twist.0 hard 0 queries 5932
EQUIPMENT AUDIT manny 58 forearm_l.twist.1 hard 0 queries 5932
EQUIPMENT AUDIT manny 59 hand_l.flex.0 hard 0 queries 5932
EQUIPMENT AUDIT manny 60 hand_l.flex.1 hard 0 queries 5932
EQUIPMENT AUDIT manny 61 hand_l.deviate.0 hard 0 queries 5932
EQUIPMENT AUDIT manny 62 hand_l.deviate.1 hard 0 queries 5932
EQUIPMENT AUDIT manny 63 thigh_l.flex.0 hard 0 queries 5998
EQUIPMENT AUDIT manny 64 thigh_l.flex.1 hard 0 queries 6071
EQUIPMENT AUDIT manny 65 thigh_l.abduct.0 hard 0 queries 6143
EQUIPMENT AUDIT manny 66 thigh_l.abduct.1 hard 0 queries 6216
EQUIPMENT AUDIT manny 67 thigh_l.twist.0 hard 0 queries 6216
EQUIPMENT AUDIT manny 68 thigh_l.twist.1 hard 0 queries 6216
EQUIPMENT AUDIT manny 69 calf_l.flex.0 hard 0 queries 6216
EQUIPMENT AUDIT manny 70 calf_l.flex.1 hard 0 queries 6221
EQUIPMENT AUDIT manny 71 foot_l.dorsiflex.0 hard 0 queries 6221
EQUIPMENT AUDIT manny 72 foot_l.dorsiflex.1 hard 0 queries 6221
EQUIPMENT AUDIT manny 73 foot_l.invert.0 hard 0 queries 6221
EQUIPMENT AUDIT manny 74 foot_l.invert.1 hard 0 queries 6221
EQUIPMENT AUDIT manny 75 ball_l.flex.0 hard 0 queries 6221
EQUIPMENT AUDIT manny 76 ball_l.flex.1 hard 0 queries 6221
EQUIPMENT AUDIT manny 77 clavicle_r.protract.0 hard 0 queries 6221
EQUIPMENT AUDIT manny 78 clavicle_r.protract.1 hard 0 queries 6221
EQUIPMENT AUDIT manny 79 clavicle_r.elevate.0 hard 0 queries 6221
EQUIPMENT AUDIT manny 80 clavicle_r.elevate.1 hard 0 queries 6221
EQUIPMENT AUDIT manny 81 upperarm_r.flex.0 hard 0 queries 6221
EQUIPMENT AUDIT manny 82 upperarm_r.flex.1 hard 0 queries 6221
EQUIPMENT AUDIT manny 83 upperarm_r.abduct.0 hard 0 queries 6221
EQUIPMENT AUDIT manny 84 upperarm_r.abduct.1 hard 0 queries 6221
EQUIPMENT AUDIT manny 85 upperarm_r.twist.0 hard 0 queries 6221
EQUIPMENT AUDIT manny 86 upperarm_r.twist.1 hard 0 queries 6221
EQUIPMENT AUDIT manny 87 elbow_r.flex.0 hard 0 queries 6221
EQUIPMENT AUDIT manny 88 elbow_r.flex.1 hard 0 queries 6221
EQUIPMENT AUDIT manny 89 forearm_r.twist.0 hard 0 queries 6221
EQUIPMENT AUDIT manny 90 forearm_r.twist.1 hard 0 queries 6221
EQUIPMENT AUDIT manny 91 hand_r.flex.0 hard 0 queries 6221
EQUIPMENT AUDIT manny 92 hand_r.flex.1 hard 0 queries 6221
EQUIPMENT AUDIT manny 93 hand_r.deviate.0 hard 0 queries 6221
EQUIPMENT AUDIT manny 94 hand_r.deviate.1 hard 0 queries 6221
EQUIPMENT AUDIT manny 95 thigh_r.flex.0 hard 0 queries 6287
EQUIPMENT AUDIT manny 96 thigh_r.flex.1 hard 0 queries 6360
EQUIPMENT AUDIT manny 97 thigh_r.abduct.0 hard 0 queries 6432
EQUIPMENT AUDIT manny 98 thigh_r.abduct.1 hard 0 queries 6505
EQUIPMENT AUDIT manny 99 thigh_r.twist.0 hard 0 queries 6505
EQUIPMENT AUDIT manny 100 thigh_r.twist.1 hard 0 queries 6505
EQUIPMENT AUDIT manny 101 calf_r.flex.0 hard 0 queries 6505
EQUIPMENT AUDIT manny 102 calf_r.flex.1 hard 0 queries 6509
EQUIPMENT AUDIT manny 103 foot_r.dorsiflex.0 hard 0 queries 6509
EQUIPMENT AUDIT manny 104 foot_r.dorsiflex.1 hard 0 queries 6509
EQUIPMENT AUDIT manny 105 foot_r.invert.0 hard 0 queries 6509
EQUIPMENT AUDIT manny 106 foot_r.invert.1 hard 0 queries 6509
EQUIPMENT AUDIT manny 107 ball_r.flex.0 hard 0 queries 6509
EQUIPMENT AUDIT manny 108 ball_r.flex.1 hard 0 queries 6509
EQUIPMENT AUDIT manny 109 raw/neutral/000 hard 0 queries 6509
EQUIPMENT AUDIT manny 110 raw/neutral/001 hard 0 queries 6631
EQUIPMENT AUDIT manny 111 raw/neutral/002 hard 0 queries 6753
EQUIPMENT AUDIT manny 112 raw/neutral/003 hard 0 queries 6753
EQUIPMENT AUDIT manny 113 raw/arms_forward/000 hard 0 queries 6753
EQUIPMENT AUDIT manny 114 raw/arms_forward/001 hard 0 queries 6875
EQUIPMENT AUDIT manny 115 raw/arms_forward/002 hard 0 queries 6997
EQUIPMENT AUDIT manny 116 raw/arms_forward/003 hard 0 queries 7119
EQUIPMENT AUDIT manny 117 raw/arms_forward/004 hard 0 queries 7241
EQUIPMENT AUDIT manny 118 raw/arms_forward/005 hard 0 queries 7241
EQUIPMENT AUDIT manny 119 raw/arms_overhead/000 hard 0 queries 7241
EQUIPMENT AUDIT manny 120 raw/arms_overhead/001 hard 0 queries 7363
EQUIPMENT AUDIT manny 121 raw/arms_overhead/002 hard 0 queries 7485
EQUIPMENT AUDIT manny 122 raw/arms_overhead/003 hard 0 queries 7607
EQUIPMENT AUDIT manny 123 raw/arms_overhead/004 hard 0 queries 7729
EQUIPMENT AUDIT manny 124 raw/arms_overhead/005 hard 0 queries 7851
EQUIPMENT AUDIT manny 125 raw/arms_overhead/006 hard 0 queries 7973
EQUIPMENT AUDIT manny 126 raw/arms_overhead/007 hard 0 queries 8095
EQUIPMENT AUDIT manny 127 raw/arms_overhead/008 hard 0 queries 8217
EQUIPMENT AUDIT manny 128 raw/arms_overhead/009 hard 0 queries 8339
EQUIPMENT AUDIT manny 129 raw/arms_overhead/010 hard 0 queries 8461
EQUIPMENT AUDIT manny 130 raw/arms_overhead/011 hard 0 queries 8583
EQUIPMENT AUDIT manny 131 raw/arms_overhead/012 hard 0 queries 8705
EQUIPMENT AUDIT manny 132 raw/arms_overhead/013 hard 0 queries 8705
EQUIPMENT AUDIT manny 133 raw/arms_side/000 hard 0 queries 8705
EQUIPMENT AUDIT manny 134 raw/arms_side/001 hard 0 queries 8705
EQUIPMENT AUDIT manny 135 raw/arms_side/002 hard 0 queries 8705
EQUIPMENT AUDIT manny 136 raw/arms_side/003 hard 0 queries 8705
EQUIPMENT AUDIT manny 137 raw/arms_side/004 hard 0 queries 8705
EQUIPMENT AUDIT manny 138 raw/arms_side/005 hard 0 queries 8705
EQUIPMENT AUDIT manny 139 raw/hands_on_hips/000 hard 0 queries 8705
EQUIPMENT AUDIT manny 140 raw/hands_on_hips/001 hard 0 queries 8827
EQUIPMENT AUDIT manny 141 raw/hands_on_hips/002 hard 0 queries 8949
EQUIPMENT AUDIT manny 142 raw/hands_on_hips/003 hard 0 queries 9071
EQUIPMENT AUDIT manny 143 raw/hands_on_hips/004 hard 0 queries 9193
EQUIPMENT AUDIT manny 144 raw/hands_on_hips/005 hard 0 queries 9315
EQUIPMENT AUDIT manny 145 raw/hands_on_hips/006 hard 0 queries 9437
EQUIPMENT AUDIT manny 146 raw/hands_on_hips/007 hard 0 queries 9559
EQUIPMENT AUDIT manny 147 raw/hands_on_hips/008 hard 0 queries 9559
EQUIPMENT AUDIT manny 148 raw/arms_crossed/000 hard 0 queries 9559
EQUIPMENT AUDIT manny 149 raw/arms_crossed/001 hard 0 queries 9559
EQUIPMENT AUDIT manny 150 raw/arms_crossed/002 hard 0 queries 9559
EQUIPMENT AUDIT manny 151 raw/arms_crossed/003 hard 0 queries 9559
EQUIPMENT AUDIT manny 152 raw/arms_crossed/004 hard 0 queries 9559
EQUIPMENT AUDIT manny 153 raw/arms_crossed/005 hard 0 queries 9559
EQUIPMENT AUDIT manny 154 raw/arms_crossed/006 hard 0 queries 9559
EQUIPMENT AUDIT manny 155 raw/arms_crossed/007 hard 0 queries 9559
EQUIPMENT AUDIT manny 156 raw/arms_crossed/008 hard 0 queries 9559
EQUIPMENT AUDIT manny 157 raw/forehead/000 hard 0 queries 9559
EQUIPMENT AUDIT manny 158 raw/forehead/001 hard 0 queries 9559
EQUIPMENT AUDIT manny 159 raw/forehead/002 hard 0 queries 9559
EQUIPMENT AUDIT manny 160 raw/forehead/003 hard 0 queries 9559
EQUIPMENT AUDIT manny 161 raw/forehead/004 hard 0 queries 9559
EQUIPMENT AUDIT manny 162 raw/forehead/005 hard 0 queries 9559
EQUIPMENT AUDIT manny 163 raw/forehead/006 hard 0 queries 9559
EQUIPMENT AUDIT manny 164 raw/forehead/007 hard 0 queries 9559
EQUIPMENT AUDIT manny 165 raw/forehead/008 hard 0 queries 9559
EQUIPMENT AUDIT manny 166 raw/forehead/009 hard 0 queries 9559
EQUIPMENT AUDIT manny 167 raw/forehead/010 hard 0 queries 9559
EQUIPMENT AUDIT manny 168 raw/forehead/011 hard 0 queries 9559
EQUIPMENT AUDIT manny 169 raw/forehead/012 hard 0 queries 9559
EQUIPMENT AUDIT manny 170 raw/forehead/013 hard 0 queries 9559
EQUIPMENT AUDIT manny 171 raw/sitting/000 hard 0 queries 9559
EQUIPMENT AUDIT manny 172 raw/sitting/001 hard 0 queries 9701
EQUIPMENT AUDIT manny 173 raw/sitting/002 hard 0 queries 9857
EQUIPMENT AUDIT manny 174 raw/sitting/003 hard 0 queries 10021
EQUIPMENT AUDIT manny 175 raw/sitting/004 hard 0 queries 10185
EQUIPMENT AUDIT manny 176 raw/sitting/005 hard 0 queries 10351
EQUIPMENT AUDIT manny 177 raw/sitting/006 hard 0 queries 10351
EQUIPMENT AUDIT manny 178 raw/crouch/000 hard 0 queries 10351
EQUIPMENT AUDIT manny 179 raw/crouch/001 hard 0 queries 10598
EQUIPMENT AUDIT manny 180 raw/crouch/002 hard 0 queries 10860
EQUIPMENT AUDIT manny 181 raw/crouch/003 hard 0 queries 11131
EQUIPMENT AUDIT manny 182 raw/crouch/004 hard 0 queries 11405
EQUIPMENT AUDIT manny 183 raw/crouch/005 hard 0 queries 11684
EQUIPMENT AUDIT manny 184 raw/crouch/006 hard 0 queries 11959
EQUIPMENT AUDIT manny 185 raw/crouch/007 hard 0 queries 12239
EQUIPMENT AUDIT manny 186 raw/crouch/008 hard 0 queries 12509
EQUIPMENT AUDIT manny 187 raw/crouch/009 hard 0 queries 12509
EQUIPMENT AUDIT manny 188 raw/head_tilt/000 hard 0 queries 12509
EQUIPMENT AUDIT manny 189 raw/head_tilt/001 hard 0 queries 12638
EQUIPMENT AUDIT manny 190 raw/head_tilt/002 hard 0 queries 12645
EQUIPMENT AUDIT manny 191 raw/head_tilt/003 hard 0 queries 12652
EQUIPMENT AUDIT manny 192 raw/head_tilt/004 hard 0 queries 12659
EQUIPMENT AUDIT manny 193 raw/head_tilt/005 hard 0 queries 12790
EQUIPMENT AUDIT manny 194 raw/head_tilt/006 hard 0 queries 12790
EQUIPMENT AUDIT manny 195 raw/hip_abduction/000 hard 0 queries 12790
EQUIPMENT AUDIT manny 196 raw/hip_abduction/001 hard 0 queries 12928
EQUIPMENT AUDIT manny 197 raw/hip_abduction/002 hard 0 queries 13074
EQUIPMENT AUDIT manny 198 raw/hip_abduction/003 hard 0 queries 13218
EQUIPMENT AUDIT manny 199 raw/hip_abduction/004 hard 0 queries 13218
EQUIPMENT AUDIT manny 200 raw/palms_turn/000 hard 0 queries 13218
EQUIPMENT AUDIT manny 201 raw/palms_turn/001 hard 0 queries 13218
EQUIPMENT AUDIT manny 202 raw/palms_turn/002 hard 0 queries 13218
EQUIPMENT AUDIT manny 203 raw/palms_turn/003 hard 0 queries 13218
EQUIPMENT AUDIT manny 204 raw/palms_turn/004 hard 0 queries 13218
EQUIPMENT AUDIT manny 205 raw/palms_turn/005 hard 0 queries 13218
EQUIPMENT AUDIT manny 206 raw/palms_turn/006 hard 0 queries 13218
EQUIPMENT AUDIT manny 207 raw/hands_low_behind/000 hard 0 queries 13218
EQUIPMENT AUDIT manny 208 raw/hands_low_behind/001 hard 0 queries 13218
EQUIPMENT AUDIT manny 209 raw/hands_low_behind/002 hard 0 queries 13218
EQUIPMENT AUDIT manny 210 raw/hands_low_behind/003 hard 0 queries 13218
EQUIPMENT AUDIT manny 211 raw/hands_low_behind/004 hard 0 queries 13218
EQUIPMENT AUDIT manny 212 raw/one_hand_up_back/000 hard 0 queries 13218
EQUIPMENT AUDIT manny 213 raw/one_hand_up_back/001 hard 0 queries 13340
EQUIPMENT AUDIT manny 214 raw/one_hand_up_back/002 hard 0 queries 13462
EQUIPMENT AUDIT manny 215 raw/one_hand_up_back/003 hard 0 queries 13462
EQUIPMENT AUDIT manny 216 raw/one_hand_up_back/004 hard 0 queries 13584
EQUIPMENT AUDIT manny 217 raw/one_hand_up_back/005 hard 0 queries 13706
EQUIPMENT AUDIT manny 218 raw/one_hand_up_back/006 hard 0 queries 13706
EQUIPMENT AUDIT manny 219 raw/one_hand_up_back/007 hard 0 queries 13828
EQUIPMENT AUDIT manny 220 raw/one_hand_up_back/008 hard 0 queries 13950
EQUIPMENT AUDIT manny 221 raw/one_hand_up_back/009 hard 0 queries 13950
EQUIPMENT AUDIT manny 222 raw/touch_back_head/000 hard 0 queries 13950
EQUIPMENT AUDIT manny 223 raw/touch_back_head/001 hard 0 queries 14072
EQUIPMENT AUDIT manny 224 raw/touch_back_head/002 hard 0 queries 14072
EQUIPMENT AUDIT manny 225 raw/touch_back_head/003 hard 0 queries 14194
EQUIPMENT AUDIT manny 226 raw/touch_back_head/004 hard 0 queries 14194
EQUIPMENT AUDIT manny 227 raw/touch_back_head/005 hard 0 queries 14194
EQUIPMENT AUDIT manny 228 raw/touch_back_head/006 hard 0 queries 14194
EQUIPMENT AUDIT manny 229 raw/touch_back_head/007 hard 0 queries 14316
EQUIPMENT AUDIT manny 230 raw/touch_back_head/008 hard 0 queries 14316
EQUIPMENT AUDIT manny 231 raw/touch_back_head/009 hard 0 queries 14438
EQUIPMENT AUDIT manny 232 raw/touch_back_head/010 hard 0 queries 14438
EQUIPMENT AUDIT manny 233 raw/kneeling/000 hard 0 queries 14438
EQUIPMENT AUDIT manny 234 raw/kneeling/001 hard 0 queries 14564
EQUIPMENT AUDIT manny 235 raw/kneeling/002 hard 0 queries 14691
EQUIPMENT AUDIT manny 236 raw/kneeling/003 hard 0 queries 14827
EQUIPMENT AUDIT manny 237 raw/kneeling/004 hard 0 queries 14965
EQUIPMENT AUDIT manny 238 raw/kneeling/005 hard 0 queries 15105
EQUIPMENT AUDIT manny 239 raw/kneeling/006 hard 0 queries 15245
EQUIPMENT AUDIT manny 240 raw/kneeling/007 hard 0 queries 15385
EQUIPMENT AUDIT manny 241 raw/kneeling/008 hard 0 queries 15527
EQUIPMENT AUDIT manny 242 raw/kneeling/009 hard 0 queries 15527
EQUIPMENT AUDIT manny 243 raw/trunk_bend_twist/000 hard 0 queries 15527
EQUIPMENT AUDIT manny 244 raw/trunk_bend_twist/001 hard 0 queries 15940
EQUIPMENT AUDIT manny 245 raw/trunk_bend_twist/002 hard 0 queries 16399
EQUIPMENT AUDIT manny 246 raw/trunk_bend_twist/003 hard 0 queries 16400
EQUIPMENT AUDIT manny 247 raw/shoulder_extend_internal/000 hard 0 queries 16400
EQUIPMENT AUDIT manny 248 raw/shoulder_extend_internal/001 hard 0 queries 16400
EQUIPMENT AUDIT manny 249 raw/shoulder_extend_internal/002 hard 0 queries 16400
EQUIPMENT AUDIT manny 250 raw/shoulder_extend_internal/003 hard 0 queries 16400
EQUIPMENT AUDIT manny 251 raw/shoulder_extend_internal/004 hard 0 queries 16400
EQUIPMENT AUDIT manny 252 raw/shoulder_extend_internal/005 hard 0 queries 16400
EQUIPMENT AUDIT manny 253 raw/legs_together/000 hard 0 queries 16400
EQUIPMENT AUDIT manny 254 raw/legs_together/001 hard 0 queries 16400
EQUIPMENT AUDIT manny 255 raw/legs_together/002 hard 0 queries 16400
EQUIPMENT AUDIT manny 256 raw/legs_together/003 hard 0 queries 16400
EQUIPMENT AUDIT manny 257 raw/legs_crossed/000 hard 0 queries 16400
EQUIPMENT AUDIT manny 258 raw/legs_crossed/001 hard 0 queries 16522
EQUIPMENT AUDIT manny 259 raw/legs_crossed/002 hard 0 queries 16648
EQUIPMENT AUDIT manny 260 raw/legs_crossed/003 hard 0 queries 16648
EQUIPMENT AUDIT manny 261 raw/left_side_lying/000 hard 0 queries 16648
EQUIPMENT AUDIT manny 262 raw/left_side_lying/001 hard 0 queries 16648
EQUIPMENT AUDIT manny 263 raw/left_side_lying/002 hard 0 queries 16648
EQUIPMENT AUDIT manny 264 raw/left_side_lying/003 hard 0 queries 16648
EQUIPMENT AUDIT manny 265 raw/right_side_lying/000 hard 0 queries 16648
EQUIPMENT AUDIT manny 266 raw/right_side_lying/001 hard 0 queries 16648
EQUIPMENT AUDIT manny 267 raw/right_side_lying/002 hard 0 queries 16648
EQUIPMENT AUDIT manny 268 raw/right_side_lying/003 hard 0 queries 16648
EQUIPMENT AUDIT manny 269 raw/prone/000 hard 0 queries 16648
EQUIPMENT AUDIT manny 270 raw/prone/001 hard 0 queries 16648
EQUIPMENT AUDIT manny 271 raw/prone/002 hard 0 queries 16648
EQUIPMENT AUDIT manny 272 raw/prone/003 hard 0 queries 16648
EQUIPMENT AUDIT manny 273 fine/neutral/000 hard 0 queries 16648
EQUIPMENT AUDIT manny 274 fine/neutral/001 hard 0 queries 16770
EQUIPMENT AUDIT manny 275 fine/neutral/002 hard 0 queries 16892
EQUIPMENT AUDIT manny 276 fine/neutral/003 hard 0 queries 17014
EQUIPMENT AUDIT manny 277 fine/neutral/004 hard 0 queries 17136
EQUIPMENT AUDIT manny 278 fine/neutral/005 hard 0 queries 17258
EQUIPMENT AUDIT manny 279 fine/neutral/006 hard 0 queries 17380
EQUIPMENT AUDIT manny 280 fine/neutral/007 hard 0 queries 17380
EQUIPMENT AUDIT manny 281 fine/arms_forward/000 hard 0 queries 17380
EQUIPMENT AUDIT manny 282 fine/arms_forward/001 hard 0 queries 17502
EQUIPMENT AUDIT manny 283 fine/arms_forward/002 hard 0 queries 17502
EQUIPMENT AUDIT manny 284 fine/arms_forward/003 hard 0 queries 17624
EQUIPMENT AUDIT manny 285 fine/arms_forward/004 hard 0 queries 17624
EQUIPMENT AUDIT manny 286 fine/arms_forward/005 hard 0 queries 17746
EQUIPMENT AUDIT manny 287 fine/arms_forward/006 hard 0 queries 17746
EQUIPMENT AUDIT manny 288 fine/arms_forward/007 hard 0 queries 17746
EQUIPMENT AUDIT manny 289 fine/arms_forward/008 hard 0 queries 17746
EQUIPMENT AUDIT manny 290 fine/arms_forward/009 hard 0 queries 17868
EQUIPMENT AUDIT manny 291 fine/arms_forward/010 hard 0 queries 17868
EQUIPMENT AUDIT manny 292 fine/arms_forward/011 hard 0 queries 17990
EQUIPMENT AUDIT manny 293 fine/arms_forward/012 hard 0 queries 17990
EQUIPMENT AUDIT manny 294 fine/arms_forward/013 hard 0 queries 18112
EQUIPMENT AUDIT manny 295 fine/arms_forward/014 hard 0 queries 18112
EQUIPMENT AUDIT manny 296 fine/arms_overhead/000 hard 0 queries 18112
EQUIPMENT AUDIT manny 297 fine/arms_overhead/001 hard 0 queries 18236
EQUIPMENT AUDIT manny 298 fine/arms_overhead/002 hard 0 queries 18358
EQUIPMENT AUDIT manny 299 fine/arms_overhead/003 hard 0 queries 18480
EQUIPMENT AUDIT manny 300 fine/arms_overhead/004 hard 0 queries 18602
EQUIPMENT AUDIT manny 301 fine/arms_overhead/005 hard 0 queries 18724
EQUIPMENT AUDIT manny 302 fine/arms_overhead/006 hard 0 queries 18846
EQUIPMENT AUDIT manny 303 fine/arms_overhead/007 hard 0 queries 18968
EQUIPMENT AUDIT manny 304 fine/arms_overhead/008 hard 0 queries 19090
EQUIPMENT AUDIT manny 305 fine/arms_overhead/009 hard 0 queries 19212
EQUIPMENT AUDIT manny 306 fine/arms_overhead/010 hard 0 queries 19334
EQUIPMENT AUDIT manny 307 fine/arms_overhead/011 hard 0 queries 19456
EQUIPMENT AUDIT manny 308 fine/arms_overhead/012 hard 0 queries 19578
EQUIPMENT AUDIT manny 309 fine/arms_overhead/013 hard 0 queries 19700
EQUIPMENT AUDIT manny 310 fine/arms_overhead/014 hard 0 queries 19822
EQUIPMENT AUDIT manny 311 fine/arms_overhead/015 hard 0 queries 19944
EQUIPMENT AUDIT manny 312 fine/arms_overhead/016 hard 0 queries 20066
EQUIPMENT AUDIT manny 313 fine/arms_overhead/017 hard 0 queries 20188
EQUIPMENT AUDIT manny 314 fine/arms_overhead/018 hard 0 queries 20310
EQUIPMENT AUDIT manny 315 fine/arms_overhead/019 hard 0 queries 20432
EQUIPMENT AUDIT manny 316 fine/arms_overhead/020 hard 0 queries 20554
EQUIPMENT AUDIT manny 317 fine/arms_overhead/021 hard 0 queries 20676
EQUIPMENT AUDIT manny 318 fine/arms_overhead/022 hard 0 queries 20798
EQUIPMENT AUDIT manny 319 fine/arms_overhead/023 hard 0 queries 20920
EQUIPMENT AUDIT manny 320 fine/arms_overhead/024 hard 0 queries 21042
EQUIPMENT AUDIT manny 321 fine/arms_overhead/025 hard 0 queries 21164
EQUIPMENT AUDIT manny 322 fine/arms_overhead/026 hard 0 queries 21286
EQUIPMENT AUDIT manny 323 fine/arms_overhead/027 hard 0 queries 21408
EQUIPMENT AUDIT manny 324 fine/arms_overhead/028 hard 0 queries 21530
EQUIPMENT AUDIT manny 325 fine/arms_overhead/029 hard 0 queries 21652
EQUIPMENT AUDIT manny 326 fine/arms_overhead/030 hard 0 queries 21774
EQUIPMENT AUDIT manny 327 fine/arms_overhead/031 hard 0 queries 21896
EQUIPMENT AUDIT manny 328 fine/arms_overhead/032 hard 0 queries 22018
EQUIPMENT AUDIT manny 329 fine/arms_overhead/033 hard 0 queries 22140
EQUIPMENT AUDIT manny 330 fine/arms_overhead/034 hard 0 queries 22262
EQUIPMENT AUDIT manny 331 fine/arms_overhead/035 hard 0 queries 22384
EQUIPMENT AUDIT manny 332 fine/arms_overhead/036 hard 0 queries 22506
EQUIPMENT AUDIT manny 333 fine/arms_overhead/037 hard 0 queries 22506
EQUIPMENT AUDIT manny 334 fine/arms_side/000 hard 0 queries 22506
EQUIPMENT AUDIT manny 335 fine/arms_side/001 hard 0 queries 22506
EQUIPMENT AUDIT manny 336 fine/arms_side/002 hard 0 queries 22506
EQUIPMENT AUDIT manny 337 fine/arms_side/003 hard 0 queries 22506
EQUIPMENT AUDIT manny 338 fine/arms_side/004 hard 0 queries 22506
EQUIPMENT AUDIT manny 339 fine/arms_side/005 hard 0 queries 22506
EQUIPMENT AUDIT manny 340 fine/arms_side/006 hard 0 queries 22506
EQUIPMENT AUDIT manny 341 fine/arms_side/007 hard 0 queries 22506
EQUIPMENT AUDIT manny 342 fine/arms_side/008 hard 0 queries 22506
EQUIPMENT AUDIT manny 343 fine/arms_side/009 hard 0 queries 22506
EQUIPMENT AUDIT manny 344 fine/arms_side/010 hard 0 queries 22506
EQUIPMENT AUDIT manny 345 fine/arms_side/011 hard 0 queries 22506
EQUIPMENT AUDIT manny 346 fine/arms_side/012 hard 0 queries 22506
EQUIPMENT AUDIT manny 347 fine/arms_side/013 hard 0 queries 22506
EQUIPMENT AUDIT manny 348 fine/arms_side/014 hard 0 queries 22506
EQUIPMENT AUDIT manny 349 fine/hands_on_hips/000 hard 0 queries 22506
EQUIPMENT AUDIT manny 350 fine/hands_on_hips/001 hard 0 queries 22628
EQUIPMENT AUDIT manny 351 fine/hands_on_hips/002 hard 0 queries 22750
EQUIPMENT AUDIT manny 352 fine/hands_on_hips/003 hard 0 queries 22872
EQUIPMENT AUDIT manny 353 fine/hands_on_hips/004 hard 0 queries 22994
EQUIPMENT AUDIT manny 354 fine/hands_on_hips/005 hard 0 queries 23116
EQUIPMENT AUDIT manny 355 fine/hands_on_hips/006 hard 0 queries 23238
EQUIPMENT AUDIT manny 356 fine/hands_on_hips/007 hard 0 queries 23360
EQUIPMENT AUDIT manny 357 fine/hands_on_hips/008 hard 0 queries 23482
EQUIPMENT AUDIT manny 358 fine/hands_on_hips/009 hard 0 queries 23604
EQUIPMENT AUDIT manny 359 fine/hands_on_hips/010 hard 0 queries 23726
EQUIPMENT AUDIT manny 360 fine/hands_on_hips/011 hard 0 queries 23726
EQUIPMENT AUDIT manny 361 fine/hands_on_hips/012 hard 0 queries 23848
EQUIPMENT AUDIT manny 362 fine/hands_on_hips/013 hard 0 queries 23970
EQUIPMENT AUDIT manny 363 fine/hands_on_hips/014 hard 0 queries 24092
EQUIPMENT AUDIT manny 364 fine/hands_on_hips/015 hard 0 queries 24214
EQUIPMENT AUDIT manny 365 fine/hands_on_hips/016 hard 0 queries 24336
EQUIPMENT AUDIT manny 366 fine/hands_on_hips/017 hard 0 queries 24458
EQUIPMENT AUDIT manny 367 fine/hands_on_hips/018 hard 0 queries 24580
EQUIPMENT AUDIT manny 368 fine/hands_on_hips/019 hard 0 queries 24702
EQUIPMENT AUDIT manny 369 fine/hands_on_hips/020 hard 0 queries 24824
EQUIPMENT AUDIT manny 370 fine/hands_on_hips/021 hard 0 queries 24946
EQUIPMENT AUDIT manny 371 fine/hands_on_hips/022 hard 0 queries 24946
EQUIPMENT AUDIT manny 372 fine/arms_crossed/000 hard 0 queries 24946
EQUIPMENT AUDIT manny 373 fine/arms_crossed/001 hard 0 queries 25068
EQUIPMENT AUDIT manny 374 fine/arms_crossed/002 hard 0 queries 25190
EQUIPMENT AUDIT manny 375 fine/arms_crossed/003 hard 0 queries 25312
EQUIPMENT AUDIT manny 376 fine/arms_crossed/004 hard 0 queries 25434
EQUIPMENT AUDIT manny 377 fine/arms_crossed/005 hard 0 queries 25556
EQUIPMENT AUDIT manny 378 fine/arms_crossed/006 hard 0 queries 25678
EQUIPMENT AUDIT manny 379 fine/arms_crossed/007 hard 0 queries 25800
EQUIPMENT AUDIT manny 380 fine/arms_crossed/008 hard 0 queries 25922
EQUIPMENT AUDIT manny 381 fine/arms_crossed/009 hard 0 queries 26044
EQUIPMENT AUDIT manny 382 fine/arms_crossed/010 hard 0 queries 26166
EQUIPMENT AUDIT manny 383 fine/arms_crossed/011 hard 0 queries 26288
EQUIPMENT AUDIT manny 384 fine/arms_crossed/012 hard 0 queries 26410
EQUIPMENT AUDIT manny 385 fine/arms_crossed/013 hard 0 queries 26532
EQUIPMENT AUDIT manny 386 fine/arms_crossed/014 hard 0 queries 26654
EQUIPMENT AUDIT manny 387 fine/arms_crossed/015 hard 0 queries 26776
EQUIPMENT AUDIT manny 388 fine/arms_crossed/016 hard 0 queries 26898
EQUIPMENT AUDIT manny 389 fine/arms_crossed/017 hard 0 queries 27020
EQUIPMENT AUDIT manny 390 fine/arms_crossed/018 hard 0 queries 27142
EQUIPMENT AUDIT manny 391 fine/arms_crossed/019 hard 0 queries 27264
EQUIPMENT AUDIT manny 392 fine/arms_crossed/020 hard 0 queries 27386
EQUIPMENT AUDIT manny 393 fine/arms_crossed/021 hard 0 queries 27508
EQUIPMENT AUDIT manny 394 fine/arms_crossed/022 hard 0 queries 27630
EQUIPMENT AUDIT manny 395 fine/arms_crossed/023 hard 0 queries 27630
EQUIPMENT AUDIT manny 396 fine/forehead/000 hard 0 queries 27630
EQUIPMENT AUDIT manny 397 fine/forehead/001 hard 0 queries 27754
EQUIPMENT AUDIT manny 398 fine/forehead/002 hard 0 queries 27876
EQUIPMENT AUDIT manny 399 fine/forehead/003 hard 0 queries 27998
EQUIPMENT AUDIT manny 400 fine/forehead/004 hard 0 queries 28120
EQUIPMENT AUDIT manny 401 fine/forehead/005 hard 0 queries 28242
EQUIPMENT AUDIT manny 402 fine/forehead/006 hard 0 queries 28364
EQUIPMENT AUDIT manny 403 fine/forehead/007 hard 0 queries 28486
EQUIPMENT AUDIT manny 404 fine/forehead/008 hard 0 queries 28608
EQUIPMENT AUDIT manny 405 fine/forehead/009 hard 0 queries 28730
EQUIPMENT AUDIT manny 406 fine/forehead/010 hard 0 queries 28852
EQUIPMENT AUDIT manny 407 fine/forehead/011 hard 0 queries 28974
EQUIPMENT AUDIT manny 408 fine/forehead/012 hard 0 queries 29096
EQUIPMENT AUDIT manny 409 fine/forehead/013 hard 0 queries 29218
EQUIPMENT AUDIT manny 410 fine/forehead/014 hard 0 queries 29340
EQUIPMENT AUDIT manny 411 fine/forehead/015 hard 0 queries 29462
EQUIPMENT AUDIT manny 412 fine/forehead/016 hard 0 queries 29584
EQUIPMENT AUDIT manny 413 fine/forehead/017 hard 0 queries 29706
EQUIPMENT AUDIT manny 414 fine/forehead/018 hard 0 queries 29828
EQUIPMENT AUDIT manny 415 fine/forehead/019 hard 0 queries 29828
EQUIPMENT AUDIT manny 416 fine/forehead/020 hard 0 queries 29950
EQUIPMENT AUDIT manny 417 fine/forehead/021 hard 0 queries 30072
EQUIPMENT AUDIT manny 418 fine/forehead/022 hard 0 queries 30194
EQUIPMENT AUDIT manny 419 fine/forehead/023 hard 0 queries 30316
EQUIPMENT AUDIT manny 420 fine/forehead/024 hard 0 queries 30438
EQUIPMENT AUDIT manny 421 fine/forehead/025 hard 0 queries 30560
EQUIPMENT AUDIT manny 422 fine/forehead/026 hard 0 queries 30682
EQUIPMENT AUDIT manny 423 fine/forehead/027 hard 0 queries 30804
EQUIPMENT AUDIT manny 424 fine/forehead/028 hard 0 queries 30926
EQUIPMENT AUDIT manny 425 fine/forehead/029 hard 0 queries 31048
EQUIPMENT AUDIT manny 426 fine/forehead/030 hard 0 queries 31170
EQUIPMENT AUDIT manny 427 fine/forehead/031 hard 0 queries 31292
EQUIPMENT AUDIT manny 428 fine/forehead/032 hard 0 queries 31414
EQUIPMENT AUDIT manny 429 fine/forehead/033 hard 0 queries 31536
EQUIPMENT AUDIT manny 430 fine/forehead/034 hard 0 queries 31658
EQUIPMENT AUDIT manny 431 fine/forehead/035 hard 0 queries 31780
EQUIPMENT AUDIT manny 432 fine/forehead/036 hard 0 queries 31902
EQUIPMENT AUDIT manny 433 fine/forehead/037 hard 0 queries 32024
EQUIPMENT AUDIT manny 434 fine/forehead/038 hard 0 queries 32024
EQUIPMENT AUDIT manny 435 fine/sitting/000 hard 0 queries 32024
EQUIPMENT AUDIT manny 436 fine/sitting/001 hard 0 queries 32158
EQUIPMENT AUDIT manny 437 fine/sitting/002 hard 0 queries 32294
EQUIPMENT AUDIT manny 438 fine/sitting/003 hard 0 queries 32294
EQUIPMENT AUDIT manny 439 fine/sitting/004 hard 0 queries 32436
EQUIPMENT AUDIT manny 440 fine/sitting/005 hard 0 queries 32582
EQUIPMENT AUDIT manny 441 fine/sitting/006 hard 0 queries 32582
EQUIPMENT AUDIT manny 442 fine/sitting/007 hard 0 queries 32738
EQUIPMENT AUDIT manny 443 fine/sitting/008 hard 0 queries 32900
EQUIPMENT AUDIT manny 444 fine/sitting/009 hard 0 queries 32900
EQUIPMENT AUDIT manny 445 fine/sitting/010 hard 0 queries 33062
EQUIPMENT AUDIT manny 446 fine/sitting/011 hard 0 queries 33228
EQUIPMENT AUDIT manny 447 fine/sitting/012 hard 0 queries 33228
EQUIPMENT AUDIT manny 448 fine/sitting/013 hard 0 queries 33392
EQUIPMENT AUDIT manny 449 fine/sitting/014 hard 0 queries 33557
EQUIPMENT AUDIT manny 450 fine/sitting/015 hard 0 queries 33557
EQUIPMENT AUDIT manny 451 fine/sitting/016 hard 0 queries 33723
EQUIPMENT AUDIT manny 452 fine/sitting/017 hard 0 queries 33891
EQUIPMENT AUDIT manny 453 fine/sitting/018 hard 0 queries 33891
EQUIPMENT AUDIT manny 454 fine/crouch/000 hard 0 queries 33891
EQUIPMENT AUDIT manny 455 fine/crouch/001 hard 0 queries 34132
EQUIPMENT AUDIT manny 456 fine/crouch/002 hard 0 queries 34381
EQUIPMENT AUDIT manny 457 fine/crouch/003 hard 0 queries 34381
EQUIPMENT AUDIT manny 458 fine/crouch/004 hard 0 queries 34630
EQUIPMENT AUDIT manny 459 fine/crouch/005 hard 0 queries 34889
EQUIPMENT AUDIT manny 460 fine/crouch/006 hard 0 queries 34889
EQUIPMENT AUDIT manny 461 fine/crouch/007 hard 0 queries 35150
EQUIPMENT AUDIT manny 462 fine/crouch/008 hard 0 queries 35419
EQUIPMENT AUDIT manny 463 fine/crouch/009 hard 0 queries 35419
EQUIPMENT AUDIT manny 464 fine/crouch/010 hard 0 queries 35695
EQUIPMENT AUDIT manny 465 fine/crouch/011 hard 0 queries 35968
EQUIPMENT AUDIT manny 466 fine/crouch/012 hard 0 queries 35968
EQUIPMENT AUDIT manny 467 fine/crouch/013 hard 0 queries 36242
EQUIPMENT AUDIT manny 468 fine/crouch/014 hard 0 queries 36520
EQUIPMENT AUDIT manny 469 fine/crouch/015 hard 0 queries 36520
EQUIPMENT AUDIT manny 470 fine/crouch/016 hard 0 queries 36798
EQUIPMENT AUDIT manny 471 fine/crouch/017 hard 0 queries 37077
EQUIPMENT AUDIT manny 472 fine/crouch/018 hard 0 queries 37077
EQUIPMENT AUDIT manny 473 fine/crouch/019 hard 0 queries 37354
EQUIPMENT AUDIT manny 474 fine/crouch/020 hard 0 queries 37633
EQUIPMENT AUDIT manny 475 fine/crouch/021 hard 0 queries 37633
EQUIPMENT AUDIT manny 476 fine/crouch/022 hard 0 queries 37909
EQUIPMENT AUDIT manny 477 fine/crouch/023 hard 0 queries 38183
EQUIPMENT AUDIT manny 478 fine/crouch/024 hard 0 queries 38183
EQUIPMENT AUDIT manny 479 fine/crouch/025 hard 0 queries 38446
EQUIPMENT AUDIT manny 480 fine/crouch/026 hard 0 queries 38703
EQUIPMENT AUDIT manny 481 fine/crouch/027 hard 0 queries 38703
EQUIPMENT AUDIT manny 482 fine/head_tilt/000 hard 0 queries 38703
EQUIPMENT AUDIT manny 483 fine/head_tilt/001 hard 0 queries 38832
EQUIPMENT AUDIT manny 484 fine/head_tilt/002 hard 0 queries 38839
EQUIPMENT AUDIT manny 485 fine/head_tilt/003 hard 0 queries 38968
EQUIPMENT AUDIT manny 486 fine/head_tilt/004 hard 0 queries 38975
EQUIPMENT AUDIT manny 487 fine/head_tilt/005 hard 0 queries 39104
EQUIPMENT AUDIT manny 488 fine/head_tilt/006 hard 0 queries 39111
EQUIPMENT AUDIT manny 489 fine/head_tilt/007 hard 0 queries 39240
EQUIPMENT AUDIT manny 490 fine/head_tilt/008 hard 0 queries 39240
EQUIPMENT AUDIT manny 491 fine/head_tilt/009 hard 0 queries 39369
EQUIPMENT AUDIT manny 492 fine/head_tilt/010 hard 0 queries 39376
EQUIPMENT AUDIT manny 493 fine/head_tilt/011 hard 0 queries 39505
EQUIPMENT AUDIT manny 494 fine/head_tilt/012 hard 0 queries 39512
EQUIPMENT AUDIT manny 495 fine/head_tilt/013 hard 0 queries 39642
EQUIPMENT AUDIT manny 496 fine/head_tilt/014 hard 0 queries 39651
EQUIPMENT AUDIT manny 497 fine/head_tilt/015 hard 0 queries 39783
EQUIPMENT AUDIT manny 498 fine/head_tilt/016 hard 0 queries 39783
EQUIPMENT AUDIT manny 499 fine/hip_abduction/000 hard 0 queries 39783
EQUIPMENT AUDIT manny 500 fine/hip_abduction/001 hard 0 queries 39915
EQUIPMENT AUDIT manny 501 fine/hip_abduction/002 hard 0 queries 40051
EQUIPMENT AUDIT manny 502 fine/hip_abduction/003 hard 0 queries 40189
EQUIPMENT AUDIT manny 503 fine/hip_abduction/004 hard 0 queries 40331
EQUIPMENT AUDIT manny 504 fine/hip_abduction/005 hard 0 queries 40331
EQUIPMENT AUDIT manny 505 fine/hip_abduction/006 hard 0 queries 40475
EQUIPMENT AUDIT manny 506 fine/hip_abduction/007 hard 0 queries 40619
EQUIPMENT AUDIT manny 507 fine/hip_abduction/008 hard 0 queries 40763
EQUIPMENT AUDIT manny 508 fine/hip_abduction/009 hard 0 queries 40907
EQUIPMENT AUDIT manny 509 fine/hip_abduction/010 hard 0 queries 40907
EQUIPMENT AUDIT manny 510 fine/palms_turn/000 hard 0 queries 40907
EQUIPMENT AUDIT manny 511 fine/palms_turn/001 hard 0 queries 41029
EQUIPMENT AUDIT manny 512 fine/palms_turn/002 hard 0 queries 41029
EQUIPMENT AUDIT manny 513 fine/palms_turn/003 hard 0 queries 41029
EQUIPMENT AUDIT manny 514 fine/palms_turn/004 hard 0 queries 41029
EQUIPMENT AUDIT manny 515 fine/palms_turn/005 hard 0 queries 41151
EQUIPMENT AUDIT manny 516 fine/palms_turn/006 hard 0 queries 41151
EQUIPMENT AUDIT manny 517 fine/palms_turn/007 hard 0 queries 41273
EQUIPMENT AUDIT manny 518 fine/palms_turn/008 hard 0 queries 41273
EQUIPMENT AUDIT manny 519 fine/palms_turn/009 hard 0 queries 41273
EQUIPMENT AUDIT manny 520 fine/palms_turn/010 hard 0 queries 41273
EQUIPMENT AUDIT manny 521 fine/palms_turn/011 hard 0 queries 41395
EQUIPMENT AUDIT manny 522 fine/palms_turn/012 hard 0 queries 41395
EQUIPMENT AUDIT manny 523 fine/palms_turn/013 hard 0 queries 41517
EQUIPMENT AUDIT manny 524 fine/palms_turn/014 hard 0 queries 41517
EQUIPMENT AUDIT manny 525 fine/palms_turn/015 hard 0 queries 41517
EQUIPMENT AUDIT manny 526 fine/palms_turn/016 hard 0 queries 41517
EQUIPMENT AUDIT manny 527 fine/palms_turn/017 hard 0 queries 41639
EQUIPMENT AUDIT manny 528 fine/palms_turn/018 hard 0 queries 41639
EQUIPMENT AUDIT manny 529 fine/hands_low_behind/000 hard 0 queries 41639
EQUIPMENT AUDIT manny 530 fine/hands_low_behind/001 hard 0 queries 41639
EQUIPMENT AUDIT manny 531 fine/hands_low_behind/002 hard 0 queries 41639
EQUIPMENT AUDIT manny 532 fine/hands_low_behind/003 hard 0 queries 41639
EQUIPMENT AUDIT manny 533 fine/hands_low_behind/004 hard 0 queries 41639
EQUIPMENT AUDIT manny 534 fine/hands_low_behind/005 hard 0 queries 41639
EQUIPMENT AUDIT manny 535 fine/hands_low_behind/006 hard 0 queries 41639
EQUIPMENT AUDIT manny 536 fine/hands_low_behind/007 hard 0 queries 41639
EQUIPMENT AUDIT manny 537 fine/hands_low_behind/008 hard 0 queries 41639
EQUIPMENT AUDIT manny 538 fine/hands_low_behind/009 hard 0 queries 41639
EQUIPMENT AUDIT manny 539 fine/hands_low_behind/010 hard 0 queries 41639
EQUIPMENT AUDIT manny 540 fine/hands_low_behind/011 hard 0 queries 41639
EQUIPMENT AUDIT manny 541 fine/one_hand_up_back/000 hard 0 queries 41639
EQUIPMENT AUDIT manny 542 fine/one_hand_up_back/001 hard 0 queries 41761
EQUIPMENT AUDIT manny 543 fine/one_hand_up_back/002 hard 0 queries 41761
EQUIPMENT AUDIT manny 544 fine/one_hand_up_back/003 hard 0 queries 41883
EQUIPMENT AUDIT manny 545 fine/one_hand_up_back/004 hard 0 queries 41883
EQUIPMENT AUDIT manny 546 fine/one_hand_up_back/005 hard 0 queries 42005
EQUIPMENT AUDIT manny 547 fine/one_hand_up_back/006 hard 0 queries 42005
EQUIPMENT AUDIT manny 548 fine/one_hand_up_back/007 hard 0 queries 42127
EQUIPMENT AUDIT manny 549 fine/one_hand_up_back/008 hard 0 queries 42127
EQUIPMENT AUDIT manny 550 fine/one_hand_up_back/009 hard 0 queries 42249
EQUIPMENT AUDIT manny 551 fine/one_hand_up_back/010 hard 0 queries 42249
EQUIPMENT AUDIT manny 552 fine/one_hand_up_back/011 hard 0 queries 42371
EQUIPMENT AUDIT manny 553 fine/one_hand_up_back/012 hard 0 queries 42371
EQUIPMENT AUDIT manny 554 fine/one_hand_up_back/013 hard 0 queries 42371
EQUIPMENT AUDIT manny 555 fine/one_hand_up_back/014 hard 0 queries 42371
EQUIPMENT AUDIT manny 556 fine/one_hand_up_back/015 hard 0 queries 42493
EQUIPMENT AUDIT manny 557 fine/one_hand_up_back/016 hard 0 queries 42493
EQUIPMENT AUDIT manny 558 fine/one_hand_up_back/017 hard 0 queries 42615
EQUIPMENT AUDIT manny 559 fine/one_hand_up_back/018 hard 0 queries 42615
EQUIPMENT AUDIT manny 560 fine/one_hand_up_back/019 hard 0 queries 42737
EQUIPMENT AUDIT manny 561 fine/one_hand_up_back/020 hard 0 queries 42737
EQUIPMENT AUDIT manny 562 fine/one_hand_up_back/021 hard 0 queries 42859
EQUIPMENT AUDIT manny 563 fine/one_hand_up_back/022 hard 0 queries 42859
EQUIPMENT AUDIT manny 564 fine/one_hand_up_back/023 hard 0 queries 42981
EQUIPMENT AUDIT manny 565 fine/one_hand_up_back/024 hard 0 queries 42981
EQUIPMENT AUDIT manny 566 fine/one_hand_up_back/025 hard 0 queries 43103
EQUIPMENT AUDIT manny 567 fine/one_hand_up_back/026 hard 0 queries 43103
EQUIPMENT AUDIT manny 568 fine/touch_back_head/000 hard 0 queries 43103
EQUIPMENT AUDIT manny 569 fine/touch_back_head/001 hard 0 queries 43227
EQUIPMENT AUDIT manny 570 fine/touch_back_head/002 hard 0 queries 43349
EQUIPMENT AUDIT manny 571 fine/touch_back_head/003 hard 0 queries 43349
EQUIPMENT AUDIT manny 572 fine/touch_back_head/004 hard 0 queries 43471
EQUIPMENT AUDIT manny 573 fine/touch_back_head/005 hard 0 queries 43471
EQUIPMENT AUDIT manny 574 fine/touch_back_head/006 hard 0 queries 43471
EQUIPMENT AUDIT manny 575 fine/touch_back_head/007 hard 0 queries 43593
EQUIPMENT AUDIT manny 576 fine/touch_back_head/008 hard 0 queries 43715
EQUIPMENT AUDIT manny 577 fine/touch_back_head/009 hard 0 queries 43715
EQUIPMENT AUDIT manny 578 fine/touch_back_head/010 hard 0 queries 43715
EQUIPMENT AUDIT manny 579 fine/touch_back_head/011 hard 0 queries 43837
EQUIPMENT AUDIT manny 580 fine/touch_back_head/012 hard 0 queries 43837
EQUIPMENT AUDIT manny 581 fine/touch_back_head/013 hard 0 queries 43959
EQUIPMENT AUDIT manny 582 fine/touch_back_head/014 hard 0 queries 44081
EQUIPMENT AUDIT manny 583 fine/touch_back_head/015 hard 0 queries 44081
EQUIPMENT AUDIT manny 584 fine/touch_back_head/016 hard 0 queries 44203
EQUIPMENT AUDIT manny 585 fine/touch_back_head/017 hard 0 queries 44325
EQUIPMENT AUDIT manny 586 fine/touch_back_head/018 hard 0 queries 44325
EQUIPMENT AUDIT manny 587 fine/touch_back_head/019 hard 0 queries 44447
EQUIPMENT AUDIT manny 588 fine/touch_back_head/020 hard 0 queries 44447
EQUIPMENT AUDIT manny 589 fine/touch_back_head/021 hard 0 queries 44447
EQUIPMENT AUDIT manny 590 fine/touch_back_head/022 hard 0 queries 44569
EQUIPMENT AUDIT manny 591 fine/touch_back_head/023 hard 0 queries 44691
EQUIPMENT AUDIT manny 592 fine/touch_back_head/024 hard 0 queries 44691
EQUIPMENT AUDIT manny 593 fine/touch_back_head/025 hard 0 queries 44691
EQUIPMENT AUDIT manny 594 fine/touch_back_head/026 hard 0 queries 44813
EQUIPMENT AUDIT manny 595 fine/touch_back_head/027 hard 0 queries 44813
EQUIPMENT AUDIT manny 596 fine/touch_back_head/028 hard 0 queries 44935
EQUIPMENT AUDIT manny 597 fine/touch_back_head/029 hard 0 queries 45057
EQUIPMENT AUDIT manny 598 fine/touch_back_head/030 hard 0 queries 45057
EQUIPMENT AUDIT manny 599 fine/kneeling/000 hard 0 queries 45057
EQUIPMENT AUDIT manny 600 fine/kneeling/001 hard 0 queries 45183
EQUIPMENT AUDIT manny 601 fine/kneeling/002 hard 0 queries 45309
EQUIPMENT AUDIT manny 602 fine/kneeling/003 hard 0 queries 45435
EQUIPMENT AUDIT manny 603 fine/kneeling/004 hard 0 queries 45561
EQUIPMENT AUDIT manny 604 fine/kneeling/005 hard 0 queries 45687
EQUIPMENT AUDIT manny 605 fine/kneeling/006 hard 0 queries 45814
EQUIPMENT AUDIT manny 606 fine/kneeling/007 hard 0 queries 45946
EQUIPMENT AUDIT manny 607 fine/kneeling/008 hard 0 queries 46078
EQUIPMENT AUDIT manny 608 fine/kneeling/009 hard 0 queries 46214
EQUIPMENT AUDIT manny 609 fine/kneeling/010 hard 0 queries 46350
EQUIPMENT AUDIT manny 610 fine/kneeling/011 hard 0 queries 46486
EQUIPMENT AUDIT manny 611 fine/kneeling/012 hard 0 queries 46624
EQUIPMENT AUDIT manny 612 fine/kneeling/013 hard 0 queries 46764
EQUIPMENT AUDIT manny 613 fine/kneeling/014 hard 0 queries 46904
EQUIPMENT AUDIT manny 614 fine/kneeling/015 hard 0 queries 47044
EQUIPMENT AUDIT manny 615 fine/kneeling/016 hard 0 queries 47184
EQUIPMENT AUDIT manny 616 fine/kneeling/017 hard 0 queries 47324
EQUIPMENT AUDIT manny 617 fine/kneeling/018 hard 0 queries 47464
EQUIPMENT AUDIT manny 618 fine/kneeling/019 hard 0 queries 47605
EQUIPMENT AUDIT manny 619 fine/kneeling/020 hard 0 queries 47745
EQUIPMENT AUDIT manny 620 fine/kneeling/021 hard 0 queries 47885
EQUIPMENT AUDIT manny 621 fine/kneeling/022 hard 0 queries 48025
EQUIPMENT AUDIT manny 622 fine/kneeling/023 hard 0 queries 48167
EQUIPMENT AUDIT manny 623 fine/kneeling/024 hard 0 queries 48309
EQUIPMENT AUDIT manny 624 fine/kneeling/025 hard 0 queries 48451
EQUIPMENT AUDIT manny 625 fine/kneeling/026 hard 0 queries 48451
EQUIPMENT AUDIT manny 626 fine/trunk_bend_twist/000 hard 0 queries 48451
EQUIPMENT AUDIT manny 627 fine/trunk_bend_twist/001 hard 0 queries 48739
EQUIPMENT AUDIT manny 628 fine/trunk_bend_twist/002 hard 0 queries 49095
EQUIPMENT AUDIT manny 629 fine/trunk_bend_twist/003 hard 0 queries 49483
EQUIPMENT AUDIT manny 630 fine/trunk_bend_twist/004 hard 0 queries 49882
EQUIPMENT AUDIT manny 631 fine/trunk_bend_twist/005 hard 0 queries 50300
EQUIPMENT AUDIT manny 632 fine/trunk_bend_twist/006 hard 0 queries 50745
EQUIPMENT AUDIT manny 633 fine/trunk_bend_twist/007 hard 0 queries 50745
EQUIPMENT AUDIT manny 634 fine/shoulder_extend_internal/000 hard 0 queries 50745
EQUIPMENT AUDIT manny 635 fine/shoulder_extend_internal/001 hard 0 queries 50745
EQUIPMENT AUDIT manny 636 fine/shoulder_extend_internal/002 hard 0 queries 50745
EQUIPMENT AUDIT manny 637 fine/shoulder_extend_internal/003 hard 0 queries 50745
EQUIPMENT AUDIT manny 638 fine/shoulder_extend_internal/004 hard 0 queries 50745
EQUIPMENT AUDIT manny 639 fine/shoulder_extend_internal/005 hard 0 queries 50745
EQUIPMENT AUDIT manny 640 fine/shoulder_extend_internal/006 hard 0 queries 50745
EQUIPMENT AUDIT manny 641 fine/shoulder_extend_internal/007 hard 0 queries 50745
EQUIPMENT AUDIT manny 642 fine/shoulder_extend_internal/008 hard 0 queries 50745
EQUIPMENT AUDIT manny 643 fine/shoulder_extend_internal/009 hard 0 queries 50745
EQUIPMENT AUDIT manny 644 fine/shoulder_extend_internal/010 hard 0 queries 50745
EQUIPMENT AUDIT manny 645 fine/shoulder_extend_internal/011 hard 0 queries 50745
EQUIPMENT AUDIT manny 646 fine/shoulder_extend_internal/012 hard 0 queries 50745
EQUIPMENT AUDIT manny 647 fine/shoulder_extend_internal/013 hard 0 queries 50745
EQUIPMENT AUDIT manny 648 fine/shoulder_extend_internal/014 hard 0 queries 50745
EQUIPMENT AUDIT manny 649 fine/legs_together/000 hard 0 queries 50745
EQUIPMENT AUDIT manny 650 fine/legs_together/001 hard 0 queries 50745
EQUIPMENT AUDIT manny 651 fine/legs_together/002 hard 0 queries 50745
EQUIPMENT AUDIT manny 652 fine/legs_together/003 hard 0 queries 50745
EQUIPMENT AUDIT manny 653 fine/legs_together/004 hard 0 queries 50745
EQUIPMENT AUDIT manny 654 fine/legs_together/005 hard 0 queries 50745
EQUIPMENT AUDIT manny 655 fine/legs_together/006 hard 0 queries 50745
EQUIPMENT AUDIT manny 656 fine/legs_together/007 hard 0 queries 50745
EQUIPMENT AUDIT manny 657 fine/legs_crossed/000 hard 0 queries 50745
EQUIPMENT AUDIT manny 658 fine/legs_crossed/001 hard 0 queries 50867
EQUIPMENT AUDIT manny 659 fine/legs_crossed/002 hard 0 queries 50989
EQUIPMENT AUDIT manny 660 fine/legs_crossed/003 hard 0 queries 51112
EQUIPMENT AUDIT manny 661 fine/legs_crossed/004 hard 0 queries 51238
EQUIPMENT AUDIT manny 662 fine/legs_crossed/005 hard 0 queries 51365
EQUIPMENT AUDIT manny 663 fine/legs_crossed/006 hard 0 queries 51497
EQUIPMENT AUDIT manny 664 fine/legs_crossed/007 hard 0 queries 51497
EQUIPMENT AUDIT manny 665 fine/left_side_lying/000 hard 0 queries 51497
EQUIPMENT AUDIT manny 666 fine/left_side_lying/001 hard 0 queries 51497
EQUIPMENT AUDIT manny 667 fine/left_side_lying/002 hard 0 queries 51497
EQUIPMENT AUDIT manny 668 fine/left_side_lying/003 hard 0 queries 51497
EQUIPMENT AUDIT manny 669 fine/left_side_lying/004 hard 0 queries 51497
EQUIPMENT AUDIT manny 670 fine/left_side_lying/005 hard 0 queries 51497
EQUIPMENT AUDIT manny 671 fine/left_side_lying/006 hard 0 queries 51497
EQUIPMENT AUDIT manny 672 fine/left_side_lying/007 hard 0 queries 51497
EQUIPMENT AUDIT manny 673 fine/right_side_lying/000 hard 0 queries 51497
EQUIPMENT AUDIT manny 674 fine/right_side_lying/001 hard 0 queries 51497
EQUIPMENT AUDIT manny 675 fine/right_side_lying/002 hard 0 queries 51497
EQUIPMENT AUDIT manny 676 fine/right_side_lying/003 hard 0 queries 51497
EQUIPMENT AUDIT manny 677 fine/right_side_lying/004 hard 0 queries 51497
EQUIPMENT AUDIT manny 678 fine/right_side_lying/005 hard 0 queries 51497
EQUIPMENT AUDIT manny 679 fine/right_side_lying/006 hard 0 queries 51497
EQUIPMENT AUDIT manny 680 fine/right_side_lying/007 hard 0 queries 51497
EQUIPMENT AUDIT manny 681 fine/prone/000 hard 0 queries 51497
EQUIPMENT AUDIT manny 682 fine/prone/001 hard 0 queries 51497
EQUIPMENT AUDIT manny 683 fine/prone/002 hard 0 queries 51497
EQUIPMENT AUDIT manny 684 fine/prone/003 hard 0 queries 51497
EQUIPMENT AUDIT manny 685 fine/prone/004 hard 0 queries 51497
EQUIPMENT AUDIT manny 686 fine/prone/005 hard 0 queries 51497
EQUIPMENT AUDIT manny 687 fine/prone/006 hard 0 queries 51497
EQUIPMENT AUDIT manny 688 fine/prone/007 hard 0 queries 51497
EQUIPMENT SUMMARY manny 0 0
