EQUIPMENT AUDIT quinn 0 assembly hard 0 queries 1042
EQUIPMENT AUDIT quinn 1 neutral hard 0 queries 1170
EQUIPMENT AUDIT quinn 2 arms_forward hard 0 queries 1170
EQUIPMENT AUDIT quinn 3 arms_overhead hard 0 queries 1170
EQUIPMENT AUDIT quinn 4 arms_side hard 0 queries 1170
EQUIPMENT AUDIT quinn 5 hands_on_hips hard 0 queries 1170
EQUIPMENT AUDIT quinn 6 arms_crossed hard 0 queries 1170
EQUIPMENT AUDIT quinn 7 forehead hard 0 queries 1170
EQUIPMENT AUDIT quinn 8 sitting hard 0 queries 1340
EQUIPMENT AUDIT quinn 9 crouch hard 0 queries 2128
EQUIPMENT AUDIT quinn 10 head_tilt hard 0 queries 2141
EQUIPMENT AUDIT quinn 11 hip_abduction hard 0 queries 2285
EQUIPMENT AUDIT quinn 12 palms_turn hard 0 queries 2285
EQUIPMENT AUDIT quinn 13 hands_low_behind hard 0 queries 2285
EQUIPMENT AUDIT quinn 14 one_hand_up_back hard 0 queries 2285
EQUIPMENT AUDIT quinn 15 touch_back_head hard 0 queries 2285
EQUIPMENT AUDIT quinn 16 kneeling hard 0 queries 2427
EQUIPMENT AUDIT quinn 17 trunk_bend_twist hard 0 queries 3526
EQUIPMENT AUDIT quinn 18 shoulder_extend_internal hard 0 queries 3526
EQUIPMENT AUDIT quinn 19 legs_crossed hard 0 queries 3663
EQUIPMENT AUDIT quinn 20 bilateral_clavicle_1 hard 0 queries 3761
EQUIPMENT AUDIT quinn 21 bilateral_clavicle_2 hard 0 queries 3836
EQUIPMENT AUDIT quinn 22 bilateral_clavicle_3 hard 0 queries 3852
EQUIPMENT AUDIT quinn 23 bilateral_clavicle_4 hard 0 queries 3868
EQUIPMENT AUDIT quinn 24 bilateral_clavicle_5 hard 0 queries 3912
EQUIPMENT AUDIT quinn 25 bilateral_clavicle_6 hard 0 queries 3951
EQUIPMENT AUDIT quinn 26 bilateral_clavicle_7 hard 0 queries 3951
EQUIPMENT AUDIT quinn 27 waist.yaw.0 hard 0 queries 4124
EQUIPMENT AUDIT quinn 28 waist.yaw.1 hard 0 queries 4280
EQUIPMENT AUDIT quinn 29 waist.pitch.0 hard 0 queries 4464
EQUIPMENT AUDIT quinn 30 waist.pitch.1 hard 0 queries 4600
EQUIPMENT AUDIT quinn 31 waist.roll.0 hard 0 queries 4758
EQUIPMENT AUDIT quinn 32 waist.roll.1 hard 0 queries 4932
EQUIPMENT AUDIT quinn 33 chest.yaw.0 hard 0 queries 5151
EQUIPMENT AUDIT quinn 34 chest.yaw.1 hard 0 queries 5373
EQUIPMENT AUDIT quinn 35 chest.pitch.0 hard 0 queries 5744
EQUIPMENT AUDIT quinn 36 chest.pitch.1 hard 0 queries 5935
EQUIPMENT AUDIT quinn 37 chest.roll.0 hard 0 queries 6181
EQUIPMENT AUDIT quinn 38 chest.roll.1 hard 0 queries 6421
EQUIPMENT AUDIT quinn 39 head.yaw.0 hard 0 queries 6428
EQUIPMENT AUDIT quinn 40 head.yaw.1 hard 0 queries 6435
EQUIPMENT AUDIT quinn 41 head.pitch.0 hard 0 queries 6435
EQUIPMENT AUDIT quinn 42 head.pitch.1 hard 0 queries 6448
EQUIPMENT AUDIT quinn 43 head.roll.0 hard 0 queries 6455
EQUIPMENT AUDIT quinn 44 head.roll.1 hard 0 queries 6467
EQUIPMENT AUDIT quinn 45 clavicle_l.protract.0 hard 0 queries 6467
EQUIPMENT AUDIT quinn 46 clavicle_l.protract.1 hard 0 queries 6467
EQUIPMENT AUDIT quinn 47 clavicle_l.elevate.0 hard 0 queries 6467
EQUIPMENT AUDIT quinn 48 clavicle_l.elevate.1 hard 0 queries 6467
EQUIPMENT AUDIT quinn 49 upperarm_l.flex.0 hard 0 queries 6467
EQUIPMENT AUDIT quinn 50 upperarm_l.flex.1 hard 0 queries 6467
EQUIPMENT AUDIT quinn 51 upperarm_l.abduct.0 hard 0 queries 6467
EQUIPMENT AUDIT quinn 52 upperarm_l.abduct.1 hard 0 queries 6467
EQUIPMENT AUDIT quinn 53 upperarm_l.twist.0 hard 0 queries 6467
EQUIPMENT AUDIT quinn 54 upperarm_l.twist.1 hard 0 queries 6467
EQUIPMENT AUDIT quinn 55 elbow_l.flex.0 hard 0 queries 6467
EQUIPMENT AUDIT quinn 56 elbow_l.flex.1 hard 0 queries 6467
EQUIPMENT AUDIT quinn 57 forearm_l.twist.0 hard 0 queries 6467
EQUIPMENT AUDIT quinn 58 forearm_l.twist.1 hard 0 queries 6467
EQUIPMENT AUDIT quinn 59 hand_l.flex.0 hard 0 queries 6467
EQUIPMENT AUDIT quinn 60 hand_l.flex.1 hard 0 queries 6467
EQUIPMENT AUDIT quinn 61 hand_l.deviate.0 hard 0 queries 6467
EQUIPMENT AUDIT quinn 62 hand_l.deviate.1 hard 0 queries 6467
EQUIPMENT AUDIT quinn 63 thigh_l.flex.0 hard 0 queries 6533
EQUIPMENT AUDIT quinn 64 thigh_l.flex.1 hard 0 queries 6606
EQUIPMENT AUDIT quinn 65 thigh_l.abduct.0 hard 0 queries 6677
EQUIPMENT AUDIT quinn 66 thigh_l.abduct.1 hard 0 queries 6749
EQUIPMENT AUDIT quinn 67 thigh_l.twist.0 hard 0 queries 6749
EQUIPMENT AUDIT quinn 68 thigh_l.twist.1 hard 0 queries 6749
EQUIPMENT AUDIT quinn 69 calf_l.flex.0 hard 0 queries 6749
EQUIPMENT AUDIT quinn 70 calf_l.flex.1 hard 0 queries 6754
EQUIPMENT AUDIT quinn 71 foot_l.dorsiflex.0 hard 0 queries 6754
EQUIPMENT AUDIT quinn 72 foot_l.dorsiflex.1 hard 0 queries 6754
EQUIPMENT AUDIT quinn 73 foot_l.invert.0 hard 0 queries 6754
EQUIPMENT AUDIT quinn 74 foot_l.invert.1 hard 0 queries 6754
EQUIPMENT AUDIT quinn 75 ball_l.flex.0 hard 0 queries 6754
EQUIPMENT AUDIT quinn 76 ball_l.flex.1 hard 0 queries 6754
EQUIPMENT AUDIT quinn 77 clavicle_r.protract.0 hard 0 queries 6754
EQUIPMENT AUDIT quinn 78 clavicle_r.protract.1 hard 0 queries 6754
EQUIPMENT AUDIT quinn 79 clavicle_r.elevate.0 hard 0 queries 6754
EQUIPMENT AUDIT quinn 80 clavicle_r.elevate.1 hard 0 queries 6754
EQUIPMENT AUDIT quinn 81 upperarm_r.flex.0 hard 0 queries 6754
EQUIPMENT AUDIT quinn 82 upperarm_r.flex.1 hard 0 queries 6754
EQUIPMENT AUDIT quinn 83 upperarm_r.abduct.0 hard 0 queries 6754
EQUIPMENT AUDIT quinn 84 upperarm_r.abduct.1 hard 0 queries 6754
EQUIPMENT AUDIT quinn 85 upperarm_r.twist.0 hard 0 queries 6754
EQUIPMENT AUDIT quinn 86 upperarm_r.twist.1 hard 0 queries 6754
EQUIPMENT AUDIT quinn 87 elbow_r.flex.0 hard 0 queries 6754
EQUIPMENT AUDIT quinn 88 elbow_r.flex.1 hard 0 queries 6754
EQUIPMENT AUDIT quinn 89 forearm_r.twist.0 hard 0 queries 6754
EQUIPMENT AUDIT quinn 90 forearm_r.twist.1 hard 0 queries 6754
EQUIPMENT AUDIT quinn 91 hand_r.flex.0 hard 0 queries 6754
EQUIPMENT AUDIT quinn 92 hand_r.flex.1 hard 0 queries 6754
EQUIPMENT AUDIT quinn 93 hand_r.deviate.0 hard 0 queries 6754
EQUIPMENT AUDIT quinn 94 hand_r.deviate.1 hard 0 queries 6754
EQUIPMENT AUDIT quinn 95 thigh_r.flex.0 hard 0 queries 6820
EQUIPMENT AUDIT quinn 96 thigh_r.flex.1 hard 0 queries 6893
EQUIPMENT AUDIT quinn 97 thigh_r.abduct.0 hard 0 queries 6964
EQUIPMENT AUDIT quinn 98 thigh_r.abduct.1 hard 0 queries 7036
EQUIPMENT AUDIT quinn 99 thigh_r.twist.0 hard 0 queries 7036
EQUIPMENT AUDIT quinn 100 thigh_r.twist.1 hard 0 queries 7036
EQUIPMENT AUDIT quinn 101 calf_r.flex.0 hard 0 queries 7036
EQUIPMENT AUDIT quinn 102 calf_r.flex.1 hard 0 queries 7041
EQUIPMENT AUDIT quinn 103 foot_r.dorsiflex.0 hard 0 queries 7041
EQUIPMENT AUDIT quinn 104 foot_r.dorsiflex.1 hard 0 queries 7041
EQUIPMENT AUDIT quinn 105 foot_r.invert.0 hard 0 queries 7041
EQUIPMENT AUDIT quinn 106 foot_r.invert.1 hard 0 queries 7041
EQUIPMENT AUDIT quinn 107 ball_r.flex.0 hard 0 queries 7041
EQUIPMENT AUDIT quinn 108 ball_r.flex.1 hard 0 queries 7041
EQUIPMENT AUDIT quinn 109 raw/neutral/000 hard 0 queries 7041
EQUIPMENT AUDIT quinn 110 raw/neutral/001 hard 0 queries 7169
EQUIPMENT AUDIT quinn 111 raw/neutral/002 hard 0 queries 7297
EQUIPMENT AUDIT quinn 112 raw/neutral/003 hard 0 queries 7297
EQUIPMENT AUDIT quinn 113 raw/arms_forward/000 hard 0 queries 7297
EQUIPMENT AUDIT quinn 114 raw/arms_forward/001 hard 0 queries 7425
EQUIPMENT AUDIT quinn 115 raw/arms_forward/002 hard 0 queries 7553
EQUIPMENT AUDIT quinn 116 raw/arms_forward/003 hard 0 queries 7681
EQUIPMENT AUDIT quinn 117 raw/arms_forward/004 hard 0 queries 7809
EQUIPMENT AUDIT quinn 118 raw/arms_forward/005 hard 0 queries 7809
EQUIPMENT AUDIT quinn 119 raw/arms_overhead/000 hard 0 queries 7809
EQUIPMENT AUDIT quinn 120 raw/arms_overhead/001 hard 0 queries 7937
EQUIPMENT AUDIT quinn 121 raw/arms_overhead/002 hard 0 queries 8065
EQUIPMENT AUDIT quinn 122 raw/arms_overhead/003 hard 0 queries 8193
EQUIPMENT AUDIT quinn 123 raw/arms_overhead/004 hard 0 queries 8321
EQUIPMENT AUDIT quinn 124 raw/arms_overhead/005 hard 0 queries 8449
EQUIPMENT AUDIT quinn 125 raw/arms_overhead/006 hard 0 queries 8577
EQUIPMENT AUDIT quinn 126 raw/arms_overhead/007 hard 0 queries 8705
EQUIPMENT AUDIT quinn 127 raw/arms_overhead/008 hard 0 queries 8833
EQUIPMENT AUDIT quinn 128 raw/arms_overhead/009 hard 0 queries 8961
EQUIPMENT AUDIT quinn 129 raw/arms_overhead/010 hard 0 queries 9089
EQUIPMENT AUDIT quinn 130 raw/arms_overhead/011 hard 0 queries 9217
EQUIPMENT AUDIT quinn 131 raw/arms_overhead/012 hard 0 queries 9345
EQUIPMENT AUDIT quinn 132 raw/arms_overhead/013 hard 0 queries 9345
EQUIPMENT AUDIT quinn 133 raw/arms_side/000 hard 0 queries 9345
EQUIPMENT AUDIT quinn 134 raw/arms_side/001 hard 0 queries 9345
EQUIPMENT AUDIT quinn 135 raw/arms_side/002 hard 0 queries 9345
EQUIPMENT AUDIT quinn 136 raw/arms_side/003 hard 0 queries 9345
EQUIPMENT AUDIT quinn 137 raw/arms_side/004 hard 0 queries 9345
EQUIPMENT AUDIT quinn 138 raw/arms_side/005 hard 0 queries 9345
EQUIPMENT AUDIT quinn 139 raw/hands_on_hips/000 hard 0 queries 9345
EQUIPMENT AUDIT quinn 140 raw/hands_on_hips/001 hard 0 queries 9473
EQUIPMENT AUDIT quinn 141 raw/hands_on_hips/002 hard 0 queries 9601
EQUIPMENT AUDIT quinn 142 raw/hands_on_hips/003 hard 0 queries 9729
EQUIPMENT AUDIT quinn 143 raw/hands_on_hips/004 hard 0 queries 9857
EQUIPMENT AUDIT quinn 144 raw/hands_on_hips/005 hard 0 queries 9985
EQUIPMENT AUDIT quinn 145 raw/hands_on_hips/006 hard 0 queries 10113
EQUIPMENT AUDIT quinn 146 raw/hands_on_hips/007 hard 0 queries 10241
EQUIPMENT AUDIT quinn 147 raw/hands_on_hips/008 hard 0 queries 10241
EQUIPMENT AUDIT quinn 148 raw/arms_crossed/000 hard 0 queries 10241
EQUIPMENT AUDIT quinn 149 raw/arms_crossed/001 hard 0 queries 10241
EQUIPMENT AUDIT quinn 150 raw/arms_crossed/002 hard 0 queries 10241
EQUIPMENT AUDIT quinn 151 raw/arms_crossed/003 hard 0 queries 10241
EQUIPMENT AUDIT quinn 152 raw/arms_crossed/004 hard 0 queries 10241
EQUIPMENT AUDIT quinn 153 raw/arms_crossed/005 hard 0 queries 10241
EQUIPMENT AUDIT quinn 154 raw/arms_crossed/006 hard 0 queries 10241
EQUIPMENT AUDIT quinn 155 raw/arms_crossed/007 hard 0 queries 10241
EQUIPMENT AUDIT quinn 156 raw/arms_crossed/008 hard 0 queries 10241
EQUIPMENT AUDIT quinn 157 raw/forehead/000 hard 0 queries 10241
EQUIPMENT AUDIT quinn 158 raw/forehead/001 hard 0 queries 10241
EQUIPMENT AUDIT quinn 159 raw/forehead/002 hard 0 queries 10241
EQUIPMENT AUDIT quinn 160 raw/forehead/003 hard 0 queries 10241
EQUIPMENT AUDIT quinn 161 raw/forehead/004 hard 0 queries 10241
EQUIPMENT AUDIT quinn 162 raw/forehead/005 hard 0 queries 10241
EQUIPMENT AUDIT quinn 163 raw/forehead/006 hard 0 queries 10241
EQUIPMENT AUDIT quinn 164 raw/forehead/007 hard 0 queries 10241
EQUIPMENT AUDIT quinn 165 raw/forehead/008 hard 0 queries 10241
EQUIPMENT AUDIT quinn 166 raw/forehead/009 hard 0 queries 10241
EQUIPMENT AUDIT quinn 167 raw/forehead/010 hard 0 queries 10241
EQUIPMENT AUDIT quinn 168 raw/forehead/011 hard 0 queries 10241
EQUIPMENT AUDIT quinn 169 raw/forehead/012 hard 0 queries 10241
EQUIPMENT AUDIT quinn 170 raw/forehead/013 hard 0 queries 10241
EQUIPMENT AUDIT quinn 171 raw/sitting/000 hard 0 queries 10241
EQUIPMENT AUDIT quinn 172 raw/sitting/001 hard 0 queries 10383
EQUIPMENT AUDIT quinn 173 raw/sitting/002 hard 0 queries 10537
EQUIPMENT AUDIT quinn 174 raw/sitting/003 hard 0 queries 10699
EQUIPMENT AUDIT quinn 175 raw/sitting/004 hard 0 queries 10863
EQUIPMENT AUDIT quinn 176 raw/sitting/005 hard 0 queries 11029
EQUIPMENT AUDIT quinn 177 raw/sitting/006 hard 0 queries 11029
EQUIPMENT AUDIT quinn 178 raw/crouch/000 hard 0 queries 11029
EQUIPMENT AUDIT quinn 179 raw/crouch/001 hard 0 queries 11316
EQUIPMENT AUDIT quinn 180 raw/crouch/002 hard 0 queries 11611
EQUIPMENT AUDIT quinn 181 raw/crouch/003 hard 0 queries 11904
EQUIPMENT AUDIT quinn 182 raw/crouch/004 hard 0 queries 12192
EQUIPMENT AUDIT quinn 183 raw/crouch/005 hard 0 queries 12480
EQUIPMENT AUDIT quinn 184 raw/crouch/006 hard 0 queries 12757
EQUIPMENT AUDIT quinn 185 raw/crouch/007 hard 0 queries 13038
EQUIPMENT AUDIT quinn 186 raw/crouch/008 hard 0 queries 13313
EQUIPMENT AUDIT quinn 187 raw/crouch/009 hard 0 queries 13313
EQUIPMENT AUDIT quinn 188 raw/head_tilt/000 hard 0 queries 13313
EQUIPMENT AUDIT quinn 189 raw/head_tilt/001 hard 0 queries 13448
EQUIPMENT AUDIT quinn 190 raw/head_tilt/002 hard 0 queries 13455
EQUIPMENT AUDIT quinn 191 raw/head_tilt/003 hard 0 queries 13462
EQUIPMENT AUDIT quinn 192 raw/head_tilt/004 hard 0 queries 13469
EQUIPMENT AUDIT quinn 193 raw/head_tilt/005 hard 0 queries 13606
EQUIPMENT AUDIT quinn 194 raw/head_tilt/006 hard 0 queries 13606
EQUIPMENT AUDIT quinn 195 raw/hip_abduction/000 hard 0 queries 13606
EQUIPMENT AUDIT quinn 196 raw/hip_abduction/001 hard 0 queries 13744
EQUIPMENT AUDIT quinn 197 raw/hip_abduction/002 hard 0 queries 13884
EQUIPMENT AUDIT quinn 198 raw/hip_abduction/003 hard 0 queries 14028
EQUIPMENT AUDIT quinn 199 raw/hip_abduction/004 hard 0 queries 14028
EQUIPMENT AUDIT quinn 200 raw/palms_turn/000 hard 0 queries 14028
EQUIPMENT AUDIT quinn 201 raw/palms_turn/001 hard 0 queries 14028
EQUIPMENT AUDIT quinn 202 raw/palms_turn/002 hard 0 queries 14028
EQUIPMENT AUDIT quinn 203 raw/palms_turn/003 hard 0 queries 14028
EQUIPMENT AUDIT quinn 204 raw/palms_turn/004 hard 0 queries 14028
EQUIPMENT AUDIT quinn 205 raw/palms_turn/005 hard 0 queries 14028
EQUIPMENT AUDIT quinn 206 raw/palms_turn/006 hard 0 queries 14028
EQUIPMENT AUDIT quinn 207 raw/hands_low_behind/000 hard 0 queries 14028
EQUIPMENT AUDIT quinn 208 raw/hands_low_behind/001 hard 0 queries 14028
EQUIPMENT AUDIT quinn 209 raw/hands_low_behind/002 hard 0 queries 14028
EQUIPMENT AUDIT quinn 210 raw/hands_low_behind/003 hard 0 queries 14028
EQUIPMENT AUDIT quinn 211 raw/hands_low_behind/004 hard 0 queries 14028
EQUIPMENT AUDIT quinn 212 raw/one_hand_up_back/000 hard 0 queries 14028
EQUIPMENT AUDIT quinn 213 raw/one_hand_up_back/001 hard 0 queries 14156
EQUIPMENT AUDIT quinn 214 raw/one_hand_up_back/002 hard 0 queries 14284
EQUIPMENT AUDIT quinn 215 raw/one_hand_up_back/003 hard 0 queries 14284
EQUIPMENT AUDIT quinn 216 raw/one_hand_up_back/004 hard 0 queries 14412
EQUIPMENT AUDIT quinn 217 raw/one_hand_up_back/005 hard 0 queries 14540
EQUIPMENT AUDIT quinn 218 raw/one_hand_up_back/006 hard 0 queries 14540
EQUIPMENT AUDIT quinn 219 raw/one_hand_up_back/007 hard 0 queries 14668
EQUIPMENT AUDIT quinn 220 raw/one_hand_up_back/008 hard 0 queries 14796
EQUIPMENT AUDIT quinn 221 raw/one_hand_up_back/009 hard 0 queries 14796
EQUIPMENT AUDIT quinn 222 raw/touch_back_head/000 hard 0 queries 14796
EQUIPMENT AUDIT quinn 223 raw/touch_back_head/001 hard 0 queries 14924
EQUIPMENT AUDIT quinn 224 raw/touch_back_head/002 hard 0 queries 14924
EQUIPMENT AUDIT quinn 225 raw/touch_back_head/003 hard 0 queries 15052
EQUIPMENT AUDIT quinn 226 raw/touch_back_head/004 hard 0 queries 15052
EQUIPMENT AUDIT quinn 227 raw/touch_back_head/005 hard 0 queries 15052
EQUIPMENT AUDIT quinn 228 raw/touch_back_head/006 hard 0 queries 15052
EQUIPMENT AUDIT quinn 229 raw/touch_back_head/007 hard 0 queries 15180
EQUIPMENT AUDIT quinn 230 raw/touch_back_head/008 hard 0 queries 15180
EQUIPMENT AUDIT quinn 231 raw/touch_back_head/009 hard 0 queries 15308
EQUIPMENT AUDIT quinn 232 raw/touch_back_head/010 hard 0 queries 15308
EQUIPMENT AUDIT quinn 233 raw/kneeling/000 hard 0 queries 15308
EQUIPMENT AUDIT quinn 234 raw/kneeling/001 hard 0 queries 15438
EQUIPMENT AUDIT quinn 235 raw/kneeling/002 hard 0 queries 15568
EQUIPMENT AUDIT quinn 236 raw/kneeling/003 hard 0 queries 15704
EQUIPMENT AUDIT quinn 237 raw/kneeling/004 hard 0 queries 15844
EQUIPMENT AUDIT quinn 238 raw/kneeling/005 hard 0 queries 15984
EQUIPMENT AUDIT quinn 239 raw/kneeling/006 hard 0 queries 16124
EQUIPMENT AUDIT quinn 240 raw/kneeling/007 hard 0 queries 16262
EQUIPMENT AUDIT quinn 241 raw/kneeling/008 hard 0 queries 16400
EQUIPMENT AUDIT quinn 242 raw/kneeling/009 hard 0 queries 16400
EQUIPMENT AUDIT quinn 243 raw/trunk_bend_twist/000 hard 0 queries 16400
EQUIPMENT AUDIT quinn 244 raw/trunk_bend_twist/001 hard 0 queries 16811
EQUIPMENT AUDIT quinn 245 raw/trunk_bend_twist/002 hard 0 queries 17306
EQUIPMENT AUDIT quinn 246 raw/trunk_bend_twist/003 hard 0 queries 17307
EQUIPMENT AUDIT quinn 247 raw/shoulder_extend_internal/000 hard 0 queries 17307
EQUIPMENT AUDIT quinn 248 raw/shoulder_extend_internal/001 hard 0 queries 17307
EQUIPMENT AUDIT quinn 249 raw/shoulder_extend_internal/002 hard 0 queries 17307
EQUIPMENT AUDIT quinn 250 raw/shoulder_extend_internal/003 hard 0 queries 17307
EQUIPMENT AUDIT quinn 251 raw/shoulder_extend_internal/004 hard 0 queries 17307
EQUIPMENT AUDIT quinn 252 raw/shoulder_extend_internal/005 hard 0 queries 17307
EQUIPMENT AUDIT quinn 253 raw/legs_together/000 hard 0 queries 17307
EQUIPMENT AUDIT quinn 254 raw/legs_together/001 hard 0 queries 17307
EQUIPMENT AUDIT quinn 255 raw/legs_together/002 hard 0 queries 17307
EQUIPMENT AUDIT quinn 256 raw/legs_together/003 hard 0 queries 17307
EQUIPMENT AUDIT quinn 257 raw/legs_crossed/000 hard 0 queries 17307
EQUIPMENT AUDIT quinn 258 raw/legs_crossed/001 hard 0 queries 17435
EQUIPMENT AUDIT quinn 259 raw/legs_crossed/002 hard 0 queries 17567
EQUIPMENT AUDIT quinn 260 raw/legs_crossed/003 hard 0 queries 17567
EQUIPMENT AUDIT quinn 261 raw/left_side_lying/000 hard 0 queries 17567
EQUIPMENT AUDIT quinn 262 raw/left_side_lying/001 hard 0 queries 17567
EQUIPMENT AUDIT quinn 263 raw/left_side_lying/002 hard 0 queries 17567
EQUIPMENT AUDIT quinn 264 raw/left_side_lying/003 hard 0 queries 17567
EQUIPMENT AUDIT quinn 265 raw/right_side_lying/000 hard 0 queries 17567
EQUIPMENT AUDIT quinn 266 raw/right_side_lying/001 hard 0 queries 17567
EQUIPMENT AUDIT quinn 267 raw/right_side_lying/002 hard 0 queries 17567
EQUIPMENT AUDIT quinn 268 raw/right_side_lying/003 hard 0 queries 17567
EQUIPMENT AUDIT quinn 269 raw/prone/000 hard 0 queries 17567
EQUIPMENT AUDIT quinn 270 raw/prone/001 hard 0 queries 17567
EQUIPMENT AUDIT quinn 271 raw/prone/002 hard 0 queries 17567
EQUIPMENT AUDIT quinn 272 raw/prone/003 hard 0 queries 17567
EQUIPMENT AUDIT quinn 273 fine/neutral/000 hard 0 queries 17567
EQUIPMENT AUDIT quinn 274 fine/neutral/001 hard 0 queries 17695
EQUIPMENT AUDIT quinn 275 fine/neutral/002 hard 0 queries 17823
EQUIPMENT AUDIT quinn 276 fine/neutral/003 hard 0 queries 17951
EQUIPMENT AUDIT quinn 277 fine/neutral/004 hard 0 queries 18079
EQUIPMENT AUDIT quinn 278 fine/neutral/005 hard 0 queries 18207
EQUIPMENT AUDIT quinn 279 fine/neutral/006 hard 0 queries 18335
EQUIPMENT AUDIT quinn 280 fine/neutral/007 hard 0 queries 18335
EQUIPMENT AUDIT quinn 281 fine/arms_forward/000 hard 0 queries 18335
EQUIPMENT AUDIT quinn 282 fine/arms_forward/001 hard 0 queries 18463
EQUIPMENT AUDIT quinn 283 fine/arms_forward/002 hard 0 queries 18463
EQUIPMENT AUDIT quinn 284 fine/arms_forward/003 hard 0 queries 18591
EQUIPMENT AUDIT quinn 285 fine/arms_forward/004 hard 0 queries 18591
EQUIPMENT AUDIT quinn 286 fine/arms_forward/005 hard 0 queries 18719
EQUIPMENT AUDIT quinn 287 fine/arms_forward/006 hard 0 queries 18719
EQUIPMENT AUDIT quinn 288 fine/arms_forward/007 hard 0 queries 18719
EQUIPMENT AUDIT quinn 289 fine/arms_forward/008 hard 0 queries 18719
EQUIPMENT AUDIT quinn 290 fine/arms_forward/009 hard 0 queries 18847
EQUIPMENT AUDIT quinn 291 fine/arms_forward/010 hard 0 queries 18847
EQUIPMENT AUDIT quinn 292 fine/arms_forward/011 hard 0 queries 18975
EQUIPMENT AUDIT quinn 293 fine/arms_forward/012 hard 0 queries 18975
EQUIPMENT AUDIT quinn 294 fine/arms_forward/013 hard 0 queries 19103
EQUIPMENT AUDIT quinn 295 fine/arms_forward/014 hard 0 queries 19103
EQUIPMENT AUDIT quinn 296 fine/arms_overhead/000 hard 0 queries 19103
EQUIPMENT AUDIT quinn 297 fine/arms_overhead/001 hard 0 queries 19233
EQUIPMENT AUDIT quinn 298 fine/arms_overhead/002 hard 0 queries 19361
EQUIPMENT AUDIT quinn 299 fine/arms_overhead/003 hard 0 queries 19489
EQUIPMENT AUDIT quinn 300 fine/arms_overhead/004 hard 0 queries 19617
EQUIPMENT AUDIT quinn 301 fine/arms_overhead/005 hard 0 queries 19745
EQUIPMENT AUDIT quinn 302 fine/arms_overhead/006 hard 0 queries 19873
EQUIPMENT AUDIT quinn 303 fine/arms_overhead/007 hard 0 queries 20001
EQUIPMENT AUDIT quinn 304 fine/arms_overhead/008 hard 0 queries 20129
EQUIPMENT AUDIT quinn 305 fine/arms_overhead/009 hard 0 queries 20257
EQUIPMENT AUDIT quinn 306 fine/arms_overhead/010 hard 0 queries 20385
EQUIPMENT AUDIT quinn 307 fine/arms_overhead/011 hard 0 queries 20513
EQUIPMENT AUDIT quinn 308 fine/arms_overhead/012 hard 0 queries 20641
EQUIPMENT AUDIT quinn 309 fine/arms_overhead/013 hard 0 queries 20769
EQUIPMENT AUDIT quinn 310 fine/arms_overhead/014 hard 0 queries 20897
EQUIPMENT AUDIT quinn 311 fine/arms_overhead/015 hard 0 queries 21025
EQUIPMENT AUDIT quinn 312 fine/arms_overhead/016 hard 0 queries 21153
EQUIPMENT AUDIT quinn 313 fine/arms_overhead/017 hard 0 queries 21281
EQUIPMENT AUDIT quinn 314 fine/arms_overhead/018 hard 0 queries 21409
EQUIPMENT AUDIT quinn 315 fine/arms_overhead/019 hard 0 queries 21537
EQUIPMENT AUDIT quinn 316 fine/arms_overhead/020 hard 0 queries 21665
EQUIPMENT AUDIT quinn 317 fine/arms_overhead/021 hard 0 queries 21793
EQUIPMENT AUDIT quinn 318 fine/arms_overhead/022 hard 0 queries 21921
EQUIPMENT AUDIT quinn 319 fine/arms_overhead/023 hard 0 queries 22049
EQUIPMENT AUDIT quinn 320 fine/arms_overhead/024 hard 0 queries 22177
EQUIPMENT AUDIT quinn 321 fine/arms_overhead/025 hard 0 queries 22305
EQUIPMENT AUDIT quinn 322 fine/arms_overhead/026 hard 0 queries 22433
EQUIPMENT AUDIT quinn 323 fine/arms_overhead/027 hard 0 queries 22561
EQUIPMENT AUDIT quinn 324 fine/arms_overhead/028 hard 0 queries 22689
EQUIPMENT AUDIT quinn 325 fine/arms_overhead/029 hard 0 queries 22817
EQUIPMENT AUDIT quinn 326 fine/arms_overhead/030 hard 0 queries 22945
EQUIPMENT AUDIT quinn 327 fine/arms_overhead/031 hard 0 queries 23073
EQUIPMENT AUDIT quinn 328 fine/arms_overhead/032 hard 0 queries 23201
EQUIPMENT AUDIT quinn 329 fine/arms_overhead/033 hard 0 queries 23329
EQUIPMENT AUDIT quinn 330 fine/arms_overhead/034 hard 0 queries 23457
EQUIPMENT AUDIT quinn 331 fine/arms_overhead/035 hard 0 queries 23585
EQUIPMENT AUDIT quinn 332 fine/arms_overhead/036 hard 0 queries 23713
EQUIPMENT AUDIT quinn 333 fine/arms_overhead/037 hard 0 queries 23713
EQUIPMENT AUDIT quinn 334 fine/arms_side/000 hard 0 queries 23713
EQUIPMENT AUDIT quinn 335 fine/arms_side/001 hard 0 queries 23713
EQUIPMENT AUDIT quinn 336 fine/arms_side/002 hard 0 queries 23713
EQUIPMENT AUDIT quinn 337 fine/arms_side/003 hard 0 queries 23713
EQUIPMENT AUDIT quinn 338 fine/arms_side/004 hard 0 queries 23713
EQUIPMENT AUDIT quinn 339 fine/arms_side/005 hard 0 queries 23713
EQUIPMENT AUDIT quinn 340 fine/arms_side/006 hard 0 queries 23713
EQUIPMENT AUDIT quinn 341 fine/arms_side/007 hard 0 queries 23713
EQUIPMENT AUDIT quinn 342 fine/arms_side/008 hard 0 queries 23713
EQUIPMENT AUDIT quinn 343 fine/arms_side/009 hard 0 queries 23713
EQUIPMENT AUDIT quinn 344 fine/arms_side/010 hard 0 queries 23713
EQUIPMENT AUDIT quinn 345 fine/arms_side/011 hard 0 queries 23713
EQUIPMENT AUDIT quinn 346 fine/arms_side/012 hard 0 queries 23713
EQUIPMENT AUDIT quinn 347 fine/arms_side/013 hard 0 queries 23713
EQUIPMENT AUDIT quinn 348 fine/arms_side/014 hard 0 queries 23713
EQUIPMENT AUDIT quinn 349 fine/hands_on_hips/000 hard 0 queries 23713
EQUIPMENT AUDIT quinn 350 fine/hands_on_hips/001 hard 0 queries 23841
EQUIPMENT AUDIT quinn 351 fine/hands_on_hips/002 hard 0 queries 23969
EQUIPMENT AUDIT quinn 352 fine/hands_on_hips/003 hard 0 queries 24097
EQUIPMENT AUDIT quinn 353 fine/hands_on_hips/004 hard 0 queries 24225
EQUIPMENT AUDIT quinn 354 fine/hands_on_hips/005 hard 0 queries 24353
EQUIPMENT AUDIT quinn 355 fine/hands_on_hips/006 hard 0 queries 24481
EQUIPMENT AUDIT quinn 356 fine/hands_on_hips/007 hard 0 queries 24609
EQUIPMENT AUDIT quinn 357 fine/hands_on_hips/008 hard 0 queries 24737
EQUIPMENT AUDIT quinn 358 fine/hands_on_hips/009 hard 0 queries 24865
EQUIPMENT AUDIT quinn 359 fine/hands_on_hips/010 hard 0 queries 24993
EQUIPMENT AUDIT quinn 360 fine/hands_on_hips/011 hard 0 queries 24993
EQUIPMENT AUDIT quinn 361 fine/hands_on_hips/012 hard 0 queries 25121
EQUIPMENT AUDIT quinn 362 fine/hands_on_hips/013 hard 0 queries 25249
EQUIPMENT AUDIT quinn 363 fine/hands_on_hips/014 hard 0 queries 25377
EQUIPMENT AUDIT quinn 364 fine/hands_on_hips/015 hard 0 queries 25505
EQUIPMENT AUDIT quinn 365 fine/hands_on_hips/016 hard 0 queries 25633
EQUIPMENT AUDIT quinn 366 fine/hands_on_hips/017 hard 0 queries 25761
EQUIPMENT AUDIT quinn 367 fine/hands_on_hips/018 hard 0 queries 25889
EQUIPMENT AUDIT quinn 368 fine/hands_on_hips/019 hard 0 queries 26017
EQUIPMENT AUDIT quinn 369 fine/hands_on_hips/020 hard 0 queries 26145
EQUIPMENT AUDIT quinn 370 fine/hands_on_hips/021 hard 0 queries 26273
EQUIPMENT AUDIT quinn 371 fine/hands_on_hips/022 hard 0 queries 26273
EQUIPMENT AUDIT quinn 372 fine/arms_crossed/000 hard 0 queries 26273
EQUIPMENT AUDIT quinn 373 fine/arms_crossed/001 hard 0 queries 26401
EQUIPMENT AUDIT quinn 374 fine/arms_crossed/002 hard 0 queries 26529
EQUIPMENT AUDIT quinn 375 fine/arms_crossed/003 hard 0 queries 26657
EQUIPMENT AUDIT quinn 376 fine/arms_crossed/004 hard 0 queries 26785
EQUIPMENT AUDIT quinn 377 fine/arms_crossed/005 hard 0 queries 26913
EQUIPMENT AUDIT quinn 378 fine/arms_crossed/006 hard 0 queries 27041
EQUIPMENT AUDIT quinn 379 fine/arms_crossed/007 hard 0 queries 27169
EQUIPMENT AUDIT quinn 380 fine/arms_crossed/008 hard 0 queries 27297
EQUIPMENT AUDIT quinn 381 fine/arms_crossed/009 hard 0 queries 27425
EQUIPMENT AUDIT quinn 382 fine/arms_crossed/010 hard 0 queries 27553
EQUIPMENT AUDIT quinn 383 fine/arms_crossed/011 hard 0 queries 27681
EQUIPMENT AUDIT quinn 384 fine/arms_crossed/012 hard 0 queries 27809
EQUIPMENT AUDIT quinn 385 fine/arms_crossed/013 hard 0 queries 27937
EQUIPMENT AUDIT quinn 386 fine/arms_crossed/014 hard 0 queries 28065
EQUIPMENT AUDIT quinn 387 fine/arms_crossed/015 hard 0 queries 28193
EQUIPMENT AUDIT quinn 388 fine/arms_crossed/016 hard 0 queries 28321
EQUIPMENT AUDIT quinn 389 fine/arms_crossed/017 hard 0 queries 28449
EQUIPMENT AUDIT quinn 390 fine/arms_crossed/018 hard 0 queries 28577
EQUIPMENT AUDIT quinn 391 fine/arms_crossed/019 hard 0 queries 28705
EQUIPMENT AUDIT quinn 392 fine/arms_crossed/020 hard 0 queries 28833
EQUIPMENT AUDIT quinn 393 fine/arms_crossed/021 hard 0 queries 28961
EQUIPMENT AUDIT quinn 394 fine/arms_crossed/022 hard 0 queries 29089
EQUIPMENT AUDIT quinn 395 fine/arms_crossed/023 hard 0 queries 29089
EQUIPMENT AUDIT quinn 396 fine/forehead/000 hard 0 queries 29089
EQUIPMENT AUDIT quinn 397 fine/forehead/001 hard 0 queries 29219
EQUIPMENT AUDIT quinn 398 fine/forehead/002 hard 0 queries 29347
EQUIPMENT AUDIT quinn 399 fine/forehead/003 hard 0 queries 29475
EQUIPMENT AUDIT quinn 400 fine/forehead/004 hard 0 queries 29603
EQUIPMENT AUDIT quinn 401 fine/forehead/005 hard 0 queries 29731
EQUIPMENT AUDIT quinn 402 fine/forehead/006 hard 0 queries 29859
EQUIPMENT AUDIT quinn 403 fine/forehead/007 hard 0 queries 29987
EQUIPMENT AUDIT quinn 404 fine/forehead/008 hard 0 queries 30115
EQUIPMENT AUDIT quinn 405 fine/forehead/009 hard 0 queries 30243
EQUIPMENT AUDIT quinn 406 fine/forehead/010 hard 0 queries 30371
EQUIPMENT AUDIT quinn 407 fine/forehead/011 hard 0 queries 30499
EQUIPMENT AUDIT quinn 408 fine/forehead/012 hard 0 queries 30627
EQUIPMENT AUDIT quinn 409 fine/forehead/013 hard 0 queries 30755
EQUIPMENT AUDIT quinn 410 fine/forehead/014 hard 0 queries 30883
EQUIPMENT AUDIT quinn 411 fine/forehead/015 hard 0 queries 31011
EQUIPMENT AUDIT quinn 412 fine/forehead/016 hard 0 queries 31139
EQUIPMENT AUDIT quinn 413 fine/forehead/017 hard 0 queries 31267
EQUIPMENT AUDIT quinn 414 fine/forehead/018 hard 0 queries 31395
EQUIPMENT AUDIT quinn 415 fine/forehead/019 hard 0 queries 31395
EQUIPMENT AUDIT quinn 416 fine/forehead/020 hard 0 queries 31523
EQUIPMENT AUDIT quinn 417 fine/forehead/021 hard 0 queries 31651
EQUIPMENT AUDIT quinn 418 fine/forehead/022 hard 0 queries 31779
EQUIPMENT AUDIT quinn 419 fine/forehead/023 hard 0 queries 31907
EQUIPMENT AUDIT quinn 420 fine/forehead/024 hard 0 queries 32035
EQUIPMENT AUDIT quinn 421 fine/forehead/025 hard 0 queries 32163
EQUIPMENT AUDIT quinn 422 fine/forehead/026 hard 0 queries 32291
EQUIPMENT AUDIT quinn 423 fine/forehead/027 hard 0 queries 32419
EQUIPMENT AUDIT quinn 424 fine/forehead/028 hard 0 queries 32547
EQUIPMENT AUDIT quinn 425 fine/forehead/029 hard 0 queries 32675
EQUIPMENT AUDIT quinn 426 fine/forehead/030 hard 0 queries 32803
EQUIPMENT AUDIT quinn 427 fine/forehead/031 hard 0 queries 32931
EQUIPMENT AUDIT quinn 428 fine/forehead/032 hard 0 queries 33059
EQUIPMENT AUDIT quinn 429 fine/forehead/033 hard 0 queries 33187
EQUIPMENT AUDIT quinn 430 fine/forehead/034 hard 0 queries 33315
EQUIPMENT AUDIT quinn 431 fine/forehead/035 hard 0 queries 33443
EQUIPMENT AUDIT quinn 432 fine/forehead/036 hard 0 queries 33571
EQUIPMENT AUDIT quinn 433 fine/forehead/037 hard 0 queries 33699
EQUIPMENT AUDIT quinn 434 fine/forehead/038 hard 0 queries 33699
EQUIPMENT AUDIT quinn 435 fine/sitting/000 hard 0 queries 33699
EQUIPMENT AUDIT quinn 436 fine/sitting/001 hard 0 queries 33833
EQUIPMENT AUDIT quinn 437 fine/sitting/002 hard 0 queries 33969
EQUIPMENT AUDIT quinn 438 fine/sitting/003 hard 0 queries 33969
EQUIPMENT AUDIT quinn 439 fine/sitting/004 hard 0 queries 34111
EQUIPMENT AUDIT quinn 440 fine/sitting/005 hard 0 queries 34257
EQUIPMENT AUDIT quinn 441 fine/sitting/006 hard 0 queries 34257
EQUIPMENT AUDIT quinn 442 fine/sitting/007 hard 0 queries 34415
EQUIPMENT AUDIT quinn 443 fine/sitting/008 hard 0 queries 34577
EQUIPMENT AUDIT quinn 444 fine/sitting/009 hard 0 queries 34577
EQUIPMENT AUDIT quinn 445 fine/sitting/010 hard 0 queries 34739
EQUIPMENT AUDIT quinn 446 fine/sitting/011 hard 0 queries 34905
EQUIPMENT AUDIT quinn 447 fine/sitting/012 hard 0 queries 34905
EQUIPMENT AUDIT quinn 448 fine/sitting/013 hard 0 queries 35069
EQUIPMENT AUDIT quinn 449 fine/sitting/014 hard 0 queries 35233
EQUIPMENT AUDIT quinn 450 fine/sitting/015 hard 0 queries 35233
EQUIPMENT AUDIT quinn 451 fine/sitting/016 hard 0 queries 35399
EQUIPMENT AUDIT quinn 452 fine/sitting/017 hard 0 queries 35567
EQUIPMENT AUDIT quinn 453 fine/sitting/018 hard 0 queries 35567
EQUIPMENT AUDIT quinn 454 fine/crouch/000 hard 0 queries 35567
EQUIPMENT AUDIT quinn 455 fine/crouch/001 hard 0 queries 35849
EQUIPMENT AUDIT quinn 456 fine/crouch/002 hard 0 queries 36136
EQUIPMENT AUDIT quinn 457 fine/crouch/003 hard 0 queries 36136
EQUIPMENT AUDIT quinn 458 fine/crouch/004 hard 0 queries 36426
EQUIPMENT AUDIT quinn 459 fine/crouch/005 hard 0 queries 36717
EQUIPMENT AUDIT quinn 460 fine/crouch/006 hard 0 queries 36717
EQUIPMENT AUDIT quinn 461 fine/crouch/007 hard 0 queries 37010
EQUIPMENT AUDIT quinn 462 fine/crouch/008 hard 0 queries 37305
EQUIPMENT AUDIT quinn 463 fine/crouch/009 hard 0 queries 37305
EQUIPMENT AUDIT quinn 464 fine/crouch/010 hard 0 queries 37594
EQUIPMENT AUDIT quinn 465 fine/crouch/011 hard 0 queries 37883
EQUIPMENT AUDIT quinn 466 fine/crouch/012 hard 0 queries 37883
EQUIPMENT AUDIT quinn 467 fine/crouch/013 hard 0 queries 38169
EQUIPMENT AUDIT quinn 468 fine/crouch/014 hard 0 queries 38457
EQUIPMENT AUDIT quinn 469 fine/crouch/015 hard 0 queries 38457
EQUIPMENT AUDIT quinn 470 fine/crouch/016 hard 0 queries 38740
EQUIPMENT AUDIT quinn 471 fine/crouch/017 hard 0 queries 39022
EQUIPMENT AUDIT quinn 472 fine/crouch/018 hard 0 queries 39022
EQUIPMENT AUDIT quinn 473 fine/crouch/019 hard 0 queries 39302
EQUIPMENT AUDIT quinn 474 fine/crouch/020 hard 0 queries 39582
EQUIPMENT AUDIT quinn 475 fine/crouch/021 hard 0 queries 39582
EQUIPMENT AUDIT quinn 476 fine/crouch/022 hard 0 queries 39858
EQUIPMENT AUDIT quinn 477 fine/crouch/023 hard 0 queries 40134
EQUIPMENT AUDIT quinn 478 fine/crouch/024 hard 0 queries 40134
EQUIPMENT AUDIT quinn 479 fine/crouch/025 hard 0 queries 40400
EQUIPMENT AUDIT quinn 480 fine/crouch/026 hard 0 queries 40659
EQUIPMENT AUDIT quinn 481 fine/crouch/027 hard 0 queries 40659
EQUIPMENT AUDIT quinn 482 fine/head_tilt/000 hard 0 queries 40659
EQUIPMENT AUDIT quinn 483 fine/head_tilt/001 hard 0 queries 40794
EQUIPMENT AUDIT quinn 484 fine/head_tilt/002 hard 0 queries 40801
EQUIPMENT AUDIT quinn 485 fine/head_tilt/003 hard 0 queries 40936
EQUIPMENT AUDIT quinn 486 fine/head_tilt/004 hard 0 queries 40943
EQUIPMENT AUDIT quinn 487 fine/head_tilt/005 hard 0 queries 41078
EQUIPMENT AUDIT quinn 488 fine/head_tilt/006 hard 0 queries 41085
EQUIPMENT AUDIT quinn 489 fine/head_tilt/007 hard 0 queries 41220
EQUIPMENT AUDIT quinn 490 fine/head_tilt/008 hard 0 queries 41220
EQUIPMENT AUDIT quinn 491 fine/head_tilt/009 hard 0 queries 41355
EQUIPMENT AUDIT quinn 492 fine/head_tilt/010 hard 0 queries 41362
EQUIPMENT AUDIT quinn 493 fine/head_tilt/011 hard 0 queries 41497
EQUIPMENT AUDIT quinn 494 fine/head_tilt/012 hard 0 queries 41504
EQUIPMENT AUDIT quinn 495 fine/head_tilt/013 hard 0 queries 41640
EQUIPMENT AUDIT quinn 496 fine/head_tilt/014 hard 0 queries 41649
EQUIPMENT AUDIT quinn 497 fine/head_tilt/015 hard 0 queries 41787
EQUIPMENT AUDIT quinn 498 fine/head_tilt/016 hard 0 queries 41787
EQUIPMENT AUDIT quinn 499 fine/hip_abduction/000 hard 0 queries 41787
EQUIPMENT AUDIT quinn 500 fine/hip_abduction/001 hard 0 queries 41919
EQUIPMENT AUDIT quinn 501 fine/hip_abduction/002 hard 0 queries 42053
EQUIPMENT AUDIT quinn 502 fine/hip_abduction/003 hard 0 queries 42193
EQUIPMENT AUDIT quinn 503 fine/hip_abduction/004 hard 0 queries 42335
EQUIPMENT AUDIT quinn 504 fine/hip_abduction/005 hard 0 queries 42335
EQUIPMENT AUDIT quinn 505 fine/hip_abduction/006 hard 0 queries 42479
EQUIPMENT AUDIT quinn 506 fine/hip_abduction/007 hard 0 queries 42623
EQUIPMENT AUDIT quinn 507 fine/hip_abduction/008 hard 0 queries 42767
EQUIPMENT AUDIT quinn 508 fine/hip_abduction/009 hard 0 queries 42911
EQUIPMENT AUDIT quinn 509 fine/hip_abduction/010 hard 0 queries 42911
EQUIPMENT AUDIT quinn 510 fine/palms_turn/000 hard 0 queries 42911
EQUIPMENT AUDIT quinn 511 fine/palms_turn/001 hard 0 queries 43039
EQUIPMENT AUDIT quinn 512 fine/palms_turn/002 hard 0 queries 43039
EQUIPMENT AUDIT quinn 513 fine/palms_turn/003 hard 0 queries 43039
EQUIPMENT AUDIT quinn 514 fine/palms_turn/004 hard 0 queries 43039
EQUIPMENT AUDIT quinn 515 fine/palms_turn/005 hard 0 queries 43167
EQUIPMENT AUDIT quinn 516 fine/palms_turn/006 hard 0 queries 43167
EQUIPMENT AUDIT quinn 517 fine/palms_turn/007 hard 0 queries 43295
EQUIPMENT AUDIT quinn 518 fine/palms_turn/008 hard 0 queries 43295
EQUIPMENT AUDIT quinn 519 fine/palms_turn/009 hard 0 queries 43295
EQUIPMENT AUDIT quinn 520 fine/palms_turn/010 hard 0 queries 43295
EQUIPMENT AUDIT quinn 521 fine/palms_turn/011 hard 0 queries 43423
EQUIPMENT AUDIT quinn 522 fine/palms_turn/012 hard 0 queries 43423
EQUIPMENT AUDIT quinn 523 fine/palms_turn/013 hard 0 queries 43551
EQUIPMENT AUDIT quinn 524 fine/palms_turn/014 hard 0 queries 43551
EQUIPMENT AUDIT quinn 525 fine/palms_turn/015 hard 0 queries 43551
EQUIPMENT AUDIT quinn 526 fine/palms_turn/016 hard 0 queries 43551
EQUIPMENT AUDIT quinn 527 fine/palms_turn/017 hard 0 queries 43679
EQUIPMENT AUDIT quinn 528 fine/palms_turn/018 hard 0 queries 43679
EQUIPMENT AUDIT quinn 529 fine/hands_low_behind/000 hard 0 queries 43679
EQUIPMENT AUDIT quinn 530 fine/hands_low_behind/001 hard 0 queries 43679
EQUIPMENT AUDIT quinn 531 fine/hands_low_behind/002 hard 0 queries 43679
EQUIPMENT AUDIT quinn 532 fine/hands_low_behind/003 hard 0 queries 43679
EQUIPMENT AUDIT quinn 533 fine/hands_low_behind/004 hard 0 queries 43679
EQUIPMENT AUDIT quinn 534 fine/hands_low_behind/005 hard 0 queries 43679
EQUIPMENT AUDIT quinn 535 fine/hands_low_behind/006 hard 0 queries 43679
EQUIPMENT AUDIT quinn 536 fine/hands_low_behind/007 hard 0 queries 43679
EQUIPMENT AUDIT quinn 537 fine/hands_low_behind/008 hard 0 queries 43679
EQUIPMENT AUDIT quinn 538 fine/hands_low_behind/009 hard 0 queries 43679
EQUIPMENT AUDIT quinn 539 fine/hands_low_behind/010 hard 0 queries 43679
EQUIPMENT AUDIT quinn 540 fine/hands_low_behind/011 hard 0 queries 43679
EQUIPMENT AUDIT quinn 541 fine/one_hand_up_back/000 hard 0 queries 43679
EQUIPMENT AUDIT quinn 542 fine/one_hand_up_back/001 hard 0 queries 43807
EQUIPMENT AUDIT quinn 543 fine/one_hand_up_back/002 hard 0 queries 43807
EQUIPMENT AUDIT quinn 544 fine/one_hand_up_back/003 hard 0 queries 43935
EQUIPMENT AUDIT quinn 545 fine/one_hand_up_back/004 hard 0 queries 43935
EQUIPMENT AUDIT quinn 546 fine/one_hand_up_back/005 hard 0 queries 44063
EQUIPMENT AUDIT quinn 547 fine/one_hand_up_back/006 hard 0 queries 44063
EQUIPMENT AUDIT quinn 548 fine/one_hand_up_back/007 hard 0 queries 44191
EQUIPMENT AUDIT quinn 549 fine/one_hand_up_back/008 hard 0 queries 44191
EQUIPMENT AUDIT quinn 550 fine/one_hand_up_back/009 hard 0 queries 44319
EQUIPMENT AUDIT quinn 551 fine/one_hand_up_back/010 hard 0 queries 44319
EQUIPMENT AUDIT quinn 552 fine/one_hand_up_back/011 hard 0 queries 44447
EQUIPMENT AUDIT quinn 553 fine/one_hand_up_back/012 hard 0 queries 44447
EQUIPMENT AUDIT quinn 554 fine/one_hand_up_back/013 hard 0 queries 44447
EQUIPMENT AUDIT quinn 555 fine/one_hand_up_back/014 hard 0 queries 44447
EQUIPMENT AUDIT quinn 556 fine/one_hand_up_back/015 hard 0 queries 44575
EQUIPMENT AUDIT quinn 557 fine/one_hand_up_back/016 hard 0 queries 44575
EQUIPMENT AUDIT quinn 558 fine/one_hand_up_back/017 hard 0 queries 44703
EQUIPMENT AUDIT quinn 559 fine/one_hand_up_back/018 hard 0 queries 44703
EQUIPMENT AUDIT quinn 560 fine/one_hand_up_back/019 hard 0 queries 44831
EQUIPMENT AUDIT quinn 561 fine/one_hand_up_back/020 hard 0 queries 44831
EQUIPMENT AUDIT quinn 562 fine/one_hand_up_back/021 hard 0 queries 44959
EQUIPMENT AUDIT quinn 563 fine/one_hand_up_back/022 hard 0 queries 44959
EQUIPMENT AUDIT quinn 564 fine/one_hand_up_back/023 hard 0 queries 45087
EQUIPMENT AUDIT quinn 565 fine/one_hand_up_back/024 hard 0 queries 45087
EQUIPMENT AUDIT quinn 566 fine/one_hand_up_back/025 hard 0 queries 45215
EQUIPMENT AUDIT quinn 567 fine/one_hand_up_back/026 hard 0 queries 45215
EQUIPMENT AUDIT quinn 568 fine/touch_back_head/000 hard 0 queries 45215
EQUIPMENT AUDIT quinn 569 fine/touch_back_head/001 hard 0 queries 45345
EQUIPMENT AUDIT quinn 570 fine/touch_back_head/002 hard 0 queries 45473
EQUIPMENT AUDIT quinn 571 fine/touch_back_head/003 hard 0 queries 45473
EQUIPMENT AUDIT quinn 572 fine/touch_back_head/004 hard 0 queries 45601
EQUIPMENT AUDIT quinn 573 fine/touch_back_head/005 hard 0 queries 45601
EQUIPMENT AUDIT quinn 574 fine/touch_back_head/006 hard 0 queries 45601
EQUIPMENT AUDIT quinn 575 fine/touch_back_head/007 hard 0 queries 45729
EQUIPMENT AUDIT quinn 576 fine/touch_back_head/008 hard 0 queries 45857
EQUIPMENT AUDIT quinn 577 fine/touch_back_head/009 hard 0 queries 45857
EQUIPMENT AUDIT quinn 578 fine/touch_back_head/010 hard 0 queries 45857
EQUIPMENT AUDIT quinn 579 fine/touch_back_head/011 hard 0 queries 45985
EQUIPMENT AUDIT quinn 580 fine/touch_back_head/012 hard 0 queries 45985
EQUIPMENT AUDIT quinn 581 fine/touch_back_head/013 hard 0 queries 46113
EQUIPMENT AUDIT quinn 582 fine/touch_back_head/014 hard 0 queries 46241
EQUIPMENT AUDIT quinn 583 fine/touch_back_head/015 hard 0 queries 46241
EQUIPMENT AUDIT quinn 584 fine/touch_back_head/016 hard 0 queries 46369
EQUIPMENT AUDIT quinn 585 fine/touch_back_head/017 hard 0 queries 46497
EQUIPMENT AUDIT quinn 586 fine/touch_back_head/018 hard 0 queries 46497
EQUIPMENT AUDIT quinn 587 fine/touch_back_head/019 hard 0 queries 46625
EQUIPMENT AUDIT quinn 588 fine/touch_back_head/020 hard 0 queries 46625
EQUIPMENT AUDIT quinn 589 fine/touch_back_head/021 hard 0 queries 46625
EQUIPMENT AUDIT quinn 590 fine/touch_back_head/022 hard 0 queries 46753
EQUIPMENT AUDIT quinn 591 fine/touch_back_head/023 hard 0 queries 46881
EQUIPMENT AUDIT quinn 592 fine/touch_back_head/024 hard 0 queries 46881
EQUIPMENT AUDIT quinn 593 fine/touch_back_head/025 hard 0 queries 46881
EQUIPMENT AUDIT quinn 594 fine/touch_back_head/026 hard 0 queries 47009
EQUIPMENT AUDIT quinn 595 fine/touch_back_head/027 hard 0 queries 47009
EQUIPMENT AUDIT quinn 596 fine/touch_back_head/028 hard 0 queries 47137
EQUIPMENT AUDIT quinn 597 fine/touch_back_head/029 hard 0 queries 47265
EQUIPMENT AUDIT quinn 598 fine/touch_back_head/030 hard 0 queries 47265
EQUIPMENT AUDIT quinn 599 fine/kneeling/000 hard 0 queries 47265
EQUIPMENT AUDIT quinn 600 fine/kneeling/001 hard 0 queries 47395
EQUIPMENT AUDIT quinn 601 fine/kneeling/002 hard 0 queries 47525
EQUIPMENT AUDIT quinn 602 fine/kneeling/003 hard 0 queries 47655
EQUIPMENT AUDIT quinn 603 fine/kneeling/004 hard 0 queries 47785
EQUIPMENT AUDIT quinn 604 fine/kneeling/005 hard 0 queries 47915
EQUIPMENT AUDIT quinn 605 fine/kneeling/006 hard 0 queries 48045
EQUIPMENT AUDIT quinn 606 fine/kneeling/007 hard 0 queries 48177
EQUIPMENT AUDIT quinn 607 fine/kneeling/008 hard 0 queries 48311
EQUIPMENT AUDIT quinn 608 fine/kneeling/009 hard 0 queries 48447
EQUIPMENT AUDIT quinn 609 fine/kneeling/010 hard 0 queries 48583
EQUIPMENT AUDIT quinn 610 fine/kneeling/011 hard 0 queries 48719
EQUIPMENT AUDIT quinn 611 fine/kneeling/012 hard 0 queries 48859
EQUIPMENT AUDIT quinn 612 fine/kneeling/013 hard 0 queries 48999
EQUIPMENT AUDIT quinn 613 fine/kneeling/014 hard 0 queries 49139
EQUIPMENT AUDIT quinn 614 fine/kneeling/015 hard 0 queries 49279
EQUIPMENT AUDIT quinn 615 fine/kneeling/016 hard 0 queries 49419
EQUIPMENT AUDIT quinn 616 fine/kneeling/017 hard 0 queries 49559
EQUIPMENT AUDIT quinn 617 fine/kneeling/018 hard 0 queries 49699
EQUIPMENT AUDIT quinn 618 fine/kneeling/019 hard 0 queries 49839
EQUIPMENT AUDIT quinn 619 fine/kneeling/020 hard 0 queries 49977
EQUIPMENT AUDIT quinn 620 fine/kneeling/021 hard 0 queries 50115
EQUIPMENT AUDIT quinn 621 fine/kneeling/022 hard 0 queries 50253
EQUIPMENT AUDIT quinn 622 fine/kneeling/023 hard 0 queries 50391
EQUIPMENT AUDIT quinn 623 fine/kneeling/024 hard 0 queries 50533
EQUIPMENT AUDIT quinn 624 fine/kneeling/025 hard 0 queries 50675
EQUIPMENT AUDIT quinn 625 fine/kneeling/026 hard 0 queries 50675
EQUIPMENT AUDIT quinn 626 fine/trunk_bend_twist/000 hard 0 queries 50675
EQUIPMENT AUDIT quinn 627 fine/trunk_bend_twist/001 hard 0 queries 50996
EQUIPMENT AUDIT quinn 628 fine/trunk_bend_twist/002 hard 0 queries 51367
EQUIPMENT AUDIT quinn 629 fine/trunk_bend_twist/003 hard 0 queries 51754
EQUIPMENT AUDIT quinn 630 fine/trunk_bend_twist/004 hard 0 queries 52163
EQUIPMENT AUDIT quinn 631 fine/trunk_bend_twist/005 hard 0 queries 52599
EQUIPMENT AUDIT quinn 632 fine/trunk_bend_twist/006 hard 0 queries 53047
EQUIPMENT AUDIT quinn 633 fine/trunk_bend_twist/007 hard 0 queries 53047
EQUIPMENT AUDIT quinn 634 fine/shoulder_extend_internal/000 hard 0 queries 53047
EQUIPMENT AUDIT quinn 635 fine/shoulder_extend_internal/001 hard 0 queries 53047
EQUIPMENT AUDIT quinn 636 fine/shoulder_extend_internal/002 hard 0 queries 53047
EQUIPMENT AUDIT quinn 637 fine/shoulder_extend_internal/003 hard 0 queries 53047
EQUIPMENT AUDIT quinn 638 fine/shoulder_extend_internal/004 hard 0 queries 53047
EQUIPMENT AUDIT quinn 639 fine/shoulder_extend_internal/005 hard 0 queries 53047
EQUIPMENT AUDIT quinn 640 fine/shoulder_extend_internal/006 hard 0 queries 53047
EQUIPMENT AUDIT quinn 641 fine/shoulder_extend_internal/007 hard 0 queries 53047
EQUIPMENT AUDIT quinn 642 fine/shoulder_extend_internal/008 hard 0 queries 53047
EQUIPMENT AUDIT quinn 643 fine/shoulder_extend_internal/009 hard 0 queries 53047
EQUIPMENT AUDIT quinn 644 fine/shoulder_extend_internal/010 hard 0 queries 53047
EQUIPMENT AUDIT quinn 645 fine/shoulder_extend_internal/011 hard 0 queries 53047
EQUIPMENT AUDIT quinn 646 fine/shoulder_extend_internal/012 hard 0 queries 53047
EQUIPMENT AUDIT quinn 647 fine/shoulder_extend_internal/013 hard 0 queries 53047
EQUIPMENT AUDIT quinn 648 fine/shoulder_extend_internal/014 hard 0 queries 53047
EQUIPMENT AUDIT quinn 649 fine/legs_together/000 hard 0 queries 53047
EQUIPMENT AUDIT quinn 650 fine/legs_together/001 hard 0 queries 53047
EQUIPMENT AUDIT quinn 651 fine/legs_together/002 hard 0 queries 53047
EQUIPMENT AUDIT quinn 652 fine/legs_together/003 hard 0 queries 53047
EQUIPMENT AUDIT quinn 653 fine/legs_together/004 hard 0 queries 53047
EQUIPMENT AUDIT quinn 654 fine/legs_together/005 hard 0 queries 53047
EQUIPMENT AUDIT quinn 655 fine/legs_together/006 hard 0 queries 53047
EQUIPMENT AUDIT quinn 656 fine/legs_together/007 hard 0 queries 53047
EQUIPMENT AUDIT quinn 657 fine/legs_crossed/000 hard 0 queries 53047
EQUIPMENT AUDIT quinn 658 fine/legs_crossed/001 hard 0 queries 53175
EQUIPMENT AUDIT quinn 659 fine/legs_crossed/002 hard 0 queries 53303
EQUIPMENT AUDIT quinn 660 fine/legs_crossed/003 hard 0 queries 53432
EQUIPMENT AUDIT quinn 661 fine/legs_crossed/004 hard 0 queries 53563
EQUIPMENT AUDIT quinn 662 fine/legs_crossed/005 hard 0 queries 53695
EQUIPMENT AUDIT quinn 663 fine/legs_crossed/006 hard 0 queries 53831
EQUIPMENT AUDIT quinn 664 fine/legs_crossed/007 hard 0 queries 53831
EQUIPMENT AUDIT quinn 665 fine/left_side_lying/000 hard 0 queries 53831
EQUIPMENT AUDIT quinn 666 fine/left_side_lying/001 hard 0 queries 53831
EQUIPMENT AUDIT quinn 667 fine/left_side_lying/002 hard 0 queries 53831
EQUIPMENT AUDIT quinn 668 fine/left_side_lying/003 hard 0 queries 53831
EQUIPMENT AUDIT quinn 669 fine/left_side_lying/004 hard 0 queries 53831
EQUIPMENT AUDIT quinn 670 fine/left_side_lying/005 hard 0 queries 53831
EQUIPMENT AUDIT quinn 671 fine/left_side_lying/006 hard 0 queries 53831
EQUIPMENT AUDIT quinn 672 fine/left_side_lying/007 hard 0 queries 53831
EQUIPMENT AUDIT quinn 673 fine/right_side_lying/000 hard 0 queries 53831
EQUIPMENT AUDIT quinn 674 fine/right_side_lying/001 hard 0 queries 53831
EQUIPMENT AUDIT quinn 675 fine/right_side_lying/002 hard 0 queries 53831
EQUIPMENT AUDIT quinn 676 fine/right_side_lying/003 hard 0 queries 53831
EQUIPMENT AUDIT quinn 677 fine/right_side_lying/004 hard 0 queries 53831
EQUIPMENT AUDIT quinn 678 fine/right_side_lying/005 hard 0 queries 53831
EQUIPMENT AUDIT quinn 679 fine/right_side_lying/006 hard 0 queries 53831
EQUIPMENT AUDIT quinn 680 fine/right_side_lying/007 hard 0 queries 53831
EQUIPMENT AUDIT quinn 681 fine/prone/000 hard 0 queries 53831
EQUIPMENT AUDIT quinn 682 fine/prone/001 hard 0 queries 53831
EQUIPMENT AUDIT quinn 683 fine/prone/002 hard 0 queries 53831
EQUIPMENT AUDIT quinn 684 fine/prone/003 hard 0 queries 53831
EQUIPMENT AUDIT quinn 685 fine/prone/004 hard 0 queries 53831
EQUIPMENT AUDIT quinn 686 fine/prone/005 hard 0 queries 53831
EQUIPMENT AUDIT quinn 687 fine/prone/006 hard 0 queries 53831
EQUIPMENT AUDIT quinn 688 fine/prone/007 hard 0 queries 53831
EQUIPMENT SUMMARY quinn 0 0
