[1/29] Linking C static library esp-idf\esp_driver_cam\libesp_driver_cam.a
[2/29] Linking C static library esp-idf\driver\libdriver.a
[3/29] Linking C static library esp-idf\esp_blockdev_util\libesp_blockdev_util.a
[4/29] Linking C static library esp-idf\esp_driver_ledc\libesp_driver_ledc.a
[5/29] Linking C static library esp-idf\esp_driver_pcnt\libesp_driver_pcnt.a
[6/29] Linking C static library esp-idf\esp_driver_mcpwm\libesp_driver_mcpwm.a
[7/29] Building C object esp-idf/main/CMakeFiles/__idf_main.dir/main.c.obj
[8/29] Linking C static library esp-idf\esp_driver_sdm\libesp_driver_sdm.a
[9/29] Linking C static library esp-idf\esp_driver_touch_sens\libesp_driver_touch_sens.a
[10/29] Linking C static library esp-idf\esp_driver_rmt\libesp_driver_rmt.a
[11/29] Linking C static library esp-idf\esp_driver_tsens\libesp_driver_tsens.a
[12/29] Linking C static library esp-idf\esp_driver_twai\libesp_driver_twai.a
[13/29] Linking C static library esp-idf\esp_eth\libesp_eth.a
[14/29] Linking C static library esp-idf\esp_hid\libesp_hid.a
[15/29] Linking C static library esp-idf\esp_lcd\libesp_lcd.a
[16/29] Linking C static library esp-idf\esp_local_ctrl\libesp_local_ctrl.a
[17/29] Linking C static library esp-idf\perfmon\libperfmon.a
[18/29] Linking C static library esp-idf\fatfs\libfatfs.a
[19/29] Linking C static library esp-idf\rt\librt.a
[20/29] Linking C static library esp-idf\main\libmain.a
[21/29] Linking C static library esp-idf\spiffs\libspiffs.a
[22/29] Performing build step for 'bootloader'
[1/158] Building C object esp-idf/log/CMakeFiles/__idf_log.dir/src/noos/log_timestamp.c.obj
[2/158] Building C object esp-idf/log/CMakeFiles/__idf_log.dir/src/log_timestamp_common.c.obj
[3/158] Building C object esp-idf/log/CMakeFiles/__idf_log.dir/src/noos/log_lock.c.obj
[4/158] Building C object esp-idf/log/CMakeFiles/__idf_log.dir/src/buffer/log_buffers.c.obj
[5/158] Building C object esp-idf/log/CMakeFiles/__idf_log.dir/src/noos/util.c.obj
[6/158] Building C object esp-idf/log/CMakeFiles/__idf_log.dir/src/util.c.obj
[7/158] Building C object esp-idf/log/CMakeFiles/__idf_log.dir/src/log_format_text.c.obj
[8/158] Building C object esp-idf/log/CMakeFiles/__idf_log.dir/src/log_print.c.obj
[9/158] Building C object esp-idf/log/CMakeFiles/__idf_log.dir/src/log.c.obj
[10/158] Building C object esp-idf/esp_rom/CMakeFiles/__idf_esp_rom.dir/patches/esp_rom_sys.c.obj
[11/158] Building C object esp-idf/esp_rom/CMakeFiles/__idf_esp_rom.dir/patches/esp_rom_crc.c.obj
[12/158] Building C object esp-idf/esp_rom/CMakeFiles/__idf_esp_rom.dir/patches/esp_rom_efuse.c.obj
[13/158] Building C object esp-idf/esp_rom/CMakeFiles/__idf_esp_rom.dir/patches/esp_rom_gpio.c.obj
[14/158] Building ASM object esp-idf/esp_rom/CMakeFiles/__idf_esp_rom.dir/patches/esp_rom_longjmp.S.obj
[15/158] Building ASM object esp-idf/esp_rom/CMakeFiles/__idf_esp_rom.dir/patches/esp_rom_cache_writeback_esp32s3.S.obj
[16/158] Building C object esp-idf/esp_rom/CMakeFiles/__idf_esp_rom.dir/patches/esp_rom_serial_output.c.obj
[17/158] Building C object esp-idf/esp_rom/CMakeFiles/__idf_esp_rom.dir/patches/esp_rom_spiflash.c.obj
[18/158] Building C object esp-idf/esp_rom/CMakeFiles/__idf_esp_rom.dir/patches/esp_rom_cache_esp32s2_esp32s3.c.obj
[19/158] Building C object esp-idf/esp_hw_support/CMakeFiles/__idf_esp_hw_support.dir/port/esp32s3/cpu_region_protect.c.obj
[20/158] Building C object esp-idf/esp_hw_support/CMakeFiles/__idf_esp_hw_support.dir/port/esp32s3/esp_cpu_intr.c.obj
[21/158] Building C object esp-idf/esp_rom/CMakeFiles/__idf_esp_rom.dir/patches/esp_rom_print.c.obj
[22/158] Building C object esp-idf/esp_hw_support/CMakeFiles/__idf_esp_hw_support.dir/esp_memory_utils.c.obj
[23/158] Building C object esp-idf/esp_common/CMakeFiles/__idf_esp_common.dir/src/esp_err_to_name.c.obj
[24/158] Building C object esp-idf/esp_hw_support/CMakeFiles/__idf_esp_hw_support.dir/cpu.c.obj
[25/158] Building C object esp-idf/esp_system/CMakeFiles/__idf_esp_system.dir/esp_err.c.obj
[26/158] Building C object esp-idf/esp_hw_support/CMakeFiles/__idf_esp_hw_support.dir/port/esp32s3/chip_info.c.obj
[27/158] Building C object esp-idf/efuse/CMakeFiles/__idf_efuse.dir/esp32s3/esp_efuse_fields.c.obj
[28/158] Building C object esp-idf/esp_hw_support/CMakeFiles/__idf_esp_hw_support.dir/port/esp32s3/rtc_clk_init.c.obj
[29/158] Building C object esp-idf/esp_hal_systimer/CMakeFiles/__idf_esp_hal_systimer.dir/systimer_hal.c.obj
[30/158] Building C object esp-idf/efuse/CMakeFiles/__idf_efuse.dir/esp32s3/esp_efuse_rtc_calib.c.obj
[31/158] Building C object esp-idf/efuse/CMakeFiles/__idf_efuse.dir/esp32s3/esp_efuse_table.c.obj
[32/158] Building C object esp-idf/efuse/CMakeFiles/__idf_efuse.dir/src/esp_efuse_fields.c.obj
[33/158] Building C object esp-idf/esp_hw_support/CMakeFiles/__idf_esp_hw_support.dir/port/esp32s3/rtc_time.c.obj
[34/158] Linking C static library esp-idf\log\liblog.a
[35/158] Building C object esp-idf/esp_hw_support/CMakeFiles/__idf_esp_hw_support.dir/port/esp32s3/rtc_sleep.c.obj
[36/158] Building C object esp-idf/esp_hw_support/CMakeFiles/__idf_esp_hw_support.dir/port/esp32s3/rtc_clk.c.obj
[37/158] Building C object esp-idf/bootloader_support/CMakeFiles/__idf_bootloader_support.dir/src/bootloader_clock_init.c.obj
[38/158] Building C object esp-idf/efuse/CMakeFiles/__idf_efuse.dir/esp32s3/esp_efuse_utility.c.obj
[39/158] Building C object esp-idf/efuse/CMakeFiles/__idf_efuse.dir/src/esp_efuse_api.c.obj
[40/158] Building C object esp-idf/esp_hw_support/CMakeFiles/__idf_esp_hw_support.dir/port/esp32s3/rtc_init.c.obj
[41/158] Building C object esp-idf/bootloader_support/CMakeFiles/__idf_bootloader_support.dir/src/bootloader_mem.c.obj
[42/158] Building C object esp-idf/bootloader_support/CMakeFiles/__idf_bootloader_support.dir/src/bootloader_random.c.obj
[43/158] Building C object esp-idf/efuse/CMakeFiles/__idf_efuse.dir/src/esp_efuse_utility.c.obj
[44/158] Building C object esp-idf/bootloader_support/CMakeFiles/__idf_bootloader_support.dir/src/secure_boot.c.obj
[45/158] Building C object esp-idf/efuse/CMakeFiles/__idf_efuse.dir/src/efuse_controller/keys/with_key_purposes/esp_efuse_api_key.c.obj
[46/158] Building C object esp-idf/bootloader_support/CMakeFiles/__idf_bootloader_support.dir/src/bootloader_clock_loader.c.obj
[47/158] Building C object esp-idf/bootloader_support/CMakeFiles/__idf_bootloader_support.dir/src/bootloader_efuse.c.obj
[48/158] Building C object esp-idf/bootloader_support/CMakeFiles/__idf_bootloader_support.dir/src/bootloader_random_esp32s3.c.obj
[49/158] Building C object esp-idf/bootloader_support/CMakeFiles/__idf_bootloader_support.dir/src/bootloader_reset_common.c.obj
[50/158] Building C object esp-idf/bootloader_support/CMakeFiles/__idf_bootloader_support.dir/src/bootloader_common.c.obj
[51/158] Building C object esp-idf/bootloader_support/CMakeFiles/__idf_bootloader_support.dir/src/flash_partitions.c.obj
[52/158] Building C object esp-idf/bootloader_support/CMakeFiles/__idf_bootloader_support.dir/src/flash_encrypt.c.obj
[53/158] Building C object esp-idf/bootloader_support/CMakeFiles/__idf_bootloader_support.dir/src/bootloader_console_loader.c.obj
[54/158] Building C object esp-idf/bootloader_support/CMakeFiles/__idf_bootloader_support.dir/src/bootloader_sha.c.obj
[55/158] Building C object esp-idf/bootloader_support/CMakeFiles/__idf_bootloader_support.dir/src/bootloader_common_loader.c.obj
[56/158] Building C object esp-idf/bootloader_support/CMakeFiles/__idf_bootloader_support.dir/src/bootloader_console.c.obj
[57/158] Building C object esp-idf/esp_security/CMakeFiles/__idf_esp_security.dir/src/esp_crypto_lock.c.obj
[58/158] Building C object esp-idf/esp_security/CMakeFiles/__idf_esp_security.dir/src/esp32s3/esp_crypto_clk.c.obj
[59/158] Building C object esp-idf/bootloader_support/CMakeFiles/__idf_bootloader_support.dir/bootloader_flash/src/flash_qio_mode.c.obj
[60/158] Building C object esp-idf/bootloader_support/CMakeFiles/__idf_bootloader_support.dir/src/esp32s3/bootloader_soc.c.obj
[61/158] Building C object esp-idf/esp_hal_ana_conv/CMakeFiles/__idf_esp_hal_ana_conv.dir/esp32s3/adc_periph.c.obj
[62/158] Building C object esp-idf/bootloader_support/CMakeFiles/__idf_bootloader_support.dir/src/bootloader_panic.c.obj
[63/158] Building C object esp-idf/bootloader_support/CMakeFiles/__idf_bootloader_support.dir/bootloader_flash/src/bootloader_flash_config_esp32s3.c.obj
[64/158] Building C object esp-idf/esp_hal_security/CMakeFiles/__idf_esp_hal_security.dir/mpu_hal.c.obj
[65/158] Building C object esp-idf/esp_hal_ana_conv/CMakeFiles/__idf_esp_hal_ana_conv.dir/esp32s3/temperature_sensor_periph.c.obj
[66/158] Building C object esp-idf/bootloader_support/CMakeFiles/__idf_bootloader_support.dir/bootloader_flash/src/bootloader_flash.c.obj
[67/158] Building C object esp-idf/esp_security/CMakeFiles/__idf_esp_security.dir/src/esp_crypto_periph_clk.c.obj
[68/158] Building C object esp-idf/esp_hal_wdt/CMakeFiles/__idf_esp_hal_wdt.dir/esp32s3/mwdt_periph.c.obj
[69/158] Linking C static library esp-idf\esp_rom\libesp_rom.a
[70/158] Building C object esp-idf/esp_hal_timg/CMakeFiles/__idf_esp_hal_timg.dir/esp32s3/timer_periph.c.obj
[71/158] Building C object esp-idf/bootloader_support/CMakeFiles/__idf_bootloader_support.dir/src/bootloader_init.c.obj
[72/158] Building C object esp-idf/esp_hal_ana_conv/CMakeFiles/__idf_esp_hal_ana_conv.dir/temperature_sensor_hal.c.obj
[73/158] Building C object esp-idf/bootloader_support/CMakeFiles/__idf_bootloader_support.dir/src/esp32s3/bootloader_esp32s3.c.obj
[74/158] Building C object esp-idf/bootloader_support/CMakeFiles/__idf_bootloader_support.dir/src/bootloader_utility.c.obj
[75/158] Building C object esp-idf/bootloader_support/CMakeFiles/__idf_bootloader_support.dir/src/esp_image_format.c.obj
[76/158] Building C object esp-idf/esp_hal_ana_conv/CMakeFiles/__idf_esp_hal_ana_conv.dir/adc_oneshot_hal.c.obj
[77/158] Building C object esp-idf/esp_bootloader_format/CMakeFiles/__idf_esp_bootloader_format.dir/esp_bootloader_desc.c.obj
[78/158] Building C object esp-idf/esp_hal_wdt/CMakeFiles/__idf_esp_hal_wdt.dir/xt_wdt_hal.c.obj
[79/158] Building C object esp-idf/esp_hal_wdt/CMakeFiles/__idf_esp_hal_wdt.dir/rom_patch.c.obj
[80/158] Building C object esp-idf/esp_hal_ana_conv/CMakeFiles/__idf_esp_hal_ana_conv.dir/adc_hal.c.obj
[81/158] Building C object esp-idf/esp_hal_timg/CMakeFiles/__idf_esp_hal_timg.dir/timer_hal.c.obj
[82/158] Building C object esp-idf/esp_hal_gpspi/CMakeFiles/__idf_esp_hal_gpspi.dir/spi_slave_hal.c.obj
[83/158] Building C object esp-idf/esp_hal_dma/CMakeFiles/__idf_esp_hal_dma.dir/esp32s3/gdma_periph.c.obj
[84/158] Building C object esp-idf/esp_hal_uart/CMakeFiles/__idf_esp_hal_uart.dir/esp32s3/uart_periph.c.obj
[85/158] Building C object esp-idf/esp_hal_dma/CMakeFiles/__idf_esp_hal_dma.dir/gdma_hal_top.c.obj
[86/158] Building C object esp-idf/esp_hal_mspi/CMakeFiles/__idf_esp_hal_mspi.dir/esp32s3/mspi_periph.c.obj
[87/158] Building C object esp-idf/esp_hal_gpspi/CMakeFiles/__idf_esp_hal_gpspi.dir/esp32s3/spi_periph.c.obj
[88/158] Building C object esp-idf/esp_hal_uart/CMakeFiles/__idf_esp_hal_uart.dir/uart_hal_iram.c.obj
[89/158] Building C object esp-idf/esp_hal_clock/CMakeFiles/__idf_esp_hal_clock.dir/esp32s3/clk_tree_hal.c.obj
[90/158] Building C object esp-idf/esp_hal_ana_conv/CMakeFiles/__idf_esp_hal_ana_conv.dir/adc_hal_common.c.obj
[91/158] Building C object esp-idf/esp_hal_gpspi/CMakeFiles/__idf_esp_hal_gpspi.dir/spi_hal.c.obj
[92/158] Building C object esp-idf/esp_hal_pmu/CMakeFiles/__idf_esp_hal_pmu.dir/brownout_hal.c.obj
[93/158] Building C object esp-idf/spi_flash/CMakeFiles/__idf_spi_flash.dir/spi_flash_wrap.c.obj
[94/158] Building C object esp-idf/esp_hal_uart/CMakeFiles/__idf_esp_hal_uart.dir/uhci_hal.c.obj
[95/158] Building C object esp-idf/esp_hal_usb/CMakeFiles/__idf_esp_hal_usb.dir/esp32s3/usb_dwc_periph.c.obj
[96/158] Building C object esp-idf/esp_hal_gpio/CMakeFiles/__idf_esp_hal_gpio.dir/esp32s3/dedic_gpio_periph.c.obj
[97/158] Building C object esp-idf/esp_hal_gpspi/CMakeFiles/__idf_esp_hal_gpspi.dir/spi_slave_hal_iram.c.obj
[98/158] Building C object esp-idf/esp_hal_uart/CMakeFiles/__idf_esp_hal_uart.dir/uart_hal.c.obj
[99/158] Linking C static library esp-idf\esp_common\libesp_common.a
[100/158] Building C object esp-idf/esp_hal_gpio/CMakeFiles/__idf_esp_hal_gpio.dir/gpio_hal.c.obj
[101/158] Building C object esp-idf/esp_hal_dma/CMakeFiles/__idf_esp_hal_dma.dir/gdma_hal_ahb_v1.c.obj
[102/158] Building C object esp-idf/esp_hal_gpio/CMakeFiles/__idf_esp_hal_gpio.dir/esp32s3/rtc_io_periph.c.obj
[103/158] Building C object esp-idf/esp_hal_gpspi/CMakeFiles/__idf_esp_hal_gpspi.dir/spi_slave_hd_hal.c.obj
[104/158] Building C object esp-idf/esp_hal_gpio/CMakeFiles/__idf_esp_hal_gpio.dir/sdm_hal.c.obj
[105/158] Building C object esp-idf/esp_hal_pmu/CMakeFiles/__idf_esp_hal_pmu.dir/esp32s3/rtc_cntl_hal.c.obj
[106/158] Generating project_elf_src_esp32s3.c
[107/158] Building C object esp-idf/esp_hal_usb/CMakeFiles/__idf_esp_hal_usb.dir/usb_serial_jtag_hal.c.obj
[108/158] Building C object esp-idf/esp_hal_usb/CMakeFiles/__idf_esp_hal_usb.dir/usb_dwc_hal.c.obj
[109/158] Building C object esp-idf/esp_hal_gpspi/CMakeFiles/__idf_esp_hal_gpspi.dir/spi_hal_iram.c.obj
[110/158] Building C object esp-idf/esp_hal_usb/CMakeFiles/__idf_esp_hal_usb.dir/usb_wrap_hal.c.obj
[111/158] Building C object esp-idf/esp_hal_gpio/CMakeFiles/__idf_esp_hal_gpio.dir/rtc_io_hal.c.obj
[112/158] Building C object esp-idf/hal/CMakeFiles/__idf_hal.dir/hal_utils.c.obj
[113/158] Building C object esp-idf/esp_hal_gpio/CMakeFiles/__idf_esp_hal_gpio.dir/esp32s3/sdm_periph.c.obj
[114/158] Building C object esp-idf/soc/CMakeFiles/__idf_soc.dir/dport_access_common.c.obj
[115/158] Building C object esp-idf/soc/CMakeFiles/__idf_soc.dir/lldesc.c.obj
[116/158] Building C object esp-idf/hal/CMakeFiles/__idf_hal.dir/efuse_hal.c.obj
[117/158] Building C object esp-idf/soc/CMakeFiles/__idf_soc.dir/esp32s3/interrupts.c.obj
[118/158] Building C object esp-idf/soc/CMakeFiles/__idf_soc.dir/esp32s3/power_supply_periph.c.obj
[119/158] Building C object esp-idf/soc/CMakeFiles/__idf_soc.dir/esp32s3/mpi_periph.c.obj
[120/158] Building C object esp-idf/soc/CMakeFiles/__idf_soc.dir/esp32s3/gpio_periph.c.obj
[121/158] Preprocessing linker script D:/ProgramFiles/esp/v6.1/esp-idf/components/bootloader/subproject/main/ld/esp32s3/bootloader.memory.ld.in -> E:/UnrealProjects/PoseDollLab_UE58_Design/PoseDoll_HW44_Plan/design/.local/build-o15-c1/G0/bootloader/ld/bootloader.memory.ld
[122/158] Preprocessing linker script D:/ProgramFiles/esp/v6.1/esp-idf/components/bootloader/subproject/main/ld/esp32s3/bootloader.sections.ld.in -> E:/UnrealProjects/PoseDollLab_UE58_Design/PoseDoll_HW44_Plan/design/.local/build-o15-c1/G0/bootloader/ld/bootloader.sections.ld
[123/158] Building C object esp-idf/xtensa/CMakeFiles/__idf_xtensa.dir/eri.c.obj
[124/158] Building C object esp-idf/hal/CMakeFiles/__idf_hal.dir/mmu_hal.c.obj
[125/158] Building C object esp-idf/xtensa/CMakeFiles/__idf_xtensa.dir/xt_trax.c.obj
[126/158] Building C object esp-idf/hal/CMakeFiles/__idf_hal.dir/esp32s3/efuse_hal.c.obj
[127/158] Building C object esp-idf/micro-ecc/CMakeFiles/__idf_micro-ecc.dir/uECC_verify_antifault.c.obj
[128/158] Building C object esp-idf/hal/CMakeFiles/__idf_hal.dir/cache_hal.c.obj
[129/158] Linking C static library esp-idf\esp_hw_support\libesp_hw_support.a
[130/158] Building C object CMakeFiles/bootloader.elf.dir/project_elf_src_esp32s3.c.obj
[131/158] Building C object esp-idf/main/CMakeFiles/__idf_main.dir/bootloader_start.c.obj
[132/158] Linking C static library esp-idf\esp_system\libesp_system.a
[133/158] Linking C static library esp-idf\esp_hal_systimer\libesp_hal_systimer.a
[134/158] Linking C static library esp-idf\efuse\libefuse.a
[135/158] Linking C static library esp-idf\bootloader_support\libbootloader_support.a
[136/158] Linking C static library esp-idf\esp_security\libesp_security.a
[137/158] Linking C static library esp-idf\esp_hal_security\libesp_hal_security.a
[138/158] Linking C static library esp-idf\esp_hal_ana_conv\libesp_hal_ana_conv.a
[139/158] Linking C static library esp-idf\esp_hal_wdt\libesp_hal_wdt.a
[140/158] Linking C static library esp-idf\esp_hal_timg\libesp_hal_timg.a
[141/158] Linking C static library esp-idf\micro-ecc\libmicro-ecc.a
[142/158] Linking C static library esp-idf\esp_bootloader_format\libesp_bootloader_format.a
[143/158] Linking C static library esp-idf\spi_flash\libspi_flash.a
[144/158] Linking C static library esp-idf\esp_hal_mspi\libesp_hal_mspi.a
[145/158] Linking C static library esp-idf\esp_hal_clock\libesp_hal_clock.a
[146/158] Linking C static library esp-idf\esp_hal_gpspi\libesp_hal_gpspi.a
[147/158] Linking C static library esp-idf\esp_hal_dma\libesp_hal_dma.a
[148/158] Linking C static library esp-idf\esp_hal_uart\libesp_hal_uart.a
[149/158] Linking C static library esp-idf\esp_hal_pmu\libesp_hal_pmu.a
[150/158] Linking C static library esp-idf\esp_hal_usb\libesp_hal_usb.a
[151/158] Linking C static library esp-idf\esp_hal_gpio\libesp_hal_gpio.a
[152/158] Linking C static library esp-idf\hal\libhal.a
[153/158] Linking C static library esp-idf\soc\libsoc.a
[154/158] Linking C static library esp-idf\xtensa\libxtensa.a
[155/158] Linking C static library esp-idf\main\libmain.a
[156/158] Linking C executable bootloader.elf
[157/158] Generating binary image from built executable
esptool v5.3.1

Creating ESP32-S3 image...

Merged 2 ELF sections.

Successfully created ESP32-S3 image.

Generated E:/UnrealProjects/PoseDollLab_UE58_Design/PoseDoll_HW44_Plan/design/.local/build-o15-c1/G0/bootloader/bootloader.bin
[158/158] C:\Windows\system32\cmd.exe /C "cd /D E:\UnrealProjects\PoseDollLab_UE58_Design\PoseDoll_HW44_Plan\design\.local\build-o15-c1\G0\bootloader && C:\Espressif\tools\python\v6.1\venv\Scripts\python.exe D:/ProgramFiles/esp/v6.1/esp-idf/components/partition_table/check_sizes.py --offset 0x8000 bootloader 0x0 E:/UnrealProjects/PoseDollLab_UE58_Design/PoseDoll_HW44_Plan/design/.local/build-o15-c1/G0/bootloader/bootloader.bin"

Bootloader binary size 0x5290 bytes. 0x2d70 bytes (35%) free.


[23/29] No install step for 'bootloader'
[24/29] Completed 'bootloader'
[25/29] Generating esp-idf/esp_system/ld/sections.ld
NOTE: 
D:/ProgramFiles/esp/v6.1/esp-idf/components/bt/host/nimble/Kconfig.in:1428: 
BT_NIMBLE_MESH_PROVISIONER: 'default 0' is not a valid bool value (only 'y' and
'n' are allowed). Value is treated as 'n'.
NOTE: D:/ProgramFiles/esp/v6.1/esp-idf/components/fatfs/Kconfig:240: 
FATFS_PRINT_LLI: 'default 0' is not a valid bool value (only 'y' and 'n' are 
allowed). Value is treated as 'n'.
NOTE: D:/ProgramFiles/esp/v6.1/esp-idf/components/fatfs/Kconfig:245: 
FATFS_PRINT_FLOAT: 'default 0' is not a valid bool value (only 'y' and 'n' are 

allowed). Value is treated as 'n'.

[26/29] Building C object CMakeFiles/posedoll_o15_raw46.elf.dir/project_elf_src_esp32s3.c.obj
[27/29] Linking CXX executable posedoll_o15_raw46.elf
[28/29] Generating binary image from built executable
esptool v5.3.1

Creating ESP32-S3 image...

Merged 3 ELF sections.

Successfully created ESP32-S3 image.

Generated E:/UnrealProjects/PoseDollLab_UE58_Design/PoseDoll_HW44_Plan/design/.local/build-o15-c1/G0/posedoll_o15_raw46.bin
[29/29] C:\Windows\system32\cmd.exe /C "cd /D E:\UnrealProjects\PoseDollLab_UE58_Design\PoseDoll_HW44_Plan\design\.local\build-o15-c1\G0 && C:\Espressif\tools\python\v6.1\venv\Scripts\python.exe D:/ProgramFiles/esp/v6.1/esp-idf/components/partition_table/check_sizes.py --offset 0x8000 partition --type app E:/UnrealProjects/PoseDollLab_UE58_Design/PoseDoll_HW44_Plan/design/.local/build-o15-c1/G0/partition_table/partition-table.bin E:/UnrealProjects/PoseDollLab_UE58_Design/PoseDoll_HW44_Plan/design/.local/build-o15-c1/G0/posedoll_o15_raw46.bin"
posedoll_o15_raw46.bin binary size 0xb0690 bytes. Smallest app partition is 0x100000 bytes. 0x4f970 bytes (31%) free.

Executing action: all (aliases: build)
Running ninja in directory E:\UnrealProjects\PoseDollLab_UE58_Design\PoseDoll_HW44_Plan\design\.local\build-o15-c1\G0
Executing "ninja -j 4 all"...


Project build complete. To flash, run:
 idf.py flash
or
 idf.py -p PORT flash
or
 python -m esptool --chip esp32s3 -b 460800 --before default-reset --after hard-reset write-flash --flash-mode dio --flash-size 8MB --flash-freq 80m 0x0 ..\..\..\.local\build-o15-c1\G0\bootloader\bootloader.bin 0x8000 ..\..\..\.local\build-o15-c1\G0\partition_table\partition-table.bin 0x10000 ..\..\..\.local\build-o15-c1\G0\posedoll_o15_raw46.bin
or from the "E:\UnrealProjects\PoseDollLab_UE58_Design\PoseDoll_HW44_Plan\design\.local\build-o15-c1\G0" directory
 python -m esptool --chip esp32s3 -b 460800 --before default-reset --after hard-reset write-flash "@flash_args"
