kinematics quinn neutral fail 0
kinematics quinn arms_forward fail 0
kinematics quinn arms_overhead fail 0
kinematics quinn arms_side fail 0
kinematics quinn hands_on_hips fail 0
kinematics quinn arms_crossed fail 0
kinematics quinn forehead fail 0
kinematics quinn sitting fail 0
kinematics quinn crouch fail 0
kinematics quinn head_tilt fail 0
kinematics quinn hip_abduction fail 0
kinematics quinn palms_turn fail 0
kinematics quinn hands_low_behind fail 0
kinematics quinn one_hand_up_back fail 0
kinematics quinn touch_back_head fail 0
kinematics quinn kneeling fail 0
kinematics quinn trunk_bend_twist fail 0
kinematics quinn shoulder_extend_internal fail 0
kinematics quinn legs_together fail 0
kinematics quinn legs_crossed fail 0
kinematics quinn left_side_lying fail 0
kinematics quinn right_side_lying fail 0
kinematics quinn prone fail 0
kinematics manny neutral fail 0
kinematics manny arms_forward fail 0
kinematics manny arms_overhead fail 0
kinematics manny arms_side fail 0
kinematics manny hands_on_hips fail 0
kinematics manny arms_crossed fail 0
kinematics manny forehead fail 0
kinematics manny sitting fail 0
kinematics manny crouch fail 0
kinematics manny head_tilt fail 0
kinematics manny hip_abduction fail 0
kinematics manny palms_turn fail 0
kinematics manny hands_low_behind fail 0
kinematics manny one_hand_up_back fail 0
kinematics manny touch_back_head fail 0
kinematics manny kneeling fail 0
kinematics manny trunk_bend_twist fail 0
kinematics manny shoulder_extend_internal fail 0
kinematics manny legs_together fail 0
kinematics manny legs_crossed fail 0
kinematics manny left_side_lying fail 0
kinematics manny right_side_lying fail 0
kinematics manny prone fail 0
FAULTS 276 276
