{'character': 'quinn', 'raw_axis': 'waist/r0', 'cross_product_Nm': 0.34118156711423214, 'potential_derivative_Nm': np.float64(0.15963795682102766), 'absolute_error_Nm': np.float64(0.18154361029320448), 'pass': np.False_}
{'character': 'quinn', 'raw_axis': 'waist/r1', 'cross_product_Nm': -0.11986582675199811, 'potential_derivative_Nm': np.float64(-0.11899253815135499), 'absolute_error_Nm': np.float64(0.0008732886006431184), 'pass': np.False_}
{'character': 'quinn', 'raw_axis': 'waist/r2', 'cross_product_Nm': -1.3519576819635792e-17, 'potential_derivative_Nm': np.float64(-0.0), 'absolute_error_Nm': np.float64(1.3519576819635792e-17), 'pass': np.True_}
{'character': 'quinn', 'raw_axis': 'chest/r0', 'cross_product_Nm': -1.0006800708681018, 'potential_derivative_Nm': np.float64(-1.3854891314035378), 'absolute_error_Nm': np.float64(0.38480906053543595), 'pass': np.False_}
{'character': 'quinn', 'raw_axis': 'chest/r1', 'cross_product_Nm': 1.5604985898470918, 'potential_derivative_Nm': np.float64(2.2283452534910824), 'absolute_error_Nm': np.float64(0.6678466636439906), 'pass': np.False_}
{'character': 'quinn', 'raw_axis': 'chest/r2', 'cross_product_Nm': -0.509201225188974, 'potential_derivative_Nm': np.float64(-0.7871701850002528), 'absolute_error_Nm': np.float64(0.2779689598112788), 'pass': np.False_}
{'character': 'quinn', 'raw_axis': 'head/r0', 'cross_product_Nm': 0.0, 'potential_derivative_Nm': np.float64(-0.0), 'absolute_error_Nm': np.float64(0.0), 'pass': np.True_}
{'character': 'quinn', 'raw_axis': 'head/r1', 'cross_product_Nm': -0.04809813918221225, 'potential_derivative_Nm': np.float64(-0.048098141217042895), 'absolute_error_Nm': np.float64(2.0348306442596886e-09), 'pass': np.True_}
{'character': 'quinn', 'raw_axis': 'head/r2', 'cross_product_Nm': 4.901957621500244e-07, 'potential_derivative_Nm': np.float64(4.926043090650694e-07), 'absolute_error_Nm': np.float64(2.4085469150449808e-09), 'pass': np.True_}
{'character': 'quinn', 'raw_axis': 'head/r3', 'cross_product_Nm': 0.0, 'potential_derivative_Nm': np.float64(-0.0), 'absolute_error_Nm': np.float64(0.0), 'pass': np.True_}
{'character': 'quinn', 'raw_axis': 'upperarm_l/r0', 'cross_product_Nm': -0.5812824851720796, 'potential_derivative_Nm': np.float64(-0.5812824971030841), 'absolute_error_Nm': np.float64(1.1931004517684585e-08), 'pass': np.True_}
{'character': 'quinn', 'raw_axis': 'upperarm_l/r1', 'cross_product_Nm': -0.051955199491440486, 'potential_derivative_Nm': np.float64(-0.05195520445925244), 'absolute_error_Nm': np.float64(4.9678119534712906e-09), 'pass': np.True_}
{'character': 'quinn', 'raw_axis': 'upperarm_l/r2', 'cross_product_Nm': 0.07847319603215827, 'potential_derivative_Nm': np.float64(0.078473222113693), 'absolute_error_Nm': np.float64(2.6081534723609856e-08), 'pass': np.True_}
{'character': 'quinn', 'raw_axis': 'upperarm_l/r3', 'cross_product_Nm': -0.006031149261619887, 'potential_derivative_Nm': np.float64(-0.006031154040273267), 'absolute_error_Nm': np.float64(4.778653380117792e-09), 'pass': np.True_}
{'character': 'quinn', 'raw_axis': 'upperarm_r/r0', 'cross_product_Nm': 0.6242737876544783, 'potential_derivative_Nm': np.float64(-0.6242737789147245), 'absolute_error_Nm': np.float64(1.2485475665692027), 'pass': np.False_}
{'character': 'quinn', 'raw_axis': 'upperarm_r/r1', 'cross_product_Nm': 0.042716807747989416, 'potential_derivative_Nm': np.float64(-0.04271680757596131), 'absolute_error_Nm': np.float64(0.08543361532395072), 'pass': np.False_}
{'character': 'quinn', 'raw_axis': 'upperarm_r/r2', 'cross_product_Nm': -0.1084465657399254, 'potential_derivative_Nm': np.float64(0.10844658419630052), 'absolute_error_Nm': np.float64(0.2168931499362259), 'pass': np.False_}
{'character': 'quinn', 'raw_axis': 'upperarm_r/r3', 'cross_product_Nm': 0.020083665922282026, 'potential_derivative_Nm': np.float64(-0.02008366291608753), 'absolute_error_Nm': np.float64(0.040167328838369556), 'pass': np.False_}
{'character': 'quinn', 'raw_axis': 'thigh_l/r0', 'cross_product_Nm': -0.17172637626217596, 'potential_derivative_Nm': np.float64(0.17172637700106463), 'absolute_error_Nm': np.float64(0.3434527532632406), 'pass': np.False_}
{'character': 'quinn', 'raw_axis': 'thigh_l/r1', 'cross_product_Nm': -0.08014052441443353, 'potential_derivative_Nm': np.float64(0.08014051671325857), 'absolute_error_Nm': np.float64(0.1602810411276921), 'pass': np.False_}
{'character': 'quinn', 'raw_axis': 'thigh_l/r2', 'cross_product_Nm': 0.005182935973331929, 'potential_derivative_Nm': np.float64(-0.005182938273383124), 'absolute_error_Nm': np.float64(0.010365874246715052), 'pass': np.False_}
{'character': 'quinn', 'raw_axis': 'thigh_l/r3', 'cross_product_Nm': 0.012437361948642499, 'potential_derivative_Nm': np.float64(-0.012437367230804696), 'absolute_error_Nm': np.float64(0.024874729179447195), 'pass': np.False_}
{'character': 'quinn', 'raw_axis': 'thigh_r/r0', 'cross_product_Nm': 0.2641184660157363, 'potential_derivative_Nm': np.float64(0.26411847584063053), 'absolute_error_Nm': np.float64(9.824894231513781e-09), 'pass': np.True_}
{'character': 'quinn', 'raw_axis': 'thigh_r/r1', 'cross_product_Nm': 0.10401023960076797, 'potential_derivative_Nm': np.float64(0.10401024678440039), 'absolute_error_Nm': np.float64(7.183632425022957e-09), 'pass': np.True_}
{'character': 'quinn', 'raw_axis': 'thigh_r/r2', 'cross_product_Nm': 0.039814671030376614, 'potential_derivative_Nm': np.float64(0.03981466389353939), 'absolute_error_Nm': np.float64(7.1368372253632906e-09), 'pass': np.True_}
{'character': 'quinn', 'raw_axis': 'thigh_r/r3', 'cross_product_Nm': -0.012437363734976361, 'potential_derivative_Nm': np.float64(-0.012437365195249699), 'absolute_error_Nm': np.float64(1.4602733380136845e-09), 'pass': np.True_}
{'character': 'quinn', 'raw_axis': 'foot_l/r0', 'cross_product_Nm': -0.019630071273477392, 'potential_derivative_Nm': np.float64(-0.019630078160743403), 'absolute_error_Nm': np.float64(6.8872660109742245e-09), 'pass': np.True_}
{'character': 'quinn', 'raw_axis': 'foot_l/r1', 'cross_product_Nm': 0.08272077425877193, 'potential_derivative_Nm': np.float64(0.08272077401303142), 'absolute_error_Nm': np.float64(2.4574051127324026e-10), 'pass': np.True_}
{'character': 'quinn', 'raw_axis': 'foot_r/r0', 'cross_product_Nm': -0.02186588604908248, 'potential_derivative_Nm': np.float64(-0.02186588495073499), 'absolute_error_Nm': np.float64(1.098347489347784e-09), 'pass': np.True_}
{'character': 'quinn', 'raw_axis': 'foot_r/r1', 'cross_product_Nm': 0.08272078696919787, 'potential_derivative_Nm': np.float64(0.0827207841908064), 'absolute_error_Nm': np.float64(2.7783914613443983e-09), 'pass': np.True_}
{'character': 'quinn', 'raw_axis': 'clavicle_l.protract/r0', 'cross_product_Nm': 0.0, 'potential_derivative_Nm': np.float64(-0.0), 'absolute_error_Nm': np.float64(0.0), 'pass': np.True_}
{'character': 'quinn', 'raw_axis': 'clavicle_l.elevate/r0', 'cross_product_Nm': -1.4436168512434846, 'potential_derivative_Nm': np.float64(-1.7302846657210835), 'absolute_error_Nm': np.float64(0.2866678144775989), 'pass': np.False_}
{'character': 'quinn', 'raw_axis': 'elbow_l.flex/r0', 'cross_product_Nm': 0.005013747739862765, 'potential_derivative_Nm': np.float64(0.005013742942104246), 'absolute_error_Nm': np.float64(4.797758518595985e-09), 'pass': np.True_}
{'character': 'quinn', 'raw_axis': 'forearm_l.twist/r0', 'cross_product_Nm': 0.026928989033131876, 'potential_derivative_Nm': np.float64(0.026929000279270532), 'absolute_error_Nm': np.float64(1.1246138655746085e-08), 'pass': np.True_}
{'character': 'quinn', 'raw_axis': 'hand_l.flex/r0', 'cross_product_Nm': -0.018142913976242583, 'potential_derivative_Nm': np.float64(-0.018142913893895943), 'absolute_error_Nm': np.float64(8.23466399235695e-11), 'pass': np.True_}
{'character': 'quinn', 'raw_axis': 'hand_l.deviate/r0', 'cross_product_Nm': 0.000138192356848887, 'potential_derivative_Nm': np.float64(0.0001381938286877172), 'absolute_error_Nm': np.float64(1.4718388302028488e-09), 'pass': np.True_}
{'character': 'quinn', 'raw_axis': 'calf_l.flex/r0', 'cross_product_Nm': 0.08272627980578401, 'potential_derivative_Nm': np.float64(0.08272627815374096), 'absolute_error_Nm': np.float64(1.652043044031437e-09), 'pass': np.True_}
{'character': 'quinn', 'raw_axis': 'ball_l.flex/r0', 'cross_product_Nm': -7.083746718736793e-05, 'potential_derivative_Nm': np.float64(-7.083731386555544e-05), 'absolute_error_Nm': np.float64(1.5332181249431975e-10), 'pass': np.True_}
{'character': 'quinn', 'raw_axis': 'clavicle_r.protract/r0', 'cross_product_Nm': 0.0, 'potential_derivative_Nm': np.float64(-0.0), 'absolute_error_Nm': np.float64(0.0), 'pass': np.True_}
{'character': 'quinn', 'raw_axis': 'clavicle_r.elevate/r0', 'cross_product_Nm': 1.5065856407471072, 'potential_derivative_Nm': np.float64(-1.7932523509494), 'absolute_error_Nm': np.float64(3.2998379916965073), 'pass': np.False_}
{'character': 'quinn', 'raw_axis': 'elbow_r.flex/r0', 'cross_product_Nm': 0.029353420570337803, 'potential_derivative_Nm': np.float64(0.029353421595204137), 'absolute_error_Nm': np.float64(1.0248663341594355e-09), 'pass': np.True_}
{'character': 'quinn', 'raw_axis': 'forearm_r.twist/r0', 'cross_product_Nm': 0.0005549824416724443, 'potential_derivative_Nm': np.float64(0.0005549859274766733), 'absolute_error_Nm': np.float64(3.4858042290315805e-09), 'pass': np.True_}
{'character': 'quinn', 'raw_axis': 'hand_r.flex/r0', 'cross_product_Nm': 0.018142913975987968, 'potential_derivative_Nm': np.float64(0.01814290575167596), 'absolute_error_Nm': np.float64(8.224312009197376e-09), 'pass': np.True_}
{'character': 'quinn', 'raw_axis': 'hand_r.deviate/r0', 'cross_product_Nm': 0.00012389987748419255, 'potential_derivative_Nm': np.float64(0.00012390016150484566), 'absolute_error_Nm': np.float64(2.8402065310631323e-10), 'pass': np.True_}
{'character': 'quinn', 'raw_axis': 'calf_r.flex/r0', 'cross_product_Nm': 0.08272629251620996, 'potential_derivative_Nm': np.float64(0.08272629850929093), 'absolute_error_Nm': np.float64(5.9930809759300985e-09), 'pass': np.True_}
{'character': 'quinn', 'raw_axis': 'ball_r.flex/r0', 'cross_product_Nm': -7.083746718736793e-05, 'potential_derivative_Nm': np.float64(-7.083731386555544e-05), 'absolute_error_Nm': np.float64(1.5332181249431975e-10), 'pass': np.True_}
{'character': 'manny', 'raw_axis': 'waist/r0', 'cross_product_Nm': 0.3148851845818291, 'potential_derivative_Nm': np.float64(0.11389213145529023), 'absolute_error_Nm': np.float64(0.2009930531265389), 'pass': np.False_}
{'character': 'manny', 'raw_axis': 'waist/r1', 'cross_product_Nm': -0.11986324131788645, 'potential_derivative_Nm': np.float64(-0.1189911132628577), 'absolute_error_Nm': np.float64(0.0008721280550287452), 'pass': np.False_}
{'character': 'manny', 'raw_axis': 'waist/r2', 'cross_product_Nm': -1.3519260195274808e-17, 'potential_derivative_Nm': np.float64(-0.0), 'absolute_error_Nm': np.float64(1.3519260195274808e-17), 'pass': np.True_}
{'character': 'manny', 'raw_axis': 'chest/r0', 'cross_product_Nm': -0.9889267722990157, 'potential_derivative_Nm': np.float64(-1.3648551826564597), 'absolute_error_Nm': np.float64(0.37592841035744395), 'pass': np.False_}
{'character': 'manny', 'raw_axis': 'chest/r1', 'cross_product_Nm': 1.5413076446526663, 'potential_derivative_Nm': np.float64(2.194651261239881), 'absolute_error_Nm': np.float64(0.6533436165872148), 'pass': np.False_}
{'character': 'manny', 'raw_axis': 'chest/r2', 'cross_product_Nm': -0.5024184404984428, 'potential_derivative_Nm': np.float64(-0.7752587624337949), 'absolute_error_Nm': np.float64(0.2728403219353521), 'pass': np.False_}
{'character': 'manny', 'raw_axis': 'head/r0', 'cross_product_Nm': 0.0, 'potential_derivative_Nm': np.float64(-0.0), 'absolute_error_Nm': np.float64(0.0), 'pass': np.True_}
{'character': 'manny', 'raw_axis': 'head/r1', 'cross_product_Nm': -0.04809813918221225, 'potential_derivative_Nm': np.float64(-0.048098141217042895), 'absolute_error_Nm': np.float64(2.0348306442596886e-09), 'pass': np.True_}
{'character': 'manny', 'raw_axis': 'head/r2', 'cross_product_Nm': 4.901957621498076e-07, 'potential_derivative_Nm': np.float64(4.905687540689328e-07), 'absolute_error_Nm': np.float64(3.729919191251852e-10), 'pass': np.True_}
{'character': 'manny', 'raw_axis': 'head/r3', 'cross_product_Nm': 0.0, 'potential_derivative_Nm': np.float64(-0.0), 'absolute_error_Nm': np.float64(0.0), 'pass': np.True_}
{'character': 'manny', 'raw_axis': 'upperarm_l/r0', 'cross_product_Nm': -0.6015846240119801, 'potential_derivative_Nm': np.float64(-0.601584638172462), 'absolute_error_Nm': np.float64(1.4160481898173316e-08), 'pass': np.True_}
{'character': 'manny', 'raw_axis': 'upperarm_l/r1', 'cross_product_Nm': -0.053806412217181944, 'potential_derivative_Nm': np.float64(-0.05380641145271897), 'absolute_error_Nm': np.float64(7.644629720915397e-10), 'pass': np.True_}
{'character': 'manny', 'raw_axis': 'upperarm_l/r2', 'cross_product_Nm': 0.08062002366873851, 'potential_derivative_Nm': np.float64(0.08062001611925852), 'absolute_error_Nm': np.float64(7.549479985602403e-09), 'pass': np.True_}
{'character': 'manny', 'raw_axis': 'upperarm_l/r3', 'cross_product_Nm': -0.006031149261619766, 'potential_derivative_Nm': np.float64(-0.006031135720278301), 'absolute_error_Nm': np.float64(1.3541341464806678e-08), 'pass': np.True_}
{'character': 'manny', 'raw_axis': 'upperarm_r/r0', 'cross_product_Nm': 0.644572104743118, 'potential_derivative_Nm': np.float64(-0.6445721094251495), 'absolute_error_Nm': np.float64(1.2891442141682674), 'pass': np.False_}
{'character': 'manny', 'raw_axis': 'upperarm_r/r1', 'cross_product_Nm': 0.044567671994458435, 'potential_derivative_Nm': np.float64(-0.044567670560633495), 'absolute_error_Nm': np.float64(0.08913534255509192), 'pass': np.False_}
{'character': 'manny', 'raw_axis': 'upperarm_r/r2', 'cross_product_Nm': -0.11059298924956679, 'potential_derivative_Nm': np.float64(0.11059298941086179), 'absolute_error_Nm': np.float64(0.22118597866042858), 'pass': np.False_}
{'character': 'manny', 'raw_axis': 'upperarm_r/r3', 'cross_product_Nm': 0.02008366592228207, 'potential_derivative_Nm': np.float64(-0.020083648667202556), 'absolute_error_Nm': np.float64(0.04016731458948462), 'pass': np.False_}
{'character': 'manny', 'raw_axis': 'thigh_l/r0', 'cross_product_Nm': -0.1613781115108274, 'potential_derivative_Nm': np.float64(0.16137812225389994), 'absolute_error_Nm': np.float64(0.32275623376472734), 'pass': np.False_}
{'character': 'manny', 'raw_axis': 'thigh_l/r1', 'cross_product_Nm': -0.08123688046091707, 'potential_derivative_Nm': np.float64(0.08123687477639777), 'absolute_error_Nm': np.float64(0.16247375523731483), 'pass': np.False_}
{'character': 'manny', 'raw_axis': 'thigh_l/r2', 'cross_product_Nm': 0.022643101842761734, 'potential_derivative_Nm': np.float64(-0.02264311480824486), 'absolute_error_Nm': np.float64(0.04528621665100659), 'pass': np.False_}
{'character': 'manny', 'raw_axis': 'thigh_l/r3', 'cross_product_Nm': 0.01441547182496844, 'potential_derivative_Nm': np.float64(-0.014415466651620393), 'absolute_error_Nm': np.float64(0.02883093847658883), 'pass': np.False_}
{'character': 'manny', 'raw_axis': 'thigh_r/r0', 'cross_product_Nm': 0.2537704280006843, 'potential_derivative_Nm': np.float64(0.25377043075563044), 'absolute_error_Nm': np.float64(2.754946160088423e-09), 'pass': np.True_}
{'character': 'manny', 'raw_axis': 'thigh_r/r1', 'cross_product_Nm': 0.10510666684840592, 'potential_derivative_Nm': np.float64(0.10510665777196948), 'absolute_error_Nm': np.float64(9.076436435773161e-09), 'pass': np.True_}
{'character': 'manny', 'raw_axis': 'thigh_r/r2', 'cross_product_Nm': 0.022354573999007046, 'potential_derivative_Nm': np.float64(0.022354572851987494), 'absolute_error_Nm': np.float64(1.1470195522556015e-09), 'pass': np.True_}
{'character': 'manny', 'raw_axis': 'thigh_r/r3', 'cross_product_Nm': -0.014415480234975046, 'potential_derivative_Nm': np.float64(-0.014415472758285381), 'absolute_error_Nm': np.float64(7.476689664956404e-09), 'pass': np.True_}
{'character': 'manny', 'raw_axis': 'foot_l/r0', 'cross_product_Nm': -0.019630071273477392, 'potential_derivative_Nm': np.float64(-0.019630063911858432), 'absolute_error_Nm': np.float64(7.361618960255445e-09), 'pass': np.True_}
{'character': 'manny', 'raw_axis': 'foot_l/r1', 'cross_product_Nm': 0.09679575738033074, 'potential_derivative_Nm': np.float64(0.09679575338044803), 'absolute_error_Nm': np.float64(3.999882702832025e-09), 'pass': np.True_}
{'character': 'manny', 'raw_axis': 'foot_r/r0', 'cross_product_Nm': -0.02186588604908248, 'potential_derivative_Nm': np.float64(-0.02186589105739998), 'absolute_error_Nm': np.float64(5.0083175003046154e-09), 'pass': np.True_}
{'character': 'manny', 'raw_axis': 'foot_r/r1', 'cross_product_Nm': 0.09679581722063715, 'potential_derivative_Nm': np.float64(0.0967958225893179), 'absolute_error_Nm': np.float64(5.368680749961996e-09), 'pass': np.True_}
{'character': 'manny', 'raw_axis': 'clavicle_l.protract/r0', 'cross_product_Nm': 0.0, 'potential_derivative_Nm': np.float64(-0.0), 'absolute_error_Nm': np.float64(0.0), 'pass': np.True_}
{'character': 'manny', 'raw_axis': 'clavicle_l.elevate/r0', 'cross_product_Nm': -1.5842466819363201, 'potential_derivative_Nm': np.float64(-1.9294428922587794), 'absolute_error_Nm': np.float64(0.3451962103224593), 'pass': np.False_}
{'character': 'manny', 'raw_axis': 'elbow_l.flex/r0', 'cross_product_Nm': 0.0050137477398626215, 'potential_derivative_Nm': np.float64(0.005013757190989219), 'absolute_error_Nm': np.float64(9.451126597483095e-09), 'pass': np.True_}
{'character': 'manny', 'raw_axis': 'forearm_l.twist/r0', 'cross_product_Nm': 0.026928989033131904, 'potential_derivative_Nm': np.float64(0.026928981959275566), 'absolute_error_Nm': np.float64(7.073856337497242e-09), 'pass': np.True_}
{'character': 'manny', 'raw_axis': 'hand_l.flex/r0', 'cross_product_Nm': -0.018142913976242583, 'potential_derivative_Nm': np.float64(-0.018142911858340948), 'absolute_error_Nm': np.float64(2.117901635317887e-09), 'pass': np.True_}
{'character': 'manny', 'raw_axis': 'hand_l.deviate/r0', 'cross_product_Nm': 0.00013819235684888842, 'potential_derivative_Nm': np.float64(0.0001381938286877172), 'absolute_error_Nm': np.float64(1.471838828793386e-09), 'pass': np.True_}
{'character': 'manny', 'raw_axis': 'calf_l.flex/r0', 'cross_product_Nm': 0.09680126292734281, 'potential_derivative_Nm': np.float64(0.09680126362782257), 'absolute_error_Nm': np.float64(7.004797575316246e-10), 'pass': np.True_}
{'character': 'manny', 'raw_axis': 'ball_l.flex/r0', 'cross_product_Nm': -7.083746718736793e-05, 'potential_derivative_Nm': np.float64(-7.083731386555544e-05), 'absolute_error_Nm': np.float64(1.5332181249431975e-10), 'pass': np.True_}
{'character': 'manny', 'raw_axis': 'clavicle_r.protract/r0', 'cross_product_Nm': 0.0, 'potential_derivative_Nm': np.float64(-0.0), 'absolute_error_Nm': np.float64(0.0), 'pass': np.True_}
{'character': 'manny', 'raw_axis': 'clavicle_r.elevate/r0', 'cross_product_Nm': 1.64721492775994, 'potential_derivative_Nm': np.float64(-1.9924119942333731), 'absolute_error_Nm': np.float64(3.639626921993313), 'pass': np.False_}
{'character': 'manny', 'raw_axis': 'elbow_r.flex/r0', 'cross_product_Nm': 0.029353420570337876, 'potential_derivative_Nm': np.float64(0.029353427701869127), 'absolute_error_Nm': np.float64(7.131531250953449e-09), 'pass': np.True_}
{'character': 'manny', 'raw_axis': 'forearm_r.twist/r0', 'cross_product_Nm': 0.000554982441672448, 'potential_derivative_Nm': np.float64(0.0005549655719267119), 'absolute_error_Nm': np.float64(1.6869745736187297e-08), 'pass': np.True_}
{'character': 'manny', 'raw_axis': 'hand_r.flex/r0', 'cross_product_Nm': 0.018142913975987968, 'potential_derivative_Nm': np.float64(0.018142913893895943), 'absolute_error_Nm': np.float64(8.209202415065953e-11), 'pass': np.True_}
{'character': 'manny', 'raw_axis': 'hand_r.deviate/r0', 'cross_product_Nm': 0.00012389987748418973, 'potential_derivative_Nm': np.float64(0.0001239042326148379), 'absolute_error_Nm': np.float64(4.355130648177547e-09), 'pass': np.True_}
{'character': 'manny', 'raw_axis': 'calf_r.flex/r0', 'cross_product_Nm': 0.09680132276764924, 'potential_derivative_Nm': np.float64(0.09680132469447246), 'absolute_error_Nm': np.float64(1.9268232148705877e-09), 'pass': np.True_}
{'character': 'manny', 'raw_axis': 'ball_r.flex/r0', 'cross_product_Nm': -7.083746718736793e-05, 'potential_derivative_Nm': np.float64(-7.083731386555544e-05), 'absolute_error_Nm': np.float64(1.5332181249431975e-10), 'pass': np.True_}
