TAIL quinn motion waist/C01_sensor_PCB (15.0, 2.0)
TAIL quinn motion waist/C02_sensor_PCB (15.0, 2.0)
TAIL quinn motion waist/P_sensor_PCB (15.0, 2.0)
TAIL quinn motion chest/C01_sensor_PCB (15.0, 2.0)
TAIL quinn motion chest/C02_sensor_PCB (15.0, 2.0)
TAIL quinn motion chest/P_sensor_PCB (15.0, 2.0)
TAIL quinn motion head/C01_sensor_PCB (15.0, 2.0)
TAIL quinn motion head/C02_sensor_PCB None
TAIL quinn motion head/P_sensor_PCB (15.0, 2.0)
TAIL quinn motion head/D_sensor_PCB (15.0, 2.0)
TAIL quinn motion upperarm_l/C01_sensor_PCB (15.0, 2.0)
TAIL quinn motion upperarm_l/C02_sensor_PCB None
TAIL quinn motion upperarm_l/P_sensor_PCB (15.0, 2.0)
TAIL quinn motion upperarm_l/D_sensor_PCB (15.0, 2.0)
TAIL quinn motion upperarm_r/C01_sensor_PCB (15.0, 2.0)
TAIL quinn motion upperarm_r/C02_sensor_PCB None
TAIL quinn motion upperarm_r/P_sensor_PCB (15.0, 2.0)
TAIL quinn motion upperarm_r/D_sensor_PCB (15.0, 2.0)
TAIL quinn motion thigh_l/C01_sensor_PCB (15.0, 2.0)
TAIL quinn motion thigh_l/C02_sensor_PCB (15.0, 2.0)
TAIL quinn motion thigh_l/P_sensor_PCB (15.0, 2.0)
TAIL quinn motion thigh_l/D_sensor_PCB (15.0, 2.0)
TAIL quinn motion thigh_r/C01_sensor_PCB (15.0, 2.0)
TAIL quinn motion thigh_r/C02_sensor_PCB (15.0, 2.0)
TAIL quinn motion thigh_r/P_sensor_PCB (15.0, 2.0)
TAIL quinn motion thigh_r/D_sensor_PCB (15.0, 2.0)
TAIL quinn motion foot_l/C01_sensor_PCB (15.0, 2.0)
TAIL quinn motion foot_l/C02_sensor_PCB (15.0, 2.0)
TAIL quinn motion foot_r/C01_sensor_PCB (15.0, 2.0)
TAIL quinn motion foot_r/C02_sensor_PCB (15.0, 2.0)
TAIL quinn motion clavicle_l.protract/sensor_PCB (15.0, 2.0)
TAIL quinn motion clavicle_l.elevate/sensor_PCB (15.0, 2.0)
TAIL quinn motion elbow_l.flex/sensor_PCB (15.0, 2.0)
TAIL quinn motion forearm_l.twist/sensor_PCB (15.0, 2.0)
TAIL quinn motion hand_l.flex/sensor_PCB (15.0, 2.0)
TAIL quinn motion hand_l.deviate/sensor_PCB (15.0, 2.0)
TAIL quinn motion calf_l.flex/sensor_PCB (15.0, 2.0)
TAIL quinn motion ball_l.flex/sensor_PCB (15.0, 2.0)
TAIL quinn motion clavicle_r.protract/sensor_PCB (15.0, 2.0)
TAIL quinn motion clavicle_r.elevate/sensor_PCB (15.0, 2.0)
TAIL quinn motion elbow_r.flex/sensor_PCB (15.0, 2.0)
TAIL quinn motion forearm_r.twist/sensor_PCB (15.0, 2.0)
TAIL quinn motion hand_r.flex/sensor_PCB (15.0, 2.0)
TAIL quinn motion hand_r.deviate/sensor_PCB (15.0, 2.0)
TAIL quinn motion calf_r.flex/sensor_PCB (15.0, 2.0)
TAIL quinn motion ball_r.flex/sensor_PCB (15.0, 2.0)
