TAIL quinn assembly waist/C01_sensor_PCB (15.0, 2.0)
TAIL quinn assembly waist/C02_sensor_PCB (15.0, 2.0)
TAIL quinn assembly waist/P_sensor_PCB (15.0, 2.0)
TAIL quinn assembly chest/C01_sensor_PCB (15.0, 2.0)
TAIL quinn assembly chest/C02_sensor_PCB (15.0, 2.0)
TAIL quinn assembly chest/P_sensor_PCB (15.0, 2.0)
TAIL quinn assembly head/C01_sensor_PCB (15.0, 2.0)
TAIL quinn assembly head/C02_sensor_PCB (15.0, 2.0)
TAIL quinn assembly head/P_sensor_PCB (15.0, 2.0)
TAIL quinn assembly head/D_sensor_PCB (15.0, 2.0)
TAIL quinn assembly upperarm_l/C01_sensor_PCB (15.0, 2.0)
TAIL quinn assembly upperarm_l/C02_sensor_PCB (15.0, 2.0)
TAIL quinn assembly upperarm_l/P_sensor_PCB (15.0, 2.0)
TAIL quinn assembly upperarm_l/D_sensor_PCB (15.0, 2.0)
TAIL quinn assembly upperarm_r/C01_sensor_PCB (15.0, 2.0)
TAIL quinn assembly upperarm_r/C02_sensor_PCB (15.0, 2.0)
TAIL quinn assembly upperarm_r/P_sensor_PCB (15.0, 2.0)
TAIL quinn assembly upperarm_r/D_sensor_PCB (15.0, 2.0)
TAIL quinn assembly thigh_l/C01_sensor_PCB (15.0, 2.0)
TAIL quinn assembly thigh_l/C02_sensor_PCB (15.0, 2.0)
TAIL quinn assembly thigh_l/P_sensor_PCB (15.0, 2.0)
TAIL quinn assembly thigh_l/D_sensor_PCB (15.0, 2.0)
TAIL quinn assembly thigh_r/C01_sensor_PCB (15.0, 2.0)
TAIL quinn assembly thigh_r/C02_sensor_PCB (15.0, 2.0)
TAIL quinn assembly thigh_r/P_sensor_PCB (15.0, 2.0)
TAIL quinn assembly thigh_r/D_sensor_PCB (15.0, 2.0)
TAIL quinn assembly foot_l/C01_sensor_PCB (15.0, 2.0)
TAIL quinn assembly foot_l/C02_sensor_PCB (15.0, 2.0)
TAIL quinn assembly foot_r/C01_sensor_PCB (15.0, 2.0)
TAIL quinn assembly foot_r/C02_sensor_PCB (15.0, 2.0)
TAIL quinn assembly clavicle_l.protract/sensor_PCB (15.0, 2.0)
TAIL quinn assembly clavicle_l.elevate/sensor_PCB (15.0, 2.0)
TAIL quinn assembly elbow_l.flex/sensor_PCB (15.0, 2.0)
TAIL quinn assembly forearm_l.twist/sensor_PCB (15.0, 2.0)
TAIL quinn assembly hand_l.flex/sensor_PCB (15.0, 2.0)
TAIL quinn assembly hand_l.deviate/sensor_PCB (15.0, 2.0)
TAIL quinn assembly calf_l.flex/sensor_PCB (15.0, 2.0)
TAIL quinn assembly ball_l.flex/sensor_PCB (15.0, 2.0)
TAIL quinn assembly clavicle_r.protract/sensor_PCB (15.0, 2.0)
TAIL quinn assembly clavicle_r.elevate/sensor_PCB (15.0, 2.0)
TAIL quinn assembly elbow_r.flex/sensor_PCB (15.0, 2.0)
TAIL quinn assembly forearm_r.twist/sensor_PCB (15.0, 2.0)
TAIL quinn assembly hand_r.flex/sensor_PCB (15.0, 2.0)
TAIL quinn assembly hand_r.deviate/sensor_PCB (15.0, 2.0)
TAIL quinn assembly calf_r.flex/sensor_PCB (15.0, 2.0)
TAIL quinn assembly ball_r.flex/sensor_PCB (15.0, 2.0)
