TAIL manny motion waist/C01_sensor_PCB (15.0, 2.0)
TAIL manny motion waist/C02_sensor_PCB (15.0, 2.0)
TAIL manny motion waist/P_sensor_PCB (15.0, 2.0)
TAIL manny motion chest/C01_sensor_PCB (15.0, 2.0)
TAIL manny motion chest/C02_sensor_PCB (15.0, 2.0)
TAIL manny motion chest/P_sensor_PCB (15.0, 2.0)
TAIL manny motion head/C01_sensor_PCB (15.0, 2.0)
TAIL manny motion head/C02_sensor_PCB (15.0, 2.0)
TAIL manny motion head/P_sensor_PCB (15.0, 2.0)
TAIL manny motion head/D_sensor_PCB (15.0, 2.0)
TAIL manny motion upperarm_l/C01_sensor_PCB (15.0, 2.0)
TAIL manny motion upperarm_l/C02_sensor_PCB (15.0, 2.0)
TAIL manny motion upperarm_l/P_sensor_PCB (15.0, 2.0)
TAIL manny motion upperarm_l/D_sensor_PCB (15.0, 2.0)
TAIL manny motion upperarm_r/C01_sensor_PCB (15.0, 2.0)
TAIL manny motion upperarm_r/C02_sensor_PCB (15.0, 2.0)
TAIL manny motion upperarm_r/P_sensor_PCB (15.0, 2.0)
TAIL manny motion upperarm_r/D_sensor_PCB (15.0, 2.0)
TAIL manny motion thigh_l/C01_sensor_PCB (15.0, 2.0)
TAIL manny motion thigh_l/C02_sensor_PCB (15.0, 2.0)
TAIL manny motion thigh_l/P_sensor_PCB None
TAIL manny motion thigh_l/D_sensor_PCB (15.0, 2.0)
TAIL manny motion thigh_r/C01_sensor_PCB (15.0, 2.0)
TAIL manny motion thigh_r/C02_sensor_PCB (15.0, 2.0)
TAIL manny motion thigh_r/P_sensor_PCB (15.0, 2.0)
TAIL manny motion thigh_r/D_sensor_PCB (15.0, 2.0)
TAIL manny motion foot_l/C01_sensor_PCB (15.0, 2.0)
TAIL manny motion foot_l/C02_sensor_PCB (15.0, 2.0)
TAIL manny motion foot_r/C01_sensor_PCB (15.0, 2.0)
TAIL manny motion foot_r/C02_sensor_PCB (15.0, 2.0)
TAIL manny motion clavicle_l.protract/sensor_PCB (15.0, 2.0)
TAIL manny motion clavicle_l.elevate/sensor_PCB (15.0, 2.0)
TAIL manny motion elbow_l.flex/sensor_PCB None
TAIL manny motion forearm_l.twist/sensor_PCB None
TAIL manny motion hand_l.flex/sensor_PCB (15.0, 2.0)
TAIL manny motion hand_l.deviate/sensor_PCB (15.0, 2.0)
TAIL manny motion calf_l.flex/sensor_PCB (15.0, 2.0)
TAIL manny motion ball_l.flex/sensor_PCB (15.0, 2.0)
TAIL manny motion clavicle_r.protract/sensor_PCB (15.0, 2.0)
TAIL manny motion clavicle_r.elevate/sensor_PCB (15.0, 2.0)
TAIL manny motion elbow_r.flex/sensor_PCB (15.0, 2.0)
TAIL manny motion forearm_r.twist/sensor_PCB (15.0, 2.0)
TAIL manny motion hand_r.flex/sensor_PCB (15.0, 2.0)
TAIL manny motion hand_r.deviate/sensor_PCB (15.0, 2.0)
TAIL manny motion calf_r.flex/sensor_PCB (15.0, 2.0)
TAIL manny motion ball_r.flex/sensor_PCB (15.0, 2.0)
