Could not add 3D model for J1.
File not found: ${KICAD10_3DMODEL_DIR}/Connector_JST.3dshapes/JST_PH_B2B-PH-SM4-TB_1x02-1MP_P2.00mm_Vertical.step
Could not add 3D model for U15.
File not found: ${KICAD10_3DMODEL_DIR}/Package_DFN_QFN.3dshapes/DHWQFN-14-1EP_2.5x3mm_P0.5mm_EP1x1.5mm.step
Could not add 3D model for L1.
File not found: ${KICAD10_3DMODEL_DIR}/Inductor_SMD.3dshapes/L_Taiyo-Yuden_NR-40xx.step
Could not add 3D model for U12.
File not found: ${KICAD10_3DMODEL_DIR}/Package_DFN_QFN.3dshapes/DHWQFN-14-1EP_2.5x3mm_P0.5mm_EP1x1.5mm.step
Could not add 3D model for U51.
File not found: ${KICAD10_3DMODEL_DIR}/Package_DFN_QFN.3dshapes/DHWQFN-14-1EP_2.5x3mm_P0.5mm_EP1x1.5mm.step
Could not add 3D model for U2.
File not found: ${KICAD10_3DMODEL_DIR}/Package_SON.3dshapes/Texas_DSG0008A_WSON-8-1EP_2x2mm_P0.5mm_EP0.9x1.6mm.step
Could not add 3D model for U14.
File not found: ${KICAD10_3DMODEL_DIR}/Package_DFN_QFN.3dshapes/DHWQFN-14-1EP_2.5x3mm_P0.5mm_EP1x1.5mm.step
Could not add 3D model for U50.
File not found: ${KICAD10_3DMODEL_DIR}/Package_DFN_QFN.3dshapes/DHWQFN-14-1EP_2.5x3mm_P0.5mm_EP1x1.5mm.step
Could not add 3D model for U13.
File not found: ${KICAD10_3DMODEL_DIR}/Package_DFN_QFN.3dshapes/DHWQFN-14-1EP_2.5x3mm_P0.5mm_EP1x1.5mm.step
Could not add 3D model for U11.
File not found: ${KICAD10_3DMODEL_DIR}/Package_DFN_QFN.3dshapes/DHWQFN-14-1EP_2.5x3mm_P0.5mm_EP1x1.5mm.step
STEP file 'E:/UnrealProjects/PoseDollLab_UE58_Design/PoseDoll_HW44_Plan/design/Hardware/PoseDoll44/generated/revO3/runs/o3_20260924_r1/electronics/proximal5/PoseDoll_RevO3_proximal5.step' created.

Export time 2.290 s
